<html>
<body>
<pre>
<h1>µVision Build Log</h1>
<h2>Tool Versions:</h2>
IDE-Version: ¦ÌVision V5.18.0.0
Copyright (C) 2016 ARM Ltd and ARM Germany GmbH. All rights reserved.
License Information: feng Administrator, dewod, LIC=HN0AE-5FP3P-45LT5-GG8Q1-WDZA0-NPKNQ
 
Tool Versions:
Toolchain:       MDK-ARM Standard  Version: 5.18
Toolchain Path:  C:\Keil uvision5 C51\MDK5\ARM\ARMCC\Bin
C Compiler:      Armcc.exe V5.06 update 1 (build 61)
Assembler:       Armasm.exe V5.06 update 1 (build 61)
Linker/Locator:  ArmLink.exe V5.06 update 1 (build 61)
Library Manager: ArmAr.exe V5.06 update 1 (build 61)
Hex Converter:   FromElf.exe V5.06 update 1 (build 61)
CPU DLL:         SARMCM3.DLL V5.18
Dialog DLL:      DCM.DLL V1.13.6.0
Target DLL:      STLink\ST-LINKIII-KEIL_SWO.dll V2.0.18.0
Dialog DLL:      TCM.DLL V1.14.8.0
 
<h2>Project:</h2>
C:\Users\Administrator\Desktop\NRF24L01 Long-Range Communication\version_2.0\master\stm32_master.uvprojx
Project File Date:  09/02/2026

<h2>Output:</h2>
*** Using Compiler 'V5.06 update 1 (build 61)', folder: 'C:\Keil uvision5 C51\MDK5\ARM\ARMCC\Bin'
Build target 'Target 1'
assembling startup_stm32f10x_md.s...
compiling app_protocol.c...
compiling core_cm3.c...
compiling system_stm32f10x.c...
compiling stm32f10x_adc.c...
compiling misc.c...
compiling stm32f10x_cec.c...
compiling stm32f10x_bkp.c...
compiling nrf24.c...
compiling stm32f10x_can.c...
compiling stm32f10x_dac.c...
compiling stm32f10x_dbgmcu.c...
compiling stm32f10x_dma.c...
compiling stm32f10x_crc.c...
compiling stm32f10x_exti.c...
compiling stm32f10x_fsmc.c...
compiling stm32f10x_flash.c...
compiling stm32f10x_iwdg.c...
compiling stm32f10x_gpio.c...
compiling stm32f10x_pwr.c...
compiling stm32f10x_rtc.c...
compiling stm32f10x_i2c.c...
compiling stm32f10x_sdio.c...
compiling stm32f10x_rcc.c...
compiling stm32f10x_spi.c...
compiling stm32f10x_it.c...
compiling stm32f10x_wwdg.c...
compiling stm32f10x_usart.c...
compiling stm32f10x_tim.c...
compiling main.c...
User\main.c(115): warning:  #177-D: variable "rf_frame" was declared but never referenced
  static uint8_t rf_frame[32], rf_expected, rf_node, rf_attempts, rf_cmd;
User\main.c(115): warning:  #177-D: variable "rf_cmd" was declared but never referenced
  static uint8_t rf_frame[32], rf_expected, rf_node, rf_attempts, rf_cmd;
User\main.c(116): warning:  #177-D: variable "seq_next" was declared but never referenced
  static uint16_t rf_seq, seq_next, master_boot;
User\main.c(117): warning:  #177-D: variable "rf_retry" was declared but never referenced
  static uint32_t rf_deadline, rf_retry, rf_cmd_id, rf_cmd_value;
User\main.c(117): warning:  #177-D: variable "rf_cmd_value" was declared but never referenced
  static uint32_t rf_deadline, rf_retry, rf_cmd_id, rf_cmd_value;
User\main.c: 5 warnings, 0 errors
linking...
Program Size: Code=15440 RO-data=968 RW-data=136 ZI-data=7336  
".\stm32_master.axf" - 0 Error(s), 5 Warning(s).

<h2>Collection of Component include folders:</h2>
  C:\Users\Administrator\Desktop\NRF24L01 Long-Range Communication\version_2.0\master\RTE
  C:\Keil uvision5 C51\Package\Keil\STM32F1xx_DFP\2.3.0\Device\Include

<h2>Collection of Component Files used:</h2>
Build Time Elapsed:  00:00:06
</pre>
</body>
</html>
