<html>
<body>
<pre>
<h1>µVision Build Log</h1>
<h2>Tool Versions:</h2>
IDE-Version: ¦ÌVision V5.18.0.0
Copyright (C) 2016 ARM Ltd and ARM Germany GmbH. All rights reserved.
License Information: feng Administrator, dewod, LIC=HN0AE-5FP3P-45LT5-GG8Q1-WDZA0-NPKNQ
 
Tool Versions:
Toolchain:       MDK-ARM Standard  Version: 5.18
Toolchain Path:  C:\Keil uvision5 C51\MDK5\ARM\ARMCC\Bin
C Compiler:      Armcc.exe V5.06 update 1 (build 61)
Assembler:       Armasm.exe V5.06 update 1 (build 61)
Linker/Locator:  ArmLink.exe V5.06 update 1 (build 61)
Library Manager: ArmAr.exe V5.06 update 1 (build 61)
Hex Converter:   FromElf.exe V5.06 update 1 (build 61)
CPU DLL:         SARMCM3.DLL V5.18
Dialog DLL:      DCM.DLL V1.13.6.0
Target DLL:      STLink\ST-LINKIII-KEIL_SWO.dll V2.0.18.0
Dialog DLL:      TCM.DLL V1.14.8.0
 
<h2>Project:</h2>
C:\Users\Administrator\Desktop\NRF24L01 Long-Range Communication\version_2.0\master\stm32_master.uvprojx
Project File Date:  09/07/2026

<h2>Output:</h2>
*** Using Compiler 'V5.06 update 1 (build 61)', folder: 'C:\Keil uvision5 C51\MDK5\ARM\ARMCC\Bin'
Build target 'Target 1'
compiling app_protocol.c...
compiling main.c...
User\main.c(136): warning:  #9-D: nested comment is not allowed
  // static uint8_t rf_command_active;        /* æ ?è®?å½?å‰?æ˜?å?æœ?æ­?åœ?å?é€?çš?å‘?ä»? */
User\main.c(256): warning:  #177-D: variable "rf_frame" was declared but never referenced
  static uint8_t rf_frame[32];       /* å½?å‰?æ­?åœ?æ?å»?æˆ?å?é€?çš?å¸?ç¼?å†?åŒ? */
User\main.c(260): warning:  #177-D: variable "rf_cmd" was declared but never referenced
  static uint8_t rf_cmd;             /* é¢?ç•?ï¼?å½?å‰?å‘?ä»?ä»?ç ? */
User\main.c(261): warning:  #177-D: variable "seq_next" was declared but never referenced
  static uint16_t rf_seq, seq_next, master_boot; /* å¸?åº?åˆ?å?ã€?ä¸?ä¸€ä¸?åº?åˆ?å?ã€?ä¸?æœ?å?åŠ? ID */
User\main.c(262): warning:  #177-D: variable "rf_retry" was declared but never referenced
  static uint32_t rf_deadline, rf_retry, rf_cmd_id, rf_cmd_value; /* è¶?æ—?æ—?é—?ã€?é‡?è¯?é—?éš?ã€?å‘?ä»? IDã€?å‘?ä»?å€? */
User\main.c(262): warning:  #177-D: variable "rf_cmd_value" was declared but never referenced
  static uint32_t rf_deadline, rf_retry, rf_cmd_id, rf_cmd_value; /* è¶?æ—?æ—?é—?ã€?é‡?è¯?é—?éš?ã€?å‘?ä»? IDã€?å‘?ä»?å€? */
User\main.c: 6 warnings, 0 errors
linking...
Program Size: Code=15456 RO-data=972 RW-data=136 ZI-data=7336  
".\stm32_master.axf" - 0 Error(s), 6 Warning(s).

<h2>Collection of Component include folders:</h2>
  C:\Users\Administrator\Desktop\NRF24L01 Long-Range Communication\version_2.0\master\RTE
  C:\Keil uvision5 C51\Package\Keil\STM32F1xx_DFP\2.3.0\Device\Include

<h2>Collection of Component Files used:</h2>
Build Time Elapsed:  00:00:01
</pre>
</body>
</html>
