Component: ARM Compiler 5.06 update 1 (build 61) Tool: armlink [4d35a8]

==============================================================================

Section Cross References

    app_protocol.o(i.app_build_frame) refers to rt_memclr.o(.text) for __aeabi_memclr
    app_protocol.o(i.app_build_frame) refers to rt_memcpy_v6.o(.text) for __aeabi_memcpy
    app_protocol.o(i.app_build_frame) refers to app_protocol.o(i.app_crc16) for app_crc16
    app_protocol.o(i.app_validate_frame) refers to app_protocol.o(i.app_crc16) for app_crc16
    nrf24.o(i.ce_high) refers to stm32f10x_gpio.o(i.GPIO_SetBits) for GPIO_SetBits
    nrf24.o(i.ce_low) refers to stm32f10x_gpio.o(i.GPIO_ResetBits) for GPIO_ResetBits
    nrf24.o(i.command) refers to nrf24.o(i.csn_low) for csn_low
    nrf24.o(i.command) refers to nrf24.o(i.spi_rw) for spi_rw
    nrf24.o(i.command) refers to nrf24.o(i.csn_high) for csn_high
    nrf24.o(i.csn_high) refers to stm32f10x_gpio.o(i.GPIO_SetBits) for GPIO_SetBits
    nrf24.o(i.csn_low) refers to stm32f10x_gpio.o(i.GPIO_ResetBits) for GPIO_ResetBits
    nrf24.o(i.nrf24_clear_irqs) refers to nrf24.o(i.write_reg) for write_reg
    nrf24.o(i.nrf24_init) refers to stm32f10x_rcc.o(i.RCC_APB2PeriphClockCmd) for RCC_APB2PeriphClockCmd
    nrf24.o(i.nrf24_init) refers to stm32f10x_gpio.o(i.GPIO_Init) for GPIO_Init
    nrf24.o(i.nrf24_init) refers to stm32f10x_gpio.o(i.GPIO_ResetBits) for GPIO_ResetBits
    nrf24.o(i.nrf24_init) refers to nrf24.o(i.csn_high) for csn_high
    nrf24.o(i.nrf24_init) refers to nrf24.o(i.ce_low) for ce_low
    nrf24.o(i.nrf24_init) refers to main.o(i.millis) for millis
    nrf24.o(i.nrf24_init) refers to nrf24.o(i.write_reg) for write_reg
    nrf24.o(i.nrf24_init) refers to nrf24.o(i.command) for command
    nrf24.o(i.nrf24_init) refers to nrf24.o(i.nrf24_clear_irqs) for nrf24_clear_irqs
    nrf24.o(i.nrf24_is_present) refers to nrf24.o(i.read_reg) for read_reg
    nrf24.o(i.nrf24_is_present) refers to nrf24.o(i.command) for command
    nrf24.o(i.nrf24_is_present) refers to nrf24.o(i.write_reg) for write_reg
    nrf24.o(i.nrf24_read_address) refers to nrf24.o(i.read_buf) for read_buf
    nrf24.o(i.nrf24_read_register) refers to nrf24.o(i.read_reg) for read_reg
    nrf24.o(i.nrf24_receive) refers to nrf24.o(i.read_reg) for read_reg
    nrf24.o(i.nrf24_receive) refers to nrf24.o(i.read_buf) for read_buf
    nrf24.o(i.nrf24_receive) refers to nrf24.o(i.write_reg) for write_reg
    nrf24.o(i.nrf24_send) refers to nrf24.o(i.ce_low) for ce_low
    nrf24.o(i.nrf24_send) refers to nrf24.o(i.write_reg) for write_reg
    nrf24.o(i.nrf24_send) refers to nrf24.o(i.write_buf) for write_buf
    nrf24.o(i.nrf24_send) refers to nrf24.o(i.command) for command
    nrf24.o(i.nrf24_send) refers to nrf24.o(i.nrf24_clear_irqs) for nrf24_clear_irqs
    nrf24.o(i.nrf24_send) refers to nrf24.o(i.delay_us) for delay_us
    nrf24.o(i.nrf24_send) refers to nrf24.o(i.ce_high) for ce_high
    nrf24.o(i.nrf24_send) refers to main.o(i.millis) for millis
    nrf24.o(i.nrf24_send) refers to nrf24.o(i.read_reg) for read_reg
    nrf24.o(i.nrf24_start_listening) refers to nrf24.o(i.ce_low) for ce_low
    nrf24.o(i.nrf24_start_listening) refers to nrf24.o(i.write_buf) for write_buf
    nrf24.o(i.nrf24_start_listening) refers to nrf24.o(i.nrf24_clear_irqs) for nrf24_clear_irqs
    nrf24.o(i.nrf24_start_listening) refers to nrf24.o(i.write_reg) for write_reg
    nrf24.o(i.nrf24_start_listening) refers to nrf24.o(i.ce_high) for ce_high
    nrf24.o(i.nrf24_start_listening) refers to nrf24.o(i.delay_us) for delay_us
    nrf24.o(i.read_buf) refers to nrf24.o(i.csn_low) for csn_low
    nrf24.o(i.read_buf) refers to nrf24.o(i.spi_rw) for spi_rw
    nrf24.o(i.read_buf) refers to nrf24.o(i.csn_high) for csn_high
    nrf24.o(i.read_reg) refers to nrf24.o(i.csn_low) for csn_low
    nrf24.o(i.read_reg) refers to nrf24.o(i.spi_rw) for spi_rw
    nrf24.o(i.read_reg) refers to nrf24.o(i.csn_high) for csn_high
    nrf24.o(i.spi_rw) refers to stm32f10x_gpio.o(i.GPIO_SetBits) for GPIO_SetBits
    nrf24.o(i.spi_rw) refers to stm32f10x_gpio.o(i.GPIO_ResetBits) for GPIO_ResetBits
    nrf24.o(i.spi_rw) refers to nrf24.o(i.spi_bit_delay) for spi_bit_delay
    nrf24.o(i.spi_rw) refers to stm32f10x_gpio.o(i.GPIO_ReadInputDataBit) for GPIO_ReadInputDataBit
    nrf24.o(i.write_buf) refers to nrf24.o(i.csn_low) for csn_low
    nrf24.o(i.write_buf) refers to nrf24.o(i.spi_rw) for spi_rw
    nrf24.o(i.write_buf) refers to nrf24.o(i.csn_high) for csn_high
    nrf24.o(i.write_reg) refers to nrf24.o(i.csn_low) for csn_low
    nrf24.o(i.write_reg) refers to nrf24.o(i.spi_rw) for spi_rw
    nrf24.o(i.write_reg) refers to nrf24.o(i.csn_high) for csn_high
    startup_stm32f10x_md.o(STACK) refers (Special) to heapauxi.o(.text) for __use_two_region_memory
    startup_stm32f10x_md.o(HEAP) refers (Special) to heapauxi.o(.text) for __use_two_region_memory
    startup_stm32f10x_md.o(RESET) refers (Special) to heapauxi.o(.text) for __use_two_region_memory
[...]
    Removing stm32f10x_usart.o(i.USART_SmartCardCmd), (24 bytes).
    Removing stm32f10x_usart.o(i.USART_SmartCardNACKCmd), (24 bytes).
    Removing stm32f10x_usart.o(i.USART_WakeUpConfig), (18 bytes).
    Removing stm32f10x_wwdg.o(i.WWDG_ClearFlag), (12 bytes).
    Removing stm32f10x_wwdg.o(i.WWDG_DeInit), (22 bytes).
    Removing stm32f10x_wwdg.o(i.WWDG_Enable), (16 bytes).
    Removing stm32f10x_wwdg.o(i.WWDG_EnableIT), (12 bytes).
    Removing stm32f10x_wwdg.o(i.WWDG_GetFlagStatus), (12 bytes).
    Removing stm32f10x_wwdg.o(i.WWDG_SetCounter), (16 bytes).
    Removing stm32f10x_wwdg.o(i.WWDG_SetPrescaler), (24 bytes).
    Removing stm32f10x_wwdg.o(i.WWDG_SetWindowValue), (40 bytes).

461 unused section(s) (total 18165 bytes) removed from the image.

==============================================================================

Image Symbol Table

    Local Symbols

    Symbol Name                              Value     Ov Type        Size  Object(Section)

    ../clib/angel/boardlib.s                 0x00000000   Number         0  boardshut.o ABSOLUTE
    ../clib/angel/boardlib.s                 0x00000000   Number         0  boardinit3.o ABSOLUTE
    ../clib/angel/boardlib.s                 0x00000000   Number         0  boardinit2.o ABSOLUTE
    ../clib/angel/boardlib.s                 0x00000000   Number         0  boardinit1.o ABSOLUTE
    ../clib/angel/handlers.s                 0x00000000   Number         0  __scatter_copy.o ABSOLUTE
    ../clib/angel/handlers.s                 0x00000000   Number         0  __scatter_zi.o ABSOLUTE
    ../clib/angel/kernel.s                   0x00000000   Number         0  __rtentry2.o ABSOLUTE
    ../clib/angel/kernel.s                   0x00000000   Number         0  rtexit2.o ABSOLUTE
    ../clib/angel/kernel.s                   0x00000000   Number         0  rtexit.o ABSOLUTE
    ../clib/angel/kernel.s                   0x00000000   Number         0  __rtentry.o ABSOLUTE
    ../clib/angel/kernel.s                   0x00000000   Number         0  __rtentry4.o ABSOLUTE
    ../clib/angel/rt.s                       0x00000000   Number         0  rt_ctype_table.o ABSOLUTE
    ../clib/angel/rt.s                       0x00000000   Number         0  rt_errno_addr.o ABSOLUTE
    ../clib/angel/rt.s                       0x00000000   Number         0  rt_errno_addr_intlibspace.o ABSOLUTE
    ../clib/angel/rt.s                       0x00000000   Number         0  rt_raise.o ABSOLUTE
    ../clib/angel/rt.s                       0x00000000   Number         0  rt_locale_intlibspace.o ABSOLUTE
    ../clib/angel/rt.s                       0x00000000   Number         0  rt_locale.o ABSOLUTE
    ../clib/angel/scatter.s                  0x00000000   Number         0  __scatter.o ABSOLUTE
    ../clib/angel/startup.s                  0x00000000   Number         0  __main.o ABSOLUTE
    ../clib/angel/sys.s                      0x00000000   Number         0  use_no_semi.o ABSOLUTE
    ../clib/angel/sys.s                      0x00000000   Number         0  libspace.o ABSOLUTE
    ../clib/angel/sys.s                      0x00000000   Number         0  indicate_semi.o ABSOLUTE
    ../clib/angel/sys.s                      0x00000000   Number         0  sys_stackheap_outer.o ABSOLUTE
    ../clib/angel/sysapp.c                   0x00000000   Number         0  sys_command.o ABSOLUTE
    ../clib/angel/sysapp.c                   0x00000000   Number         0  sys_exit.o ABSOLUTE
    ../clib/angel/sysapp.c                   0x00000000   Number         0  sys_wrch.o ABSOLUTE
    ../clib/armsys.c                         0x00000000   Number         0  no_argv.o ABSOLUTE
    ../clib/armsys.c                         0x00000000   Number         0  _get_argv_nomalloc.o ABSOLUTE
    ../clib/armsys.c                         0x00000000   Number         0  argv_veneer.o ABSOLUTE
    ../clib/armsys.c                         0x00000000   Number         0  argv_veneer.o ABSOLUTE
    ../clib/heapalloc.c                      0x00000000   Number         0  hrguard.o ABSOLUTE
    ../clib/heapaux.c                        0x00000000   Number         0  heapauxi.o ABSOLUTE
    ../clib/libinit.s                        0x00000000   Number         0  libshutdown2.o ABSOLUTE
    ../clib/libinit.s                        0x00000000   Number         0  libinit.o ABSOLUTE
    ../clib/libinit.s                        0x00000000   Number         0  libshutdown.o ABSOLUTE
    ../clib/libinit.s                        0x00000000   Number         0  libinit2.o ABSOLUTE
    ../clib/locale.s                         0x00000000   Number         0  lc_ctype_c.o ABSOLUTE
    ../clib/memcpset.s                       0x00000000   Number         0  strncpy.o ABSOLUTE
    ../clib/memcpset.s                       0x00000000   Number         0  rt_memcpy_v6.o ABSOLUTE
    ../clib/memcpset.s                       0x00000000   Number         0  strcmpv7m.o ABSOLUTE
    ../clib/memcpset.s                       0x00000000   Number         0  rt_memclr.o ABSOLUTE
    ../clib/memcpset.s                       0x00000000   Number         0  rt_memclr_w.o ABSOLUTE
    ../clib/memcpset.s                       0x00000000   Number         0  rt_memcpy_w.o ABSOLUTE
    ../clib/misc.s                           0x00000000   Number         0  printf_stubs.o ABSOLUTE
    ../clib/printf.c                         0x00000000   Number         0  __printf_flags_ss_wp.o ABSOLUTE
    ../clib/printf.c                         0x00000000   Number         0  __printf_ss_wp.o ABSOLUTE
    ../clib/printf.c                         0x00000000   Number         0  __printf_flags_wp.o ABSOLUTE
    ../clib/printf.c                         0x00000000   Number         0  __printf_wp.o ABSOLUTE
    ../clib/printf.c                         0x00000000   Number         0  __printf_flags_ss.o ABSOLUTE
    ../clib/printf.c                         0x00000000   Number         0  __printf_ss.o ABSOLUTE
    ../clib/printf.c                         0x00000000   Number         0  __printf_flags.o ABSOLUTE
    ../clib/printf.c                         0x00000000   Number         0  _printf_dec.o ABSOLUTE
    ../clib/printf.c                         0x00000000   Number         0  _printf_str.o ABSOLUTE
    ../clib/printf.c                         0x00000000   Number         0  _printf_pad.o ABSOLUTE
    ../clib/printf.c                         0x00000000   Number         0  noretval__2snprintf.o ABSOLUTE
    ../clib/printf.c                         0x00000000   Number         0  _printf_char.o ABSOLUTE
    ../clib/printf.c                         0x00000000   Number         0  __2snprintf.o ABSOLUTE
    ../clib/printf.c                         0x00000000   Number         0  __printf_nopercent.o ABSOLUTE
    ../clib/printf.c                         0x00000000   Number         0  __printf.o ABSOLUTE
    ../clib/printf.c                         0x00000000   Number         0  _snputc.o ABSOLUTE
    ../clib/printf.c                         0x00000000   Number         0  _sputc.o ABSOLUTE
    ../clib/printf.c                         0x00000000   Number         0  _printf_char_common.o ABSOLUTE
    ../clib/printf.c                         0x00000000   Number         0  _printf_intcommon.o ABSOLUTE
    ../clib/printf_percent.s                 0x00000000   Number         0  _printf_s.o ABSOLUTE
    ../clib/printf_percent.s                 0x00000000   Number         0  _printf_percent.o ABSOLUTE
    ../clib/printf_percent.s                 0x00000000   Number         0  _printf_u.o ABSOLUTE
    ../clib/printf_percent.s                 0x00000000   Number         0  _printf_percent_end.o ABSOLUTE
    ../clib/scanf.c                          0x00000000   Number         0  _strtoul.o ABSOLUTE
    ../clib/scanf.c                          0x00000000   Number         0  _chval.o ABSOLUTE
    ../clib/scanf.c                          0x00000000   Number         0  strtoul.o ABSOLUTE
    ../clib/scanf.c                          0x00000000   Number         0  atoi.o ABSOLUTE
    ../clib/scanf.c                          0x00000000   Number         0  strtol.o ABSOLUTE
    ../clib/signal.c                         0x00000000   Number         0  defsig_rtmem_inner.o ABSOLUTE
    ../clib/signal.c                         0x00000000   Number         0  defsig_rtmem_outer.o ABSOLUTE
    ../clib/signal.c                         0x00000000   Number         0  defsig_other.o ABSOLUTE
    ../clib/signal.c                         0x00000000   Number         0  defsig_rtmem_formal.o ABSOLUTE
    ../clib/signal.c                         0x00000000   Number         0  defsig_segv_inner.o ABSOLUTE
    ../clib/signal.c                         0x00000000   Number         0  defsig_exit.o ABSOLUTE
    ../clib/signal.c                         0x00000000   Number         0  defsig_cppl_inner.o ABSOLUTE
    ../clib/signal.c                         0x00000000   Number         0  defsig_pvfn_inner.o ABSOLUTE
    ../clib/signal.c                         0x00000000   Number         0  defsig_stak_inner.o ABSOLUTE
    ../clib/signal.c                         0x00000000   Number         0  defsig_rtred_inner.o ABSOLUTE
    ../clib/signal.c                         0x00000000   Number         0  defsig_fpe_inner.o ABSOLUTE
    ../clib/signal.c                         0x00000000   Number         0  defsig_abrt_inner.o ABSOLUTE
    ../clib/signal.c                         0x00000000   Number         0  __raise.o ABSOLUTE
    ../clib/signal.c                         0x00000000   Number         0  defsig_general.o ABSOLUTE
    ../clib/signal.s                         0x00000000   Number         0  defsig.o ABSOLUTE
    ../clib/stdlib.c                         0x00000000   Number         0  exit.o ABSOLUTE
    ../clib/string.c                         0x00000000   Number         0  strstr.o ABSOLUTE
    ../clib/string.c                         0x00000000   Number         0  strrchr.o ABSOLUTE
    ../clib/string.c                         0x00000000   Number         0  strlen.o ABSOLUTE
    ../clib/string.c                         0x00000000   Number         0  strncmp.o ABSOLUTE
    ../clib/string.c                         0x00000000   Number         0  strchr.o ABSOLUTE
    ../fplib/fpinit.s                        0x00000000   Number         0  fpinit.o ABSOLUTE
    Hardware\app_protocol.c                  0x00000000   Number         0  app_protocol.o ABSOLUTE
    Hardware\nrf24.c                         0x00000000   Number         0  nrf24.o ABSOLUTE
    Library\misc.c                           0x00000000   Number         0  misc.o ABSOLUTE
    Library\stm32f10x_adc.c                  0x00000000   Number         0  stm32f10x_adc.o ABSOLUTE
    Library\stm32f10x_bkp.c                  0x00000000   Number         0  stm32f10x_bkp.o ABSOLUTE
    Library\stm32f10x_can.c                  0x00000000   Number         0  stm32f10x_can.o ABSOLUTE
    Library\stm32f10x_cec.c                  0x00000000   Number         0  stm32f10x_cec.o ABSOLUTE
    Library\stm32f10x_crc.c                  0x00000000   Number         0  stm32f10x_crc.o ABSOLUTE
    Library\stm32f10x_dac.c                  0x00000000   Number         0  stm32f10x_dac.o ABSOLUTE
    Library\stm32f10x_dbgmcu.c               0x00000000   Number         0  stm32f10x_dbgmcu.o ABSOLUTE
    Library\stm32f10x_dma.c                  0x00000000   Number         0  stm32f10x_dma.o ABSOLUTE
    Library\stm32f10x_exti.c                 0x00000000   Number         0  stm32f10x_exti.o ABSOLUTE
    Library\stm32f10x_flash.c                0x00000000   Number         0  stm32f10x_flash.o ABSOLUTE
    Library\stm32f10x_fsmc.c                 0x00000000   Number         0  stm32f10x_fsmc.o ABSOLUTE
    Library\stm32f10x_gpio.c                 0x00000000   Number         0  stm32f10x_gpio.o ABSOLUTE
    Library\stm32f10x_i2c.c                  0x00000000   Number         0  stm32f10x_i2c.o ABSOLUTE
    Library\stm32f10x_iwdg.c                 0x00000000   Number         0  stm32f10x_iwdg.o ABSOLUTE
    Library\stm32f10x_pwr.c                  0x00000000   Number         0  stm32f10x_pwr.o ABSOLUTE
    Library\stm32f10x_rcc.c                  0x00000000   Number         0  stm32f10x_rcc.o ABSOLUTE
    Library\stm32f10x_rtc.c                  0x00000000   Number         0  stm32f10x_rtc.o ABSOLUTE
    Library\stm32f10x_sdio.c                 0x00000000   Number         0  stm32f10x_sdio.o ABSOLUTE
    Library\stm32f10x_spi.c                  0x00000000   Number         0  stm32f10x_spi.o ABSOLUTE
    Library\stm32f10x_tim.c                  0x00000000   Number         0  stm32f10x_tim.o ABSOLUTE
    Library\stm32f10x_usart.c                0x00000000   Number         0  stm32f10x_usart.o ABSOLUTE
    Library\stm32f10x_wwdg.c                 0x00000000   Number         0  stm32f10x_wwdg.o ABSOLUTE
    Start\\core_cm3.c                        0x00000000   Number         0  core_cm3.o ABSOLUTE
    Start\core_cm3.c                         0x00000000   Number         0  core_cm3.o ABSOLUTE
    Start\startup_stm32f10x_md.s             0x00000000   Number         0  startup_stm32f10x_md.o ABSOLUTE
    Start\system_stm32f10x.c                 0x00000000   Number         0  system_stm32f10x.o ABSOLUTE
    User\main.c                              0x00000000   Number         0  main.o ABSOLUTE
    User\stm32f10x_it.c                      0x00000000   Number         0  stm32f10x_it.o ABSOLUTE
    dc.s                                     0x00000000   Number         0  dc.o ABSOLUTE
    RESET                                    0x08000000   Section      236  startup_stm32f10x_md.o(RESET)
    !!!main                                  0x080000ec   Section        8  __main.o(!!!main)
    !!!scatter                               0x080000f4   Section       52  __scatter.o(!!!scatter)
    !!handler_copy                           0x08000128   Section       26  __scatter_copy.o(!!handler_copy)
    !!handler_zi                             0x08000144   Section       28  __scatter_zi.o(!!handler_zi)
    .ARM.Collect$$_printf_percent$$00000000  0x08000160   Section        0  _printf_percent.o(.ARM.Collect$$_printf_percent$$00000000)
    .ARM.Collect$$_printf_percent$$0000000A  0x08000160   Section        6  _printf_u.o(.ARM.Collect$$_printf_percent$$0000000A)
    .ARM.Collect$$_printf_percent$$00000014  0x08000166   Section        6  _printf_s.o(.ARM.Collect$$_printf_percent$$00000014)
    .ARM.Collect$$_printf_percent$$00000017  0x0800016c   Section        4  _printf_percent_end.o(.ARM.Collect$$_printf_percent$$00000017)
    .ARM.Collect$$libinit$$00000000          0x08000170   Section        2  libinit.o(.ARM.Collect$$libinit$$00000000)
    .ARM.Collect$$libinit$$00000002          0x08000172   Section        0  libinit2.o(.ARM.Collect$$libinit$$00000002)
    .ARM.Collect$$libinit$$00000004          0x08000172   Section        0  libinit2.o(.ARM.Collect$$libinit$$00000004)
    .ARM.Collect$$libinit$$0000000A          0x08000172   Section        0  libinit2.o(.ARM.Collect$$libinit$$0000000A)
    .ARM.Collect$$libinit$$0000000C          0x08000172   Section        0  libinit2.o(.ARM.Collect$$libinit$$0000000C)
    .ARM.Collect$$libinit$$0000000E          0x08000172   Section        0  libinit2.o(.ARM.Collect$$libinit$$0000000E)
    .ARM.Collect$$libinit$$0000000F          0x08000172   Section        6  libinit2.o(.ARM.Collect$$libinit$$0000000F)
    .ARM.Collect$$libinit$$00000011          0x08000178   Section        0  libinit2.o(.ARM.Collect$$libinit$$00000011)
    .ARM.Collect$$libinit$$00000012          0x08000178   Section       12  libinit2.o(.ARM.Collect$$libinit$$00000012)
    .ARM.Collect$$libinit$$00000013          0x08000184   Section        0  libinit2.o(.ARM.Collect$$libinit$$00000013)
    .ARM.Collect$$libinit$$00000015          0x08000184   Section        0  libinit2.o(.ARM.Collect$$libinit$$00000015)
    .ARM.Collect$$libinit$$00000017          0x08000184   Section        0  libinit2.o(.ARM.Collect$$libinit$$00000017)
    .ARM.Collect$$libinit$$00000019          0x08000184   Section        0  libinit2.o(.ARM.Collect$$libinit$$00000019)
    .ARM.Collect$$libinit$$0000001B          0x08000184   Section        0  libinit2.o(.ARM.Collect$$libinit$$0000001B)
    .ARM.Collect$$libinit$$0000001D          0x08000184   Section        0  libinit2.o(.ARM.Collect$$libinit$$0000001D)
    .ARM.Collect$$libinit$$0000001F          0x08000184   Section        0  libinit2.o(.ARM.Collect$$libinit$$0000001F)
    .ARM.Collect$$libinit$$00000021          0x08000184   Section        0  libinit2.o(.ARM.Collect$$libinit$$00000021)
    .ARM.Collect$$libinit$$00000023          0x08000184   Section        0  libinit2.o(.ARM.Collect$$libinit$$00000023)
    .ARM.Collect$$libinit$$00000025          0x08000184   Section        0  libinit2.o(.ARM.Collect$$libinit$$00000025)
    .ARM.Collect$$libinit$$0000002C          0x08000184   Section        0  libinit2.o(.ARM.Collect$$libinit$$0000002C)
    .ARM.Collect$$libinit$$0000002E          0x08000184   Section        0  libinit2.o(.ARM.Collect$$libinit$$0000002E)
    .ARM.Collect$$libinit$$00000030          0x08000184   Section        0  libinit2.o(.ARM.Collect$$libinit$$00000030)
    .ARM.Collect$$libinit$$00000032          0x08000184   Section        0  libinit2.o(.ARM.Collect$$libinit$$00000032)
    .ARM.Collect$$libinit$$00000033          0x08000184   Section        2  libinit2.o(.ARM.Collect$$libinit$$00000033)
    .ARM.Collect$$libshutdown$$00000000      0x08000186   Section        2  libshutdown.o(.ARM.Collect$$libshutdown$$00000000)
    .ARM.Collect$$libshutdown$$00000002      0x08000188   Section        0  libshutdown2.o(.ARM.Collect$$libshutdown$$00000002)
    .ARM.Collect$$libshutdown$$00000004      0x08000188   Section        0  libshutdown2.o(.ARM.Collect$$libshutdown$$00000004)
    .ARM.Collect$$libshutdown$$00000007      0x08000188   Section        0  libshutdown2.o(.ARM.Collect$$libshutdown$$00000007)
    .ARM.Collect$$libshutdown$$0000000A      0x08000188   Section        0  libshutdown2.o(.ARM.Collect$$libshutdown$$0000000A)
    .ARM.Collect$$libshutdown$$0000000C      0x08000188   Section        0  libshutdown2.o(.ARM.Collect$$libshutdown$$0000000C)
    .ARM.Collect$$libshutdown$$0000000F      0x08000188   Section        0  libshutdown2.o(.ARM.Collect$$libshutdown$$0000000F)
    .ARM.Collect$$libshutdown$$00000010      0x08000188   Section        2  libshutdown2.o(.ARM.Collect$$libshutdown$$00000010)
    .ARM.Collect$$rtentry$$00000000          0x0800018a   Section        0  __rtentry.o(.ARM.Collect$$rtentry$$00000000)
    .ARM.Collect$$rtentry$$00000002          0x0800018a   Section        0  __rtentry2.o(.ARM.Collect$$rtentry$$00000002)
    .ARM.Collect$$rtentry$$00000004          0x0800018a   Section        6  __rtentry4.o(.ARM.Collect$$rtentry$$00000004)
    .ARM.Collect$$rtentry$$00000009          0x08000190   Section        0  __rtentry2.o(.ARM.Collect$$rtentry$$00000009)
    .ARM.Collect$$rtentry$$0000000A          0x08000190   Section        4  __rtentry2.o(.ARM.Collect$$rtentry$$0000000A)
    .ARM.Collect$$rtentry$$0000000C          0x08000194   Section        0  __rtentry2.o(.ARM.Collect$$rtentry$$0000000C)
    .ARM.Collect$$rtentry$$0000000D          0x08000194   Section        8  __rtentry2.o(.ARM.Collect$$rtentry$$0000000D)
    .ARM.Collect$$rtexit$$00000000           0x0800019c   Section        2  rtexit.o(.ARM.Collect$$rtexit$$00000000)
    .ARM.Collect$$rtexit$$00000002           0x0800019e   Section        0  rtexit2.o(.ARM.Collect$$rtexit$$00000002)
    .ARM.Collect$$rtexit$$00000003           0x0800019e   Section        4  rtexit2.o(.ARM.Collect$$rtexit$$00000003)
    .ARM.Collect$$rtexit$$00000004           0x080001a2   Section        6  rtexit2.o(.ARM.Collect$$rtexit$$00000004)
    .text                                    0x080001a8   Section       64  startup_stm32f10x_md.o(.text)
    .text                                    0x080001e8   Section        0  __2snprintf.o(.text)
    .text                                    0x08000220   Section        0  _printf_pad.o(.text)
    .text                                    0x0800026e   Section        0  _printf_str.o(.text)
    .text                                    0x080002c0   Section        0  _printf_dec.o(.text)
    .text                                    0x08000338   Section        0  __printf_flags_ss_wp.o(.text)
    .text                                    0x080004c0   Section        0  atoi.o(.text)
    .text                                    0x080004da   Section        0  strtoul.o(.text)
    .text                                    0x0800054c   Section        0  strchr.o(.text)
    .text                                    0x08000560   Section        0  strstr.o(.text)
    .text                                    0x08000584   Section        0  strrchr.o(.text)
    .text                                    0x0800059a   Section        0  strlen.o(.text)
    .text                                    0x080005d8   Section        0  strncmp.o(.text)
    .text                                    0x0800066e   Section      138  rt_memcpy_v6.o(.text)
    .text                                    0x080006f8   Section      100  rt_memcpy_w.o(.text)
    .text                                    0x0800075c   Section       68  rt_memclr.o(.text)
    .text                                    0x080007a0   Section       86  strncpy.o(.text)
    .text                                    0x080007f8   Section      128  strcmpv7m.o(.text)
    .text                                    0x08000878   Section        0  heapauxi.o(.text)
    .text                                    0x08000880   Section       16  rt_ctype_table.o(.text)
    .text                                    0x08000890   Section        8  rt_errno_addr_intlibspace.o(.text)
    .text                                    0x08000898   Section        0  _printf_intcommon.o(.text)
    .text                                    0x0800094c   Section        0  _printf_char_common.o(.text)
    _printf_input_char                       0x0800094d   Thumb Code    10  _printf_char_common.o(.text)
    .text                                    0x0800097c   Section        0  _sputc.o(.text)
    .text                                    0x08000986   Section        0  _snputc.o(.text)
    .text                                    0x08000996   Section        0  _printf_char.o(.text)
    .text                                    0x080009c2   Section        0  _strtoul.o(.text)
    .text                                    0x08000a60   Section        0  strtol.o(.text)
    .text                                    0x08000ad0   Section       78  rt_memclr_w.o(.text)
    .text                                    0x08000b20   Section        8  libspace.o(.text)
    .text                                    0x08000b28   Section        8  rt_locale_intlibspace.o(.text)
    .text                                    0x08000b30   Section        0  _chval.o(.text)
    .text                                    0x08000b4c   Section       74  sys_stackheap_outer.o(.text)
    .text                                    0x08000b96   Section        0  exit.o(.text)
    .text                                    0x08000ba8   Section        0  sys_exit.o(.text)
    .text                                    0x08000bb4   Section        2  use_no_semi.o(.text)
    .text                                    0x08000bb6   Section        0  indicate_semi.o(.text)
    i.BusFault_Handler                       0x08000bb6   Section        0  stm32f10x_it.o(i.BusFault_Handler)
    i.DebugMon_Handler                       0x08000bba   Section        0  stm32f10x_it.o(i.DebugMon_Handler)
    i.GPIO_Init                              0x08000bbc   Section        0  stm32f10x_gpio.o(i.GPIO_Init)
    i.GPIO_ReadInputDataBit                  0x08000cd2   Section        0  stm32f10x_gpio.o(i.GPIO_ReadInputDataBit)
    i.GPIO_ResetBits                         0x08000ce4   Section        0  stm32f10x_gpio.o(i.GPIO_ResetBits)
    i.GPIO_SetBits                           0x08000ce8   Section        0  stm32f10x_gpio.o(i.GPIO_SetBits)
    i.HardFault_Handler                      0x08000cec   Section        0  stm32f10x_it.o(i.HardFault_Handler)
    i.MemManage_Handler                      0x08000cf0   Section        0  stm32f10x_it.o(i.MemManage_Handler)
    i.NMI_Handler                            0x08000cf4   Section        0  stm32f10x_it.o(i.NMI_Handler)
    i.NVIC_Init                              0x08000cf8   Section        0  misc.o(i.NVIC_Init)
    i.PendSV_Handler                         0x08000d68   Section        0  stm32f10x_it.o(i.PendSV_Handler)
    i.RCC_APB1PeriphClockCmd                 0x08000d6c   Section        0  stm32f10x_rcc.o(i.RCC_APB1PeriphClockCmd)
    i.RCC_APB2PeriphClockCmd                 0x08000d8c   Section        0  stm32f10x_rcc.o(i.RCC_APB2PeriphClockCmd)
    i.RCC_GetClocksFreq                      0x08000dac   Section        0  stm32f10x_rcc.o(i.RCC_GetClocksFreq)
    i.SVC_Handler                            0x08000e80   Section        0  stm32f10x_it.o(i.SVC_Handler)
    i.SetSysClock                            0x08000e82   Section        0  system_stm32f10x.o(i.SetSysClock)
    SetSysClock                              0x08000e83   Thumb Code     8  system_stm32f10x.o(i.SetSysClock)
    i.SetSysClockTo72                        0x08000e8c   Section        0  system_stm32f10x.o(i.SetSysClockTo72)
    SetSysClockTo72                          0x08000e8d   Thumb Code   214  system_stm32f10x.o(i.SetSysClockTo72)
    i.SysTick_Handler                        0x08000f6c   Section        0  main.o(i.SysTick_Handler)
    i.SystemCoreClockUpdate                  0x08000f7c   Section        0  system_stm32f10x.o(i.SystemCoreClockUpdate)
    i.SystemInit                             0x08001020   Section        0  system_stm32f10x.o(i.SystemInit)
    i.USART2_IRQHandler                      0x08001080   Section        0  main.o(i.USART2_IRQHandler)
    i.USART_Cmd                              0x080010ec   Section        0  stm32f10x_usart.o(i.USART_Cmd)
    i.USART_GetFlagStatus                    0x08001104   Section        0  stm32f10x_usart.o(i.USART_GetFlagStatus)
    i.USART_ITConfig                         0x0800111e   Section        0  stm32f10x_usart.o(i.USART_ITConfig)
    i.USART_Init                             0x08001168   Section        0  stm32f10x_usart.o(i.USART_Init)
    i.USART_SendData                         0x08001240   Section        0  stm32f10x_usart.o(i.USART_SendData)
    i.USART_StructInit                       0x08001248   Section        0  stm32f10x_usart.o(i.USART_StructInit)
    i.UsageFault_Handler                     0x08001260   Section        0  stm32f10x_it.o(i.UsageFault_Handler)
    i._is_digit                              0x08001264   Section        0  __printf_wp.o(i._is_digit)
    i.app_build_frame                        0x08001272   Section        0  app_protocol.o(i.app_build_frame)
    i.app_crc16                              0x0800131c   Section        0  app_protocol.o(i.app_crc16)
    i.app_validate_frame                     0x08001364   Section        0  app_protocol.o(i.app_validate_frame)
    i.ce_high                                0x080013e0   Section        0  nrf24.o(i.ce_high)
    ce_high                                  0x080013e1   Thumb Code    12  nrf24.o(i.ce_high)
    i.ce_low                                 0x080013f0   Section        0  nrf24.o(i.ce_low)
    ce_low                                   0x080013f1   Thumb Code    12  nrf24.o(i.ce_low)
    i.clm_enter_backoff                      0x08001400   Section        0  main.o(i.clm_enter_backoff)
    clm_enter_backoff                        0x08001401   Thumb Code   138  main.o(i.clm_enter_backoff)
    i.clm_handle_line                        0x080014d8   Section        0  main.o(i.clm_handle_line)
    clm_handle_line                          0x080014d9   Thumb Code   866  main.o(i.clm_handle_line)
    i.clm_handle_ok                          0x08001a14   Section        0  main.o(i.clm_handle_ok)
    clm_handle_ok                            0x08001a15   Thumb Code   238  main.o(i.clm_handle_ok)
    i.clm_handle_prompt                      0x08001b48   Section        0  main.o(i.clm_handle_prompt)
    clm_handle_prompt                        0x08001b49   Thumb Code   126  main.o(i.clm_handle_prompt)
    i.clm_issue                              0x08001c00   Section        0  main.o(i.clm_issue)
    clm_issue                                0x08001c01   Thumb Code    36  main.o(i.clm_issue)
    i.clm_message                            0x08001c30   Section        0  main.o(i.clm_message)
    clm_message                              0x08001c31   Thumb Code   292  main.o(i.clm_message)
    i.clm_parse_pub                          0x08001de4   Section        0  main.o(i.clm_parse_pub)
    clm_parse_pub                            0x08001de5   Thumb Code   170  main.o(i.clm_parse_pub)
    i.clm_rx_task                            0x08001eb0   Section        0  main.o(i.clm_rx_task)
    clm_rx_task                              0x08001eb1   Thumb Code   114  main.o(i.clm_rx_task)
    i.clm_send                               0x08001f30   Section        0  main.o(i.clm_send)
    clm_send                                 0x08001f31   Thumb Code    88  main.o(i.clm_send)
    i.clm_task                               0x08001fc0   Section        0  main.o(i.clm_task)
    clm_task                                 0x08001fc1   Thumb Code   882  main.o(i.clm_task)
    i.cmd_remove_slot                        0x08002624   Section        0  main.o(i.cmd_remove_slot)
    cmd_remove_slot                          0x08002625   Thumb Code    96  main.o(i.cmd_remove_slot)
    i.command                                0x08002690   Section        0  nrf24.o(i.command)
    command                                  0x08002691   Thumb Code    24  nrf24.o(i.command)
    i.csn_high                               0x080026a8   Section        0  nrf24.o(i.csn_high)
    csn_high                                 0x080026a9   Thumb Code    12  nrf24.o(i.csn_high)
    i.csn_low                                0x080026b8   Section        0  nrf24.o(i.csn_low)
    csn_low                                  0x080026b9   Thumb Code    12  nrf24.o(i.csn_low)
    i.dbg                                    0x080026c8   Section        0  main.o(i.dbg)
    dbg                                      0x080026c9   Thumb Code    24  main.o(i.dbg)
    i.dbg_hex                                0x080026e4   Section        0  main.o(i.dbg_hex)
    dbg_hex                                  0x080026e5   Thumb Code    32  main.o(i.dbg_hex)
    i.dbg_u32                                0x0800271c   Section        0  main.o(i.dbg_u32)
    dbg_u32                                  0x0800271d   Thumb Code    78  main.o(i.dbg_u32)
    i.delay_us                               0x08002770   Section        0  nrf24.o(i.delay_us)
    delay_us                                 0x08002771   Thumb Code    36  nrf24.o(i.delay_us)
    i.effective_apn                          0x08002794   Section        0  main.o(i.effective_apn)
    effective_apn                            0x08002795   Thumb Code    24  main.o(i.effective_apn)
    i.effective_client_id                    0x080027d0   Section        0  main.o(i.effective_client_id)
    effective_client_id                      0x080027d1   Thumb Code    14  main.o(i.effective_client_id)
    i.json_num                               0x08002804   Section        0  main.o(i.json_num)
    json_num                                 0x08002805   Thumb Code    62  main.o(i.json_num)
    i.main                                   0x0800284c   Section        0  main.o(i.main)
    i.millis                                 0x08002bb4   Section        0  main.o(i.millis)
    i.node_addr                              0x08002bc0   Section        0  main.o(i.node_addr)
    node_addr                                0x08002bc1   Thumb Code    14  main.o(i.node_addr)
    i.node_result                            0x08002bd0   Section        0  main.o(i.node_result)
    node_result                              0x08002bd1   Thumb Code   192  main.o(i.node_result)
    i.nrf24_clear_irqs                       0x08002cec   Section        0  nrf24.o(i.nrf24_clear_irqs)
    i.nrf24_init                             0x08002cf8   Section        0  nrf24.o(i.nrf24_init)
    i.nrf24_is_present                       0x08002df8   Section        0  nrf24.o(i.nrf24_is_present)
    i.nrf24_read_register                    0x08002e84   Section        0  nrf24.o(i.nrf24_read_register)
    i.nrf24_receive                          0x08002e90   Section        0  nrf24.o(i.nrf24_receive)
    i.nrf24_send                             0x08002ece   Section        0  nrf24.o(i.nrf24_send)
    i.nrf24_start_listening                  0x08002f7a   Section        0  nrf24.o(i.nrf24_start_listening)
    i.nrf_dump                               0x08002fa4   Section        0  main.o(i.nrf_dump)
    nrf_dump                                 0x08002fa5   Thumb Code    62  main.o(i.nrf_dump)
    i.pc_task                                0x08002ffc   Section        0  main.o(i.pc_task)
    pc_task                                  0x08002ffd   Thumb Code    96  main.o(i.pc_task)
    i.pub_add                                0x08003068   Section        0  main.o(i.pub_add)
    pub_add                                  0x08003069   Thumb Code   314  main.o(i.pub_add)
    i.publish_command_result                 0x080031d8   Section        0  main.o(i.publish_command_result)
    publish_command_result                   0x080031d9   Thumb Code    68  main.o(i.publish_command_result)
    i.publish_gateway_state                  0x08003254   Section        0  main.o(i.publish_gateway_state)
    publish_gateway_state                    0x08003255   Thumb Code    60  main.o(i.publish_gateway_state)
    i.publish_telemetry                      0x080032ec   Section        0  main.o(i.publish_telemetry)
    publish_telemetry                        0x080032ed   Thumb Code   218  main.o(i.publish_telemetry)
    i.putc_u                                 0x08003410   Section        0  main.o(i.putc_u)
    putc_u                                   0x08003411   Thumb Code    30  main.o(i.putc_u)
    i.radio_task                             0x08003430   Section        0  main.o(i.radio_task)
    radio_task                               0x08003431   Thumb Code  1566  main.o(i.radio_task)
    i.read_buf                               0x08003adc   Section        0  nrf24.o(i.read_buf)
    read_buf                                 0x08003add   Thumb Code    46  nrf24.o(i.read_buf)
    i.read_reg                               0x08003b0a   Section        0  nrf24.o(i.read_reg)
    read_reg                                 0x08003b0b   Thumb Code    32  nrf24.o(i.read_reg)
    i.readc                                  0x08003b2c   Section        0  main.o(i.readc)
    readc                                    0x08003b2d   Thumb Code    70  main.o(i.readc)
    i.spi_bit_delay                          0x08003b84   Section        0  nrf24.o(i.spi_bit_delay)
    spi_bit_delay                            0x08003b85   Thumb Code    30  nrf24.o(i.spi_bit_delay)
    i.spi_rw                                 0x08003ba4   Section        0  nrf24.o(i.spi_rw)
    spi_rw                                   0x08003ba5   Thumb Code    90  nrf24.o(i.spi_rw)
    i.uart_init                              0x08003c04   Section        0  main.o(i.uart_init)
    uart_init                                0x08003c05   Thumb Code   174  main.o(i.uart_init)
    i.write_buf                              0x08003cc0   Section        0  nrf24.o(i.write_buf)
    write_buf                                0x08003cc1   Thumb Code    44  nrf24.o(i.write_buf)
    i.write_reg                              0x08003cec   Section        0  nrf24.o(i.write_reg)
    write_reg                                0x08003ced   Thumb Code    34  nrf24.o(i.write_reg)
    locale$$code                             0x08003d10   Section       44  lc_ctype_c.o(locale$$code)
    .constdata                               0x08003d3c   Section       68  main.o(.constdata)
    NODE_IDS                                 0x08003d3c   Data           1  main.o(.constdata)
    MASTER_ADDR                              0x08003d3d   Data           5  main.o(.constdata)
    r                                        0x08003d42   Data          10  main.o(.constdata)
    default_apn                              0x08003d4c   Data          32  main.o(.constdata)
    .constdata                               0x08003d80   Section       17  __printf_flags_ss_wp.o(.constdata)
    maptable                                 0x08003d80   Data          17  __printf_flags_ss_wp.o(.constdata)
    .conststring                             0x08003d94   Section      338  main.o(.conststring)
    locale$$data                             0x08003f08   Section      272  lc_ctype_c.o(locale$$data)
    __lcctype_c_name                         0x08003f0c   Data           2  lc_ctype_c.o(locale$$data)
    __lcctype_c_start                        0x08003f14   Data           0  lc_ctype_c.o(locale$$data)
    __lcctype_c_end                          0x08004018   Data           0  lc_ctype_c.o(locale$$data)
    .data                                    0x20000000   Section       20  system_stm32f10x.o(.data)
    .data                                    0x20000014   Section       20  stm32f10x_rcc.o(.data)
    APBAHBPrescTable                         0x20000014   Data          16  stm32f10x_rcc.o(.data)
    ADCPrescTable                            0x20000024   Data           4  stm32f10x_rcc.o(.data)
    .data                                    0x20000028   Section       93  main.o(.data)
    g_ms                                     0x20000028   Data           4  main.o(.data)
    ch                                       0x2000002c   Data           1  main.o(.data)
    ct                                       0x2000002d   Data           1  main.o(.data)
    cc                                       0x2000002e   Data           1  main.o(.data)
    ph                                       0x2000002f   Data           1  main.o(.data)
    pt                                       0x20000030   Data           1  main.o(.data)
    pc                                       0x20000031   Data           1  main.o(.data)
    rf_expected                              0x20000032   Data           1  main.o(.data)
    rf_node                                  0x20000033   Data           1  main.o(.data)
    rf_attempts                              0x20000034   Data           1  main.o(.data)
    rf_cmd                                   0x20000035   Data           1  main.o(.data)
    rf_seq                                   0x20000036   Data           2  main.o(.data)
    seq_next                                 0x20000038   Data           2  main.o(.data)
    master_boot                              0x2000003a   Data           2  main.o(.data)
    rf_deadline                              0x2000003c   Data           4  main.o(.data)
    rf_retry                                 0x20000040   Data           4  main.o(.data)
    rf_cmd_id                                0x20000044   Data           4  main.o(.data)
    rf_cmd_value                             0x20000048   Data           4  main.o(.data)
    rf_command_active                        0x2000004c   Data           1  main.o(.data)
    rf_cmd_slot                              0x2000004d   Data           1  main.o(.data)
    rf_state                                 0x2000004e   Data           1  main.o(.data)
    clm_state                                0x2000004f   Data           1  main.o(.data)
    clm_wait_kind                            0x20000050   Data           1  main.o(.data)
    clm_connected                            0x20000051   Data           1  main.o(.data)
    clm_cmd_index                            0x20000052   Data           1  main.o(.data)
    clm_waiting                              0x20000053   Data           1  main.o(.data)
    mqtt_pub_pending                         0x20000054   Data           1  main.o(.data)
    mqtt_subscribed                          0x20000055   Data           1  main.o(.data)
    clm_sim_ready                            0x20000056   Data           1  main.o(.data)
    clm_registered                           0x20000057   Data           1  main.o(.data)
    clm_attached                             0x20000058   Data           1  main.o(.data)
    clm_pdp_active                           0x20000059   Data           1  main.o(.data)
    clm_backoff_count                        0x2000005a   Data           1  main.o(.data)
    clm_next                                 0x2000005c   Data           4  main.o(.data)
    clm_deadline                             0x20000060   Data           4  main.o(.data)
    clm_diag_next                            0x20000064   Data           4  main.o(.data)
    mqtt_pub_deadline                        0x20000068   Data           4  main.o(.data)
    clm_rx_bytes                             0x2000006c   Data           4  main.o(.data)
    clm_uart_errors                          0x20000070   Data           4  main.o(.data)
    clm_rx_head                              0x20000074   Data           2  main.o(.data)
    clm_rx_tail                              0x20000076   Data           2  main.o(.data)
    clm_len                                  0x20000078   Data           2  main.o(.data)
    pc_len                                   0x2000007a   Data           1  main.o(.data)
    index                                    0x2000007b   Data           1  main.o(.data)
    seq                                      0x2000007c   Data           2  main.o(.data)
    next_try                                 0x20000080   Data           4  main.o(.data)
    len                                      0x20000084   Data           1  main.o(.data)
    .bss                                     0x20000088   Section     5700  main.o(.bss)
    nodes                                    0x20000088   Data          32  main.o(.bss)
    cmds                                     0x200000a8   Data          96  main.o(.bss)
    pubs                                     0x20000108   Data        3336  main.o(.bss)
    rf_frame                                 0x20000e10   Data          32  main.o(.bss)
    clm_rx_ring                              0x20000e30   Data         512  main.o(.bss)
    clm_line                                 0x20001030   Data         760  main.o(.bss)
    pc_line                                  0x20001328   Data          96  main.o(.bss)
    clm_cmd_buffer                           0x20001388   Data         760  main.o(.bss)
    cmd                                      0x20001680   Data          12  main.o(.bss)
    frame                                    0x2000168c   Data          32  main.o(.bss)
    rx                                       0x200016ac   Data          32  main.o(.bss)
    .bss                                     0x200016cc   Section       96  libspace.o(.bss)
    HEAP                                     0x20001730   Section      512  startup_stm32f10x_md.o(HEAP)
    Heap_Mem                                 0x20001730   Data         512  startup_stm32f10x_md.o(HEAP)
    STACK                                    0x20001930   Section     1024  startup_stm32f10x_md.o(STACK)
    Stack_Mem                                0x20001930   Data        1024  startup_stm32f10x_md.o(STACK)
    __initial_sp                             0x20001d30   Data           0  startup_stm32f10x_md.o(STACK)

    Global Symbols

    Symbol Name                              Value     Ov Type        Size  Object(Section)

    BuildAttributes$$THM_ISAv4$P$D$K$B$S$PE$A:L22UL41UL21$X:L11$S22US41US21$IEEE1$IW$USESV6$~STKCKD$USESV7$~SHL$OSPACE$ROPI$EBA8$UX$STANDARDLIB$REQ8$PRES8$EABIv2 0x00000000   Number         0  anon$$obj.o ABSOLUTE
    __ARM_use_no_argv                        0x00000000   Number         0  main.o ABSOLUTE
    _printf_flags                            0x00000000   Number         0  printf_stubs.o ABSOLUTE
    _printf_return_value                     0x00000000   Number         0  printf_stubs.o ABSOLUTE
    _printf_sizespec                         0x00000000   Number         0  printf_stubs.o ABSOLUTE
    _printf_widthprec                        0x00000000   Number         0  printf_stubs.o ABSOLUTE
    __ARM_exceptions_init                     - Undefined Weak Reference
    __alloca_initialize                       - Undefined Weak Reference
    __arm_preinit_                            - Undefined Weak Reference
    __cpp_initialize__aeabi_                  - Undefined Weak Reference
    __cxa_finalize                            - Undefined Weak Reference
    __sigvec_lookup                           - Undefined Weak Reference
    _atexit_init                              - Undefined Weak Reference
    _call_atexit_fns                          - Undefined Weak Reference
    _clock_init                               - Undefined Weak Reference
    _fp_trap_init                             - Undefined Weak Reference
    _fp_trap_shutdown                         - Undefined Weak Reference
    _get_lc_collate                           - Undefined Weak Reference
    _get_lc_monetary                          - Undefined Weak Reference
    _get_lc_numeric                           - Undefined Weak Reference
    _get_lc_time                              - Undefined Weak Reference
    _getenv_init                              - Undefined Weak Reference
    _handle_redirection                       - Undefined Weak Reference
    _init_alloc                               - Undefined Weak Reference
    _init_user_alloc                          - Undefined Weak Reference
    _initio                                   - Undefined Weak Reference
    _printf_mbtowc                            - Undefined Weak Reference
    _printf_truncate_signed                   - Undefined Weak Reference
    _printf_truncate_unsigned                 - Undefined Weak Reference
    _rand_init                                - Undefined Weak Reference
    _signal_finish                            - Undefined Weak Reference
    _signal_init                              - Undefined Weak Reference
    _terminate_alloc                          - Undefined Weak Reference
    _terminate_user_alloc                     - Undefined Weak Reference
    _terminateio                              - Undefined Weak Reference
    __Vectors_Size                           0x000000ec   Number         0  startup_stm32f10x_md.o ABSOLUTE
    __Vectors                                0x08000000   Data           4  startup_stm32f10x_md.o(RESET)
    __Vectors_End                            0x080000ec   Data           0  startup_stm32f10x_md.o(RESET)
    __main                                   0x080000ed   Thumb Code     8  __main.o(!!!main)
    __scatterload                            0x080000f5   Thumb Code     0  __scatter.o(!!!scatter)
    __scatterload_rt2                        0x080000f5   Thumb Code    44  __scatter.o(!!!scatter)
    __scatterload_rt2_thumb_only             0x080000f5   Thumb Code     0  __scatter.o(!!!scatter)
    __scatterload_null                       0x08000103   Thumb Code     0  __scatter.o(!!!scatter)
    __scatterload_copy                       0x08000129   Thumb Code    26  __scatter_copy.o(!!handler_copy)
    __scatterload_zeroinit                   0x08000145   Thumb Code    28  __scatter_zi.o(!!handler_zi)
    _printf_percent                          0x08000161   Thumb Code     0  _printf_percent.o(.ARM.Collect$$_printf_percent$$00000000)
    _printf_u                                0x08000161   Thumb Code     0  _printf_u.o(.ARM.Collect$$_printf_percent$$0000000A)
    _printf_s                                0x08000167   Thumb Code     0  _printf_s.o(.ARM.Collect$$_printf_percent$$00000014)
    _printf_percent_end                      0x0800016d   Thumb Code     0  _printf_percent_end.o(.ARM.Collect$$_printf_percent$$00000017)
    __rt_lib_init                            0x08000171   Thumb Code     0  libinit.o(.ARM.Collect$$libinit$$00000000)
    __rt_lib_init_fp_1                       0x08000173   Thumb Code     0  libinit2.o(.ARM.Collect$$libinit$$00000002)
    __rt_lib_init_heap_1                     0x08000173   Thumb Code     0  libinit2.o(.ARM.Collect$$libinit$$0000000A)
    __rt_lib_init_lc_common                  0x08000173   Thumb Code     0  libinit2.o(.ARM.Collect$$libinit$$0000000F)
    __rt_lib_init_preinit_1                  0x08000173   Thumb Code     0  libinit2.o(.ARM.Collect$$libinit$$00000004)
    __rt_lib_init_rand_1                     0x08000173   Thumb Code     0  libinit2.o(.ARM.Collect$$libinit$$0000000E)
    __rt_lib_init_user_alloc_1               0x08000173   Thumb Code     0  libinit2.o(.ARM.Collect$$libinit$$0000000C)
    __rt_lib_init_lc_collate_1               0x08000179   Thumb Code     0  libinit2.o(.ARM.Collect$$libinit$$00000011)
    __rt_lib_init_lc_ctype_2                 0x08000179   Thumb Code     0  libinit2.o(.ARM.Collect$$libinit$$00000012)
    __rt_lib_init_alloca_1                   0x08000185   Thumb Code     0  libinit2.o(.ARM.Collect$$libinit$$0000002E)
    __rt_lib_init_argv_1                     0x08000185   Thumb Code     0  libinit2.o(.ARM.Collect$$libinit$$0000002C)
    __rt_lib_init_atexit_1                   0x08000185   Thumb Code     0  libinit2.o(.ARM.Collect$$libinit$$0000001B)
    __rt_lib_init_clock_1                    0x08000185   Thumb Code     0  libinit2.o(.ARM.Collect$$libinit$$00000021)
    __rt_lib_init_cpp_1                      0x08000185   Thumb Code     0  libinit2.o(.ARM.Collect$$libinit$$00000032)
    __rt_lib_init_exceptions_1               0x08000185   Thumb Code     0  libinit2.o(.ARM.Collect$$libinit$$00000030)
    __rt_lib_init_fp_trap_1                  0x08000185   Thumb Code     0  libinit2.o(.ARM.Collect$$libinit$$0000001F)
    __rt_lib_init_getenv_1                   0x08000185   Thumb Code     0  libinit2.o(.ARM.Collect$$libinit$$00000023)
    __rt_lib_init_lc_ctype_1                 0x08000185   Thumb Code     0  libinit2.o(.ARM.Collect$$libinit$$00000013)
    __rt_lib_init_lc_monetary_1              0x08000185   Thumb Code     0  libinit2.o(.ARM.Collect$$libinit$$00000015)
    __rt_lib_init_lc_numeric_1               0x08000185   Thumb Code     0  libinit2.o(.ARM.Collect$$libinit$$00000017)
    __rt_lib_init_lc_time_1                  0x08000185   Thumb Code     0  libinit2.o(.ARM.Collect$$libinit$$00000019)
    __rt_lib_init_return                     0x08000185   Thumb Code     0  libinit2.o(.ARM.Collect$$libinit$$00000033)
    __rt_lib_init_signal_1                   0x08000185   Thumb Code     0  libinit2.o(.ARM.Collect$$libinit$$0000001D)
    __rt_lib_init_stdio_1                    0x08000185   Thumb Code     0  libinit2.o(.ARM.Collect$$libinit$$00000025)
    __rt_lib_shutdown                        0x08000187   Thumb Code     0  libshutdown.o(.ARM.Collect$$libshutdown$$00000000)
    __rt_lib_shutdown_cpp_1                  0x08000189   Thumb Code     0  libshutdown2.o(.ARM.Collect$$libshutdown$$00000002)
    __rt_lib_shutdown_fp_trap_1              0x08000189   Thumb Code     0  libshutdown2.o(.ARM.Collect$$libshutdown$$00000007)
    __rt_lib_shutdown_heap_1                 0x08000189   Thumb Code     0  libshutdown2.o(.ARM.Collect$$libshutdown$$0000000F)
    __rt_lib_shutdown_return                 0x08000189   Thumb Code     0  libshutdown2.o(.ARM.Collect$$libshutdown$$00000010)
    __rt_lib_shutdown_signal_1               0x08000189   Thumb Code     0  libshutdown2.o(.ARM.Collect$$libshutdown$$0000000A)
    __rt_lib_shutdown_stdio_1                0x08000189   Thumb Code     0  libshutdown2.o(.ARM.Collect$$libshutdown$$00000004)
    __rt_lib_shutdown_user_alloc_1           0x08000189   Thumb Code     0  libshutdown2.o(.ARM.Collect$$libshutdown$$0000000C)
    __rt_entry                               0x0800018b   Thumb Code     0  __rtentry.o(.ARM.Collect$$rtentry$$00000000)
    __rt_entry_presh_1                       0x0800018b   Thumb Code     0  __rtentry2.o(.ARM.Collect$$rtentry$$00000002)
    __rt_entry_sh                            0x0800018b   Thumb Code     0  __rtentry4.o(.ARM.Collect$$rtentry$$00000004)
    __rt_entry_li                            0x08000191   Thumb Code     0  __rtentry2.o(.ARM.Collect$$rtentry$$0000000A)
    __rt_entry_postsh_1                      0x08000191   Thumb Code     0  __rtentry2.o(.ARM.Collect$$rtentry$$00000009)
    __rt_entry_main                          0x08000195   Thumb Code     0  __rtentry2.o(.ARM.Collect$$rtentry$$0000000D)
    __rt_entry_postli_1                      0x08000195   Thumb Code     0  __rtentry2.o(.ARM.Collect$$rtentry$$0000000C)
    __rt_exit                                0x0800019d   Thumb Code     0  rtexit.o(.ARM.Collect$$rtexit$$00000000)
    __rt_exit_ls                             0x0800019f   Thumb Code     0  rtexit2.o(.ARM.Collect$$rtexit$$00000003)
    __rt_exit_prels_1                        0x0800019f   Thumb Code     0  rtexit2.o(.ARM.Collect$$rtexit$$00000002)
    __rt_exit_exit                           0x080001a3   Thumb Code     0  rtexit2.o(.ARM.Collect$$rtexit$$00000004)
    Reset_Handler                            0x080001a9   Thumb Code     8  startup_stm32f10x_md.o(.text)
    ADC1_2_IRQHandler                        0x080001c3   Thumb Code     0  startup_stm32f10x_md.o(.text)
    CAN1_RX1_IRQHandler                      0x080001c3   Thumb Code     0  startup_stm32f10x_md.o(.text)
    CAN1_SCE_IRQHandler                      0x080001c3   Thumb Code     0  startup_stm32f10x_md.o(.text)
    DMA1_Channel1_IRQHandler                 0x080001c3   Thumb Code     0  startup_stm32f10x_md.o(.text)
    DMA1_Channel2_IRQHandler                 0x080001c3   Thumb Code     0  startup_stm32f10x_md.o(.text)
    DMA1_Channel3_IRQHandler                 0x080001c3   Thumb Code     0  startup_stm32f10x_md.o(.text)
    DMA1_Channel4_IRQHandler                 0x080001c3   Thumb Code     0  startup_stm32f10x_md.o(.text)
    DMA1_Channel5_IRQHandler                 0x080001c3   Thumb Code     0  startup_stm32f10x_md.o(.text)
    DMA1_Channel6_IRQHandler                 0x080001c3   Thumb Code     0  startup_stm32f10x_md.o(.text)
    DMA1_Channel7_IRQHandler                 0x080001c3   Thumb Code     0  startup_stm32f10x_md.o(.text)
    EXTI0_IRQHandler                         0x080001c3   Thumb Code     0  startup_stm32f10x_md.o(.text)
    EXTI15_10_IRQHandler                     0x080001c3   Thumb Code     0  startup_stm32f10x_md.o(.text)
    EXTI1_IRQHandler                         0x080001c3   Thumb Code     0  startup_stm32f10x_md.o(.text)
    EXTI2_IRQHandler                         0x080001c3   Thumb Code     0  startup_stm32f10x_md.o(.text)
    EXTI3_IRQHandler                         0x080001c3   Thumb Code     0  startup_stm32f10x_md.o(.text)
    EXTI4_IRQHandler                         0x080001c3   Thumb Code     0  startup_stm32f10x_md.o(.text)
    EXTI9_5_IRQHandler                       0x080001c3   Thumb Code     0  startup_stm32f10x_md.o(.text)
    FLASH_IRQHandler                         0x080001c3   Thumb Code     0  startup_stm32f10x_md.o(.text)
    I2C1_ER_IRQHandler                       0x080001c3   Thumb Code     0  startup_stm32f10x_md.o(.text)
    I2C1_EV_IRQHandler                       0x080001c3   Thumb Code     0  startup_stm32f10x_md.o(.text)
    I2C2_ER_IRQHandler                       0x080001c3   Thumb Code     0  startup_stm32f10x_md.o(.text)
    I2C2_EV_IRQHandler                       0x080001c3   Thumb Code     0  startup_stm32f10x_md.o(.text)
    PVD_IRQHandler                           0x080001c3   Thumb Code     0  startup_stm32f10x_md.o(.text)
    RCC_IRQHandler                           0x080001c3   Thumb Code     0  startup_stm32f10x_md.o(.text)
    RTCAlarm_IRQHandler                      0x080001c3   Thumb Code     0  startup_stm32f10x_md.o(.text)
    RTC_IRQHandler                           0x080001c3   Thumb Code     0  startup_stm32f10x_md.o(.text)
    SPI1_IRQHandler                          0x080001c3   Thumb Code     0  startup_stm32f10x_md.o(.text)
    SPI2_IRQHandler                          0x080001c3   Thumb Code     0  startup_stm32f10x_md.o(.text)
    TAMPER_IRQHandler                        0x080001c3   Thumb Code     0  startup_stm32f10x_md.o(.text)
    TIM1_BRK_IRQHandler                      0x080001c3   Thumb Code     0  startup_stm32f10x_md.o(.text)
    TIM1_CC_IRQHandler                       0x080001c3   Thumb Code     0  startup_stm32f10x_md.o(.text)
    TIM1_TRG_COM_IRQHandler                  0x080001c3   Thumb Code     0  startup_stm32f10x_md.o(.text)
    TIM1_UP_IRQHandler                       0x080001c3   Thumb Code     0  startup_stm32f10x_md.o(.text)
    TIM2_IRQHandler                          0x080001c3   Thumb Code     0  startup_stm32f10x_md.o(.text)
    TIM3_IRQHandler                          0x080001c3   Thumb Code     0  startup_stm32f10x_md.o(.text)
    TIM4_IRQHandler                          0x080001c3   Thumb Code     0  startup_stm32f10x_md.o(.text)
    USART1_IRQHandler                        0x080001c3   Thumb Code     0  startup_stm32f10x_md.o(.text)
    USART3_IRQHandler                        0x080001c3   Thumb Code     0  startup_stm32f10x_md.o(.text)
    USBWakeUp_IRQHandler                     0x080001c3   Thumb Code     0  startup_stm32f10x_md.o(.text)
    USB_HP_CAN1_TX_IRQHandler                0x080001c3   Thumb Code     0  startup_stm32f10x_md.o(.text)
    USB_LP_CAN1_RX0_IRQHandler               0x080001c3   Thumb Code     0  startup_stm32f10x_md.o(.text)
    WWDG_IRQHandler                          0x080001c3   Thumb Code     0  startup_stm32f10x_md.o(.text)
    __user_initial_stackheap                 0x080001c5   Thumb Code     0  startup_stm32f10x_md.o(.text)
    __2snprintf                              0x080001e9   Thumb Code    50  __2snprintf.o(.text)
    _printf_pre_padding                      0x08000221   Thumb Code    44  _printf_pad.o(.text)
    _printf_post_padding                     0x0800024d   Thumb Code    34  _printf_pad.o(.text)
    _printf_str                              0x0800026f   Thumb Code    82  _printf_str.o(.text)
    _printf_int_dec                          0x080002c1   Thumb Code   104  _printf_dec.o(.text)
    __printf                                 0x08000339   Thumb Code   388  __printf_flags_ss_wp.o(.text)
    atoi                                     0x080004c1   Thumb Code    26  atoi.o(.text)
    strtoul                                  0x080004db   Thumb Code   114  strtoul.o(.text)
    strchr                                   0x0800054d   Thumb Code    20  strchr.o(.text)
    strstr                                   0x08000561   Thumb Code    36  strstr.o(.text)
    strrchr                                  0x08000585   Thumb Code    22  strrchr.o(.text)
    strlen                                   0x0800059b   Thumb Code    62  strlen.o(.text)
    strncmp                                  0x080005d9   Thumb Code   150  strncmp.o(.text)
    __aeabi_memcpy                           0x0800066f   Thumb Code     0  rt_memcpy_v6.o(.text)
    __rt_memcpy                              0x0800066f   Thumb Code   138  rt_memcpy_v6.o(.text)
    _memcpy_lastbytes                        0x080006d5   Thumb Code     0  rt_memcpy_v6.o(.text)
    __aeabi_memcpy4                          0x080006f9   Thumb Code     0  rt_memcpy_w.o(.text)
    __aeabi_memcpy8                          0x080006f9   Thumb Code     0  rt_memcpy_w.o(.text)
    __rt_memcpy_w                            0x080006f9   Thumb Code   100  rt_memcpy_w.o(.text)
    _memcpy_lastbytes_aligned                0x08000741   Thumb Code     0  rt_memcpy_w.o(.text)
    __aeabi_memclr                           0x0800075d   Thumb Code     0  rt_memclr.o(.text)
    __rt_memclr                              0x0800075d   Thumb Code    68  rt_memclr.o(.text)
    _memset                                  0x08000761   Thumb Code     0  rt_memclr.o(.text)
    strncpy                                  0x080007a1   Thumb Code    86  strncpy.o(.text)
    strcmp                                   0x080007f9   Thumb Code   128  strcmpv7m.o(.text)
    __use_two_region_memory                  0x08000879   Thumb Code     2  heapauxi.o(.text)
    __rt_heap_escrow$2region                 0x0800087b   Thumb Code     2  heapauxi.o(.text)
    __rt_heap_expand$2region                 0x0800087d   Thumb Code     2  heapauxi.o(.text)
    __rt_ctype_table                         0x08000881   Thumb Code    16  rt_ctype_table.o(.text)
    __aeabi_errno_addr                       0x08000891   Thumb Code     8  rt_errno_addr_intlibspace.o(.text)
    __errno$intlibspace                      0x08000891   Thumb Code     0  rt_errno_addr_intlibspace.o(.text)
    __rt_errno_addr$intlibspace              0x08000891   Thumb Code     0  rt_errno_addr_intlibspace.o(.text)
    _printf_int_common                       0x08000899   Thumb Code   178  _printf_intcommon.o(.text)
    _printf_char_common                      0x08000957   Thumb Code    32  _printf_char_common.o(.text)
    _sputc                                   0x0800097d   Thumb Code    10  _sputc.o(.text)
    _snputc                                  0x08000987   Thumb Code    16  _snputc.o(.text)
    _printf_cs_common                        0x08000997   Thumb Code    20  _printf_char.o(.text)
    _printf_char                             0x080009ab   Thumb Code    16  _printf_char.o(.text)
    _printf_string                           0x080009bb   Thumb Code     8  _printf_char.o(.text)
    _strtoul                                 0x080009c3   Thumb Code   158  _strtoul.o(.text)
    strtol                                   0x08000a61   Thumb Code   112  strtol.o(.text)
    __aeabi_memclr4                          0x08000ad1   Thumb Code     0  rt_memclr_w.o(.text)
    __aeabi_memclr8                          0x08000ad1   Thumb Code     0  rt_memclr_w.o(.text)
    __rt_memclr_w                            0x08000ad1   Thumb Code    78  rt_memclr_w.o(.text)
    _memset_w                                0x08000ad5   Thumb Code     0  rt_memclr_w.o(.text)
    __user_libspace                          0x08000b21   Thumb Code     8  libspace.o(.text)
    __user_perproc_libspace                  0x08000b21   Thumb Code     0  libspace.o(.text)
    __user_perthread_libspace                0x08000b21   Thumb Code     0  libspace.o(.text)
    __rt_locale                              0x08000b29   Thumb Code     8  rt_locale_intlibspace.o(.text)
    _chval                                   0x08000b31   Thumb Code    28  _chval.o(.text)
    __user_setup_stackheap                   0x08000b4d   Thumb Code    74  sys_stackheap_outer.o(.text)
    exit                                     0x08000b97   Thumb Code    18  exit.o(.text)
    _sys_exit                                0x08000ba9   Thumb Code     8  sys_exit.o(.text)
    __I$use$semihosting                      0x08000bb5   Thumb Code     0  use_no_semi.o(.text)
    __use_no_semihosting_swi                 0x08000bb5   Thumb Code     2  use_no_semi.o(.text)
    BusFault_Handler                         0x08000bb7   Thumb Code     4  stm32f10x_it.o(i.BusFault_Handler)
    __semihosting_library_function           0x08000bb7   Thumb Code     0  indicate_semi.o(.text)
    DebugMon_Handler                         0x08000bbb   Thumb Code     2  stm32f10x_it.o(i.DebugMon_Handler)
    GPIO_Init                                0x08000bbd   Thumb Code   278  stm32f10x_gpio.o(i.GPIO_Init)
    GPIO_ReadInputDataBit                    0x08000cd3   Thumb Code    18  stm32f10x_gpio.o(i.GPIO_ReadInputDataBit)
    GPIO_ResetBits                           0x08000ce5   Thumb Code     4  stm32f10x_gpio.o(i.GPIO_ResetBits)
    GPIO_SetBits                             0x08000ce9   Thumb Code     4  stm32f10x_gpio.o(i.GPIO_SetBits)
    HardFault_Handler                        0x08000ced   Thumb Code     4  stm32f10x_it.o(i.HardFault_Handler)
    MemManage_Handler                        0x08000cf1   Thumb Code     4  stm32f10x_it.o(i.MemManage_Handler)
    NMI_Handler                              0x08000cf5   Thumb Code     2  stm32f10x_it.o(i.NMI_Handler)
    NVIC_Init                                0x08000cf9   Thumb Code   100  misc.o(i.NVIC_Init)
    PendSV_Handler                           0x08000d69   Thumb Code     2  stm32f10x_it.o(i.PendSV_Handler)
    RCC_APB1PeriphClockCmd                   0x08000d6d   Thumb Code    26  stm32f10x_rcc.o(i.RCC_APB1PeriphClockCmd)
    RCC_APB2PeriphClockCmd                   0x08000d8d   Thumb Code    26  stm32f10x_rcc.o(i.RCC_APB2PeriphClockCmd)
    RCC_GetClocksFreq                        0x08000dad   Thumb Code   192  stm32f10x_rcc.o(i.RCC_GetClocksFreq)
    SVC_Handler                              0x08000e81   Thumb Code     2  stm32f10x_it.o(i.SVC_Handler)
    SysTick_Handler                          0x08000f6d   Thumb Code    12  main.o(i.SysTick_Handler)
    SystemCoreClockUpdate                    0x08000f7d   Thumb Code   142  system_stm32f10x.o(i.SystemCoreClockUpdate)
    SystemInit                               0x08001021   Thumb Code    78  system_stm32f10x.o(i.SystemInit)
    USART2_IRQHandler                        0x08001081   Thumb Code    84  main.o(i.USART2_IRQHandler)
    USART_Cmd                                0x080010ed   Thumb Code    24  stm32f10x_usart.o(i.USART_Cmd)
    USART_GetFlagStatus                      0x08001105   Thumb Code    26  stm32f10x_usart.o(i.USART_GetFlagStatus)
    USART_ITConfig                           0x0800111f   Thumb Code    74  stm32f10x_usart.o(i.USART_ITConfig)
    USART_Init                               0x08001169   Thumb Code   210  stm32f10x_usart.o(i.USART_Init)
    USART_SendData                           0x08001241   Thumb Code     8  stm32f10x_usart.o(i.USART_SendData)
    USART_StructInit                         0x08001249   Thumb Code    24  stm32f10x_usart.o(i.USART_StructInit)
    UsageFault_Handler                       0x08001261   Thumb Code     4  stm32f10x_it.o(i.UsageFault_Handler)
    _is_digit                                0x08001265   Thumb Code    14  __printf_wp.o(i._is_digit)
    app_build_frame                          0x08001273   Thumb Code   170  app_protocol.o(i.app_build_frame)
    app_crc16                                0x0800131d   Thumb Code    72  app_protocol.o(i.app_crc16)
    app_validate_frame                       0x08001365   Thumb Code   122  app_protocol.o(i.app_validate_frame)
    main                                     0x0800284d   Thumb Code   510  main.o(i.main)
    millis                                   0x08002bb5   Thumb Code     6  main.o(i.millis)
    nrf24_clear_irqs                         0x08002ced   Thumb Code    12  nrf24.o(i.nrf24_clear_irqs)
    nrf24_init                               0x08002cf9   Thumb Code   246  nrf24.o(i.nrf24_init)
    nrf24_is_present                         0x08002df9   Thumb Code   140  nrf24.o(i.nrf24_is_present)
    nrf24_read_register                      0x08002e85   Thumb Code    12  nrf24.o(i.nrf24_read_register)
    nrf24_receive                            0x08002e91   Thumb Code    62  nrf24.o(i.nrf24_receive)
    nrf24_send                               0x08002ecf   Thumb Code   172  nrf24.o(i.nrf24_send)
    nrf24_start_listening                    0x08002f7b   Thumb Code    42  nrf24.o(i.nrf24_start_listening)
    _get_lc_ctype                            0x08003d11   Thumb Code    44  lc_ctype_c.o(locale$$code)
    Region$$Table$$Base                      0x08003ee8   Number         0  anon$$obj.o(Region$$Table)
    Region$$Table$$Limit                     0x08003f08   Number         0  anon$$obj.o(Region$$Table)
    __ctype                                  0x08003f15   Data           0  lc_ctype_c.o(locale$$data)
    SystemCoreClock                          0x20000000   Data           4  system_stm32f10x.o(.data)
    AHBPrescTable                            0x20000004   Data          16  system_stm32f10x.o(.data)
    __libspace_start                         0x200016cc   Data          96  libspace.o(.bss)
    __temporary_stack_top$libspace           0x2000172c   Data           0  libspace.o(.bss)



==============================================================================

Memory Map of the image

  Image Entry point : 0x080000ed

  Load Region LR_IROM1 (Base: 0x08000000, Size: 0x000040a0, Max: 0x00010000, ABSOLUTE)

    Execution Region ER_IROM1 (Base: 0x08000000, Size: 0x00004018, Max: 0x00010000, ABSOLUTE)

    Base Addr    Size         Type   Attr      Idx    E Section Name        Object

    0x08000000   0x000000ec   Data   RO          254    RESET               startup_stm32f10x_md.o
    0x080000ec   0x00000008   Code   RO         3668  * !!!main             c_w.l(__main.o)
    0x080000f4   0x00000034   Code   RO         3861    !!!scatter          c_w.l(__scatter.o)
    0x08000128   0x0000001a   Code   RO         3863    !!handler_copy      c_w.l(__scatter_copy.o)
    0x08000142   0x00000002   PAD
    0x08000144   0x0000001c   Code   RO         3865    !!handler_zi        c_w.l(__scatter_zi.o)
    0x08000160   0x00000000   Code   RO         3641    .ARM.Collect$$_printf_percent$$00000000  c_w.l(_printf_percent.o)
    0x08000160   0x00000006   Code   RO         3640    .ARM.Collect$$_printf_percent$$0000000A  c_w.l(_printf_u.o)
    0x08000166   0x00000006   Code   RO         3639    .ARM.Collect$$_printf_percent$$00000014  c_w.l(_printf_s.o)
    0x0800016c   0x00000004   Code   RO         3688    .ARM.Collect$$_printf_percent$$00000017  c_w.l(_printf_percent_end.o)
    0x08000170   0x00000002   Code   RO         3734    .ARM.Collect$$libinit$$00000000  c_w.l(libinit.o)
    0x08000172   0x00000000   Code   RO         3736    .ARM.Collect$$libinit$$00000002  c_w.l(libinit2.o)
    0x08000172   0x00000000   Code   RO         3738    .ARM.Collect$$libinit$$00000004  c_w.l(libinit2.o)
    0x08000172   0x00000000   Code   RO         3741    .ARM.Collect$$libinit$$0000000A  c_w.l(libinit2.o)
    0x08000172   0x00000000   Code   RO         3743    .ARM.Collect$$libinit$$0000000C  c_w.l(libinit2.o)
    0x08000172   0x00000000   Code   RO         3745    .ARM.Collect$$libinit$$0000000E  c_w.l(libinit2.o)
    0x08000172   0x00000006   Code   RO         3746    .ARM.Collect$$libinit$$0000000F  c_w.l(libinit2.o)
    0x08000178   0x00000000   Code   RO         3748    .ARM.Collect$$libinit$$00000011  c_w.l(libinit2.o)
    0x08000178   0x0000000c   Code   RO         3749    .ARM.Collect$$libinit$$00000012  c_w.l(libinit2.o)
    0x08000184   0x00000000   Code   RO         3750    .ARM.Collect$$libinit$$00000013  c_w.l(libinit2.o)
    0x08000184   0x00000000   Code   RO         3752    .ARM.Collect$$libinit$$00000015  c_w.l(libinit2.o)
    0x08000184   0x00000000   Code   RO         3754    .ARM.Collect$$libinit$$00000017  c_w.l(libinit2.o)
    0x08000184   0x00000000   Code   RO         3756    .ARM.Collect$$libinit$$00000019  c_w.l(libinit2.o)
    0x08000184   0x00000000   Code   RO         3758    .ARM.Collect$$libinit$$0000001B  c_w.l(libinit2.o)
    0x08000184   0x00000000   Code   RO         3760    .ARM.Collect$$libinit$$0000001D  c_w.l(libinit2.o)
    0x08000184   0x00000000   Code   RO         3762    .ARM.Collect$$libinit$$0000001F  c_w.l(libinit2.o)
    0x08000184   0x00000000   Code   RO         3764    .ARM.Collect$$libinit$$00000021  c_w.l(libinit2.o)
    0x08000184   0x00000000   Code   RO         3766    .ARM.Collect$$libinit$$00000023  c_w.l(libinit2.o)
    0x08000184   0x00000000   Code   RO         3768    .ARM.Collect$$libinit$$00000025  c_w.l(libinit2.o)
    0x08000184   0x00000000   Code   RO         3772    .ARM.Collect$$libinit$$0000002C  c_w.l(libinit2.o)
    0x08000184   0x00000000   Code   RO         3774    .ARM.Collect$$libinit$$0000002E  c_w.l(libinit2.o)
    0x08000184   0x00000000   Code   RO         3776    .ARM.Collect$$libinit$$00000030  c_w.l(libinit2.o)
    0x08000184   0x00000000   Code   RO         3778    .ARM.Collect$$libinit$$00000032  c_w.l(libinit2.o)
    0x08000184   0x00000002   Code   RO         3779    .ARM.Collect$$libinit$$00000033  c_w.l(libinit2.o)
    0x08000186   0x00000002   Code   RO         3809    .ARM.Collect$$libshutdown$$00000000  c_w.l(libshutdown.o)
    0x08000188   0x00000000   Code   RO         3820    .ARM.Collect$$libshutdown$$00000002  c_w.l(libshutdown2.o)
    0x08000188   0x00000000   Code   RO         3822    .ARM.Collect$$libshutdown$$00000004  c_w.l(libshutdown2.o)
    0x08000188   0x00000000   Code   RO         3825    .ARM.Collect$$libshutdown$$00000007  c_w.l(libshutdown2.o)
    0x08000188   0x00000000   Code   RO         3828    .ARM.Collect$$libshutdown$$0000000A  c_w.l(libshutdown2.o)
    0x08000188   0x00000000   Code   RO         3830    .ARM.Collect$$libshutdown$$0000000C  c_w.l(libshutdown2.o)
    0x08000188   0x00000000   Code   RO         3833    .ARM.Collect$$libshutdown$$0000000F  c_w.l(libshutdown2.o)
    0x08000188   0x00000002   Code   RO         3834    .ARM.Collect$$libshutdown$$00000010  c_w.l(libshutdown2.o)
    0x0800018a   0x00000000   Code   RO         3670    .ARM.Collect$$rtentry$$00000000  c_w.l(__rtentry.o)
    0x0800018a   0x00000000   Code   RO         3699    .ARM.Collect$$rtentry$$00000002  c_w.l(__rtentry2.o)
    0x0800018a   0x00000006   Code   RO         3711    .ARM.Collect$$rtentry$$00000004  c_w.l(__rtentry4.o)
    0x08000190   0x00000000   Code   RO         3701    .ARM.Collect$$rtentry$$00000009  c_w.l(__rtentry2.o)
    0x08000190   0x00000004   Code   RO         3702    .ARM.Collect$$rtentry$$0000000A  c_w.l(__rtentry2.o)
    0x08000194   0x00000000   Code   RO         3704    .ARM.Collect$$rtentry$$0000000C  c_w.l(__rtentry2.o)
    0x08000194   0x00000008   Code   RO         3705    .ARM.Collect$$rtentry$$0000000D  c_w.l(__rtentry2.o)
    0x0800019c   0x00000002   Code   RO         3780    .ARM.Collect$$rtexit$$00000000  c_w.l(rtexit.o)
    0x0800019e   0x00000000   Code   RO         3787    .ARM.Collect$$rtexit$$00000002  c_w.l(rtexit2.o)
    0x0800019e   0x00000004   Code   RO         3788    .ARM.Collect$$rtexit$$00000003  c_w.l(rtexit2.o)
    0x080001a2   0x00000006   Code   RO         3789    .ARM.Collect$$rtexit$$00000004  c_w.l(rtexit2.o)
    0x080001a8   0x00000040   Code   RO          255    .text               startup_stm32f10x_md.o
    0x080001e8   0x00000038   Code   RO         3607    .text               c_w.l(__2snprintf.o)
    0x08000220   0x0000004e   Code   RO         3613    .text               c_w.l(_printf_pad.o)
    0x0800026e   0x00000052   Code   RO         3615    .text               c_w.l(_printf_str.o)
    0x080002c0   0x00000078   Code   RO         3617    .text               c_w.l(_printf_dec.o)
    0x08000338   0x00000188   Code   RO         3636    .text               c_w.l(__printf_flags_ss_wp.o)
    0x080004c0   0x0000001a   Code   RO         3642    .text               c_w.l(atoi.o)
    0x080004da   0x00000072   Code   RO         3644    .text               c_w.l(strtoul.o)
    0x0800054c   0x00000014   Code   RO         3646    .text               c_w.l(strchr.o)
    0x08000560   0x00000024   Code   RO         3648    .text               c_w.l(strstr.o)
    0x08000584   0x00000016   Code   RO         3650    .text               c_w.l(strrchr.o)
    0x0800059a   0x0000003e   Code   RO         3652    .text               c_w.l(strlen.o)
    0x080005d8   0x00000096   Code   RO         3654    .text               c_w.l(strncmp.o)
    0x0800066e   0x0000008a   Code   RO         3656    .text               c_w.l(rt_memcpy_v6.o)
    0x080006f8   0x00000064   Code   RO         3658    .text               c_w.l(rt_memcpy_w.o)
    0x0800075c   0x00000044   Code   RO         3660    .text               c_w.l(rt_memclr.o)
    0x080007a0   0x00000056   Code   RO         3662    .text               c_w.l(strncpy.o)
    0x080007f6   0x00000002   PAD
    0x080007f8   0x00000080   Code   RO         3664    .text               c_w.l(strcmpv7m.o)
    0x08000878   0x00000006   Code   RO         3666    .text               c_w.l(heapauxi.o)
    0x0800087e   0x00000002   PAD
    0x08000880   0x00000010   Code   RO         3671    .text               c_w.l(rt_ctype_table.o)
    0x08000890   0x00000008   Code   RO         3676    .text               c_w.l(rt_errno_addr_intlibspace.o)
    0x08000898   0x000000b2   Code   RO         3678    .text               c_w.l(_printf_intcommon.o)
    0x0800094a   0x00000002   PAD
    0x0800094c   0x00000030   Code   RO         3680    .text               c_w.l(_printf_char_common.o)
    0x0800097c   0x0000000a   Code   RO         3682    .text               c_w.l(_sputc.o)
    0x08000986   0x00000010   Code   RO         3684    .text               c_w.l(_snputc.o)
    0x08000996   0x0000002c   Code   RO         3686    .text               c_w.l(_printf_char.o)
    0x080009c2   0x0000009e   Code   RO         3689    .text               c_w.l(_strtoul.o)
    0x08000a60   0x00000070   Code   RO         3691    .text               c_w.l(strtol.o)
    0x08000ad0   0x0000004e   Code   RO         3693    .text               c_w.l(rt_memclr_w.o)
    0x08000b1e   0x00000002   PAD
    0x08000b20   0x00000008   Code   RO         3695    .text               c_w.l(libspace.o)
    0x08000b28   0x00000008   Code   RO         3716    .text               c_w.l(rt_locale_intlibspace.o)
    0x08000b30   0x0000001c   Code   RO         3720    .text               c_w.l(_chval.o)
    0x08000b4c   0x0000004a   Code   RO         3725    .text               c_w.l(sys_stackheap_outer.o)
    0x08000b96   0x00000012   Code   RO         3727    .text               c_w.l(exit.o)
    0x08000ba8   0x0000000c   Code   RO         3799    .text               c_w.l(sys_exit.o)
    0x08000bb4   0x00000002   Code   RO         3810    .text               c_w.l(use_no_semi.o)
    0x08000bb6   0x00000000   Code   RO         3812    .text               c_w.l(indicate_semi.o)
    0x08000bb6   0x00000004   Code   RO         3548    i.BusFault_Handler  stm32f10x_it.o
    0x08000bba   0x00000002   Code   RO         3549    i.DebugMon_Handler  stm32f10x_it.o
    0x08000bbc   0x00000116   Code   RO         1499    i.GPIO_Init         stm32f10x_gpio.o
    0x08000cd2   0x00000012   Code   RO         1503    i.GPIO_ReadInputDataBit  stm32f10x_gpio.o
    0x08000ce4   0x00000004   Code   RO         1506    i.GPIO_ResetBits    stm32f10x_gpio.o
    0x08000ce8   0x00000004   Code   RO         1507    i.GPIO_SetBits      stm32f10x_gpio.o
    0x08000cec   0x00000004   Code   RO         3550    i.HardFault_Handler  stm32f10x_it.o
    0x08000cf0   0x00000004   Code   RO         3551    i.MemManage_Handler  stm32f10x_it.o
    0x08000cf4   0x00000002   Code   RO         3552    i.NMI_Handler       stm32f10x_it.o
    0x08000cf6   0x00000002   PAD
    0x08000cf8   0x00000070   Code   RO          312    i.NVIC_Init         misc.o
    0x08000d68   0x00000002   Code   RO         3553    i.PendSV_Handler    stm32f10x_it.o
    0x08000d6a   0x00000002   PAD
    0x08000d6c   0x00000020   Code   RO         1927    i.RCC_APB1PeriphClockCmd  stm32f10x_rcc.o
    0x08000d8c   0x00000020   Code   RO         1929    i.RCC_APB2PeriphClockCmd  stm32f10x_rcc.o
    0x08000dac   0x000000d4   Code   RO         1937    i.RCC_GetClocksFreq  stm32f10x_rcc.o
    0x08000e80   0x00000002   Code   RO         3554    i.SVC_Handler       stm32f10x_it.o
    0x08000e82   0x00000008   Code   RO          259    i.SetSysClock       system_stm32f10x.o
    0x08000e8a   0x00000002   PAD
    0x08000e8c   0x000000e0   Code   RO          260    i.SetSysClockTo72   system_stm32f10x.o
    0x08000f6c   0x00000010   Code   RO         3348    i.SysTick_Handler   main.o
    0x08000f7c   0x000000a4   Code   RO          261    i.SystemCoreClockUpdate  system_stm32f10x.o
    0x08001020   0x00000060   Code   RO          262    i.SystemInit        system_stm32f10x.o
    0x08001080   0x0000006c   Code   RO         3349    i.USART2_IRQHandler  main.o
    0x080010ec   0x00000018   Code   RO         3112    i.USART_Cmd         stm32f10x_usart.o
    0x08001104   0x0000001a   Code   RO         3115    i.USART_GetFlagStatus  stm32f10x_usart.o
    0x0800111e   0x0000004a   Code   RO         3118    i.USART_ITConfig    stm32f10x_usart.o
    0x08001168   0x000000d8   Code   RO         3119    i.USART_Init        stm32f10x_usart.o
    0x08001240   0x00000008   Code   RO         3129    i.USART_SendData    stm32f10x_usart.o
    0x08001248   0x00000018   Code   RO         3135    i.USART_StructInit  stm32f10x_usart.o
    0x08001260   0x00000004   Code   RO         3555    i.UsageFault_Handler  stm32f10x_it.o
    0x08001264   0x0000000e   Code   RO         3629    i._is_digit         c_w.l(__printf_wp.o)
    0x08001272   0x000000aa   Code   RO            1    i.app_build_frame   app_protocol.o
    0x0800131c   0x00000048   Code   RO            2    i.app_crc16         app_protocol.o
    0x08001364   0x0000007a   Code   RO            3    i.app_validate_frame  app_protocol.o
    0x080013de   0x00000002   PAD
    0x080013e0   0x00000010   Code   RO           41    i.ce_high           nrf24.o
    0x080013f0   0x00000010   Code   RO           42    i.ce_low            nrf24.o
    0x08001400   0x000000d8   Code   RO         3350    i.clm_enter_backoff  main.o
    0x080014d8   0x0000053c   Code   RO         3351    i.clm_handle_line   main.o
    0x08001a14   0x00000134   Code   RO         3352    i.clm_handle_ok     main.o
    0x08001b48   0x000000b8   Code   RO         3353    i.clm_handle_prompt  main.o
    0x08001c00   0x00000030   Code   RO         3354    i.clm_issue         main.o
    0x08001c30   0x000001b4   Code   RO         3355    i.clm_message       main.o
    0x08001de4   0x000000cc   Code   RO         3356    i.clm_parse_pub     main.o
    0x08001eb0   0x00000080   Code   RO         3357    i.clm_rx_task       main.o
    0x08001f30   0x00000090   Code   RO         3358    i.clm_send          main.o
    0x08001fc0   0x00000664   Code   RO         3359    i.clm_task          main.o
    0x08002624   0x0000006c   Code   RO         3360    i.cmd_remove_slot   main.o
    0x08002690   0x00000018   Code   RO           43    i.command           nrf24.o
    0x080026a8   0x00000010   Code   RO           44    i.csn_high          nrf24.o
    0x080026b8   0x00000010   Code   RO           45    i.csn_low           nrf24.o
    0x080026c8   0x0000001c   Code   RO         3361    i.dbg               main.o
    0x080026e4   0x00000038   Code   RO         3362    i.dbg_hex           main.o
    0x0800271c   0x00000054   Code   RO         3363    i.dbg_u32           main.o
    0x08002770   0x00000024   Code   RO           46    i.delay_us          nrf24.o
    0x08002794   0x0000003c   Code   RO         3364    i.effective_apn     main.o
    0x080027d0   0x00000034   Code   RO         3365    i.effective_client_id  main.o
    0x08002804   0x00000048   Code   RO         3366    i.json_num          main.o
    0x0800284c   0x00000368   Code   RO         3367    i.main              main.o
    0x08002bb4   0x0000000c   Code   RO         3368    i.millis            main.o
    0x08002bc0   0x0000000e   Code   RO         3369    i.node_addr         main.o
    0x08002bce   0x00000002   PAD
    0x08002bd0   0x0000011c   Code   RO         3370    i.node_result       main.o
    0x08002cec   0x0000000c   Code   RO           47    i.nrf24_clear_irqs  nrf24.o
    0x08002cf8   0x00000100   Code   RO           48    i.nrf24_init        nrf24.o
    0x08002df8   0x0000008c   Code   RO           49    i.nrf24_is_present  nrf24.o
    0x08002e84   0x0000000c   Code   RO           51    i.nrf24_read_register  nrf24.o
    0x08002e90   0x0000003e   Code   RO           52    i.nrf24_receive     nrf24.o
    0x08002ece   0x000000ac   Code   RO           53    i.nrf24_send        nrf24.o
    0x08002f7a   0x0000002a   Code   RO           54    i.nrf24_start_listening  nrf24.o
    0x08002fa4   0x00000058   Code   RO         3371    i.nrf_dump          main.o
    0x08002ffc   0x0000006c   Code   RO         3372    i.pc_task           main.o
    0x08003068   0x00000170   Code   RO         3373    i.pub_add           main.o
    0x080031d8   0x0000007c   Code   RO         3374    i.publish_command_result  main.o
    0x08003254   0x00000098   Code   RO         3375    i.publish_gateway_state  main.o
    0x080032ec   0x00000124   Code   RO         3376    i.publish_telemetry  main.o
    0x08003410   0x0000001e   Code   RO         3377    i.putc_u            main.o
    0x0800342e   0x00000002   PAD
    0x08003430   0x000006ac   Code   RO         3378    i.radio_task        main.o
    0x08003adc   0x0000002e   Code   RO           55    i.read_buf          nrf24.o
    0x08003b0a   0x00000020   Code   RO           56    i.read_reg          nrf24.o
    0x08003b2a   0x00000002   PAD
    0x08003b2c   0x00000058   Code   RO         3379    i.readc             main.o
    0x08003b84   0x0000001e   Code   RO           57    i.spi_bit_delay     nrf24.o
    0x08003ba2   0x00000002   PAD
    0x08003ba4   0x00000060   Code   RO           58    i.spi_rw            nrf24.o
    0x08003c04   0x000000bc   Code   RO         3380    i.uart_init         main.o
    0x08003cc0   0x0000002c   Code   RO           59    i.write_buf         nrf24.o
    0x08003cec   0x00000022   Code   RO           60    i.write_reg         nrf24.o
    0x08003d0e   0x00000002   PAD
    0x08003d10   0x0000002c   Code   RO         3723    locale$$code        c_w.l(lc_ctype_c.o)
    0x08003d3c   0x00000044   Data   RO         3382    .constdata          main.o
    0x08003d80   0x00000011   Data   RO         3637    .constdata          c_w.l(__printf_flags_ss_wp.o)
    0x08003d91   0x00000003   PAD
    0x08003d94   0x00000152   Data   RO         3383    .conststring        main.o
    0x08003ee6   0x00000002   PAD
    0x08003ee8   0x00000020   Data   RO         3859    Region$$Table       anon$$obj.o
    0x08003f08   0x00000110   Data   RO         3722    locale$$data        c_w.l(lc_ctype_c.o)


    Execution Region RW_IRAM1 (Base: 0x20000000, Size: 0x00001d30, Max: 0x00005000, ABSOLUTE)

    Base Addr    Size         Type   Attr      Idx    E Section Name        Object

    0x20000000   0x00000014   Data   RW          263    .data               system_stm32f10x.o
    0x20000014   0x00000014   Data   RW         1957    .data               stm32f10x_rcc.o
    0x20000028   0x0000005d   Data   RW         3384    .data               main.o
    0x20000085   0x00000003   PAD
    0x20000088   0x00001644   Zero   RW         3381    .bss                main.o
    0x200016cc   0x00000060   Zero   RW         3696    .bss                c_w.l(libspace.o)
    0x2000172c   0x00000004   PAD
    0x20001730   0x00000200   Zero   RW          253    HEAP                startup_stm32f10x_md.o
    0x20001930   0x00000400   Zero   RW          252    STACK               startup_stm32f10x_md.o


==============================================================================

Image component sizes


      Code (inc. data)   RO Data    RW Data    ZI Data      Debug   Object Name

       364          0          0          0          0       9667   app_protocol.o
         0          0          0          0          0         32   core_cm3.o
      9556       3096        406         93       5700      43581   main.o
       112         12          0          0          0       2660   misc.o
      1102         32          0          0          0     238322   nrf24.o
        64         26        236          0       1536        816   startup_stm32f10x_md.o
       304          0          0          0          0      11932   stm32f10x_gpio.o
        24          0          0          0          0       3516   stm32f10x_it.o
       276         32          0         20          0      13118   stm32f10x_rcc.o
       372          6          0          0          0      11324   stm32f10x_usart.o
       492         50          0         20          0       2853   system_stm32f10x.o

    ----------------------------------------------------------------------
     12684       3254        676        136       7236     337821   Object Totals
         0          0         32          0          0          0   (incl. Generated)
        18          0          2          3          0          0   (incl. Padding)

    ----------------------------------------------------------------------

      Code (inc. data)   RO Data    RW Data    ZI Data      Debug   Library Member Name

        56          6          0          0          0         88   __2snprintf.o
         8          0          0          0          0         68   __main.o
       392          4         17          0          0         92   __printf_flags_ss_wp.o
        14          0          0          0          0         68   __printf_wp.o
         0          0          0          0          0          0   __rtentry.o
        12          0          0          0          0          0   __rtentry2.o
         6          0          0          0          0          0   __rtentry4.o
        52          8          0          0          0          0   __scatter.o
        26          0          0          0          0          0   __scatter_copy.o
        28          0          0          0          0          0   __scatter_zi.o
        28          0          0          0          0         68   _chval.o
        44          0          0          0          0        108   _printf_char.o
        48          6          0          0          0         96   _printf_char_common.o
       120         16          0          0          0         92   _printf_dec.o
       178          0          0          0          0         88   _printf_intcommon.o
        78          0          0          0          0        108   _printf_pad.o
         0          0          0          0          0          0   _printf_percent.o
         4          0          0          0          0          0   _printf_percent_end.o
         6          0          0          0          0          0   _printf_s.o
        82          0          0          0          0         80   _printf_str.o
         6          0          0          0          0          0   _printf_u.o
        16          0          0          0          0         68   _snputc.o
        10          0          0          0          0         68   _sputc.o
       158          0          0          0          0         92   _strtoul.o
        26          0          0          0          0         80   atoi.o
        18          0          0          0          0         80   exit.o
         6          0          0          0          0        152   heapauxi.o
         0          0          0          0          0          0   indicate_semi.o
        44         10        272          0          0         76   lc_ctype_c.o
         2          0          0          0          0          0   libinit.o
        20          0          0          0          0          0   libinit2.o
         2          0          0          0          0          0   libshutdown.o
         2          0          0          0          0          0   libshutdown2.o
         8          4          0          0         96         68   libspace.o
        16          4          0          0          0         76   rt_ctype_table.o
         8          4          0          0          0         68   rt_errno_addr_intlibspace.o
         8          4          0          0          0         68   rt_locale_intlibspace.o
        68          0          0          0          0         68   rt_memclr.o
        78          0          0          0          0         80   rt_memclr_w.o
       138          0          0          0          0         68   rt_memcpy_v6.o
       100          0          0          0          0         80   rt_memcpy_w.o
         2          0          0          0          0          0   rtexit.o
        10          0          0          0          0          0   rtexit2.o
        20          0          0          0          0         68   strchr.o
       128          0          0          0          0         68   strcmpv7m.o
        62          0          0          0          0         76   strlen.o
       150          0          0          0          0         80   strncmp.o
        86          0          0          0          0         76   strncpy.o
        22          0          0          0          0         68   strrchr.o
        36          0          0          0          0         80   strstr.o
       112          0          0          0          0         88   strtol.o
       114          0          0          0          0         92   strtoul.o
        12          4          0          0          0         68   sys_exit.o
        74          0          0          0          0         80   sys_stackheap_outer.o
         2          0          0          0          0         68   use_no_semi.o

    ----------------------------------------------------------------------
      2756         70        292          0        100       3060   Library Totals
        10          0          3          0          4          0   (incl. Padding)

    ----------------------------------------------------------------------

      Code (inc. data)   RO Data    RW Data    ZI Data      Debug   Library Name

      2746         70        289          0         96       3060   c_w.l

    ----------------------------------------------------------------------
      2756         70        292          0        100       3060   Library Totals

    ----------------------------------------------------------------------

==============================================================================


      Code (inc. data)   RO Data    RW Data    ZI Data      Debug   

     15440       3324        968        136       7336     335157   Grand Totals
     15440       3324        968        136       7336     335157   ELF Image Totals
     15440       3324        968        136          0          0   ROM Totals

==============================================================================

    Total RO  Size (Code + RO Data)                16408 (  16.02kB)
    Total RW  Size (RW Data + ZI Data)              7472 (   7.30kB)
    Total ROM Size (Code + RO Data + RW Data)      16544 (  16.16kB)

==============================================================================

