Component: ARM Compiler 5.06 update 1 (build 61) Tool: armlink [4d35a8]

==============================================================================

Section Cross References

    main.o(i.SysTick_Handler) refers to main.o(.data) for g_ms
    main.o(i.board_init) refers to system_stm32f10x.o(i.SystemCoreClockUpdate) for SystemCoreClockUpdate
    main.o(i.board_init) refers to stm32f10x_rcc.o(i.RCC_APB2PeriphClockCmd) for RCC_APB2PeriphClockCmd
    main.o(i.board_init) refers to stm32f10x_gpio.o(i.GPIO_Init) for GPIO_Init
    main.o(i.board_init) refers to stm32f10x_gpio.o(i.GPIO_SetBits) for GPIO_SetBits
    main.o(i.board_init) refers to system_stm32f10x.o(.data) for SystemCoreClock
    main.o(i.board_init) refers to main.o(.data) for boot_id
    main.o(i.build_response) refers to sensor.o(i.sensors_get_snapshot) for sensors_get_snapshot
    main.o(i.build_response) refers to main.o(i.millis) for millis
    main.o(i.build_response) refers to app_protocol.o(i.app_build_frame) for app_build_frame
    main.o(i.build_response) refers to main.o(i.dbg_s) for dbg_s
    main.o(i.build_response) refers to main.o(i.dbg_u32) for dbg_u32
    main.o(i.build_response) refers to main.o(i.led_set) for led_set
    main.o(i.build_response) refers to sensor.o(i.sensors_set_period) for sensors_set_period
    main.o(i.build_response) refers to sensor.o(i.sensors_force_sample) for sensors_force_sample
    main.o(i.build_response) refers to main.o(i.dbg_nrf) for dbg_nrf
    main.o(i.build_response) refers to main.o(i.debug_sensor_status) for debug_sensor_status
    main.o(i.build_response) refers to main.o(.data) for master_was_lost
    main.o(i.build_response) refers to main.o(.bss) for last_command_ack
    main.o(i.dbg_c) refers to stm32f10x_usart.o(i.USART_GetFlagStatus) for USART_GetFlagStatus
    main.o(i.dbg_c) refers to stm32f10x_usart.o(i.USART_SendData) for USART_SendData
    main.o(i.dbg_hex) refers to main.o(i.dbg_c) for dbg_c
    main.o(i.dbg_hex) refers to main.o(.constdata) for h
    main.o(i.dbg_nrf) refers to main.o(i.dbg_s) for dbg_s
    main.o(i.dbg_nrf) refers to main.o(i.dbg_c) for dbg_c
    main.o(i.dbg_nrf) refers to main.o(i.dbg_hex) for dbg_hex
    main.o(i.dbg_nrf) refers to nrf24.o(i.nrf24_read_register) for nrf24_read_register
    main.o(i.dbg_nrf) refers to main.o(.constdata) for r
    main.o(i.dbg_s) refers to main.o(i.dbg_c) for dbg_c
    main.o(i.dbg_u32) refers to main.o(i.dbg_c) for dbg_c
    main.o(i.debug_sensor_status) refers to main.o(i.dbg_s) for dbg_s
    main.o(i.debug_sensor_status) refers to sensor.o(i.sensors_aht_address_ok) for sensors_aht_address_ok
    main.o(i.debug_sensor_status) refers to main.o(i.dbg_u32) for dbg_u32
    main.o(i.debug_sensor_status) refers to sensor.o(i.sensors_bmp_address) for sensors_bmp_address
    main.o(i.debug_sensor_status) refers to main.o(i.dbg_hex) for dbg_hex
    main.o(i.debug_sensor_status) refers to sensor.o(i.sensors_get_period) for sensors_get_period
    main.o(i.debug_uart_init) refers to stm32f10x_rcc.o(i.RCC_APB2PeriphClockCmd) for RCC_APB2PeriphClockCmd
    main.o(i.debug_uart_init) refers to stm32f10x_gpio.o(i.GPIO_Init) for GPIO_Init
    main.o(i.debug_uart_init) refers to stm32f10x_usart.o(i.USART_StructInit) for USART_StructInit
    main.o(i.debug_uart_init) refers to stm32f10x_usart.o(i.USART_Init) for USART_Init
    main.o(i.debug_uart_init) refers to stm32f10x_usart.o(i.USART_Cmd) for USART_Cmd
    main.o(i.fatal_radio) refers to main.o(i.dbg_s) for dbg_s
    main.o(i.fatal_radio) refers to main.o(i.millis) for millis
    main.o(i.fatal_radio) refers to main.o(i.led_set) for led_set
    main.o(i.led_set) refers to stm32f10x_gpio.o(i.GPIO_ResetBits) for GPIO_ResetBits
    main.o(i.led_set) refers to stm32f10x_gpio.o(i.GPIO_SetBits) for GPIO_SetBits
    main.o(i.led_set) refers to main.o(.data) for led_state
    main.o(i.main) refers to main.o(i.board_init) for board_init
    main.o(i.main) refers to main.o(i.debug_uart_init) for debug_uart_init
    main.o(i.main) refers to main.o(i.dbg_s) for dbg_s
    main.o(i.main) refers to main.o(i.dbg_u32) for dbg_u32
    main.o(i.main) refers to main.o(i.led_set) for led_set
    main.o(i.main) refers to nrf24.o(i.nrf24_init) for nrf24_init
    main.o(i.main) refers to main.o(i.dbg_nrf) for dbg_nrf
    main.o(i.main) refers to nrf24.o(i.nrf24_is_present) for nrf24_is_present
    main.o(i.main) refers to main.o(i.fatal_radio) for fatal_radio
    main.o(i.main) refers to sensor.o(i.sensors_init) for sensors_init
    main.o(i.main) refers to main.o(i.debug_sensor_status) for debug_sensor_status
    main.o(i.main) refers to sensor.o(i.sensors_force_sample) for sensors_force_sample
    main.o(i.main) refers to main.o(i.millis) for millis
    main.o(i.main) refers to nrf24.o(i.nrf24_start_listening) for nrf24_start_listening
    main.o(i.main) refers to sensor.o(i.sensors_task) for sensors_task
    main.o(i.main) refers to main.o(i.radio_task) for radio_task
[...]
    nrf24.o(i.nrf24_read_register) refers to nrf24.o(i.read_reg) for read_reg
    nrf24.o(i.nrf24_receive) refers to nrf24.o(i.read_reg) for read_reg
    nrf24.o(i.nrf24_receive) refers to nrf24.o(i.read_buf) for read_buf
    nrf24.o(i.nrf24_receive) refers to nrf24.o(i.write_reg) for write_reg
    nrf24.o(i.nrf24_send) refers to nrf24.o(i.ce_low) for ce_low
    nrf24.o(i.nrf24_send) refers to nrf24.o(i.write_reg) for write_reg
    nrf24.o(i.nrf24_send) refers to nrf24.o(i.write_buf) for write_buf
    nrf24.o(i.nrf24_send) refers to nrf24.o(i.command) for command
    nrf24.o(i.nrf24_send) refers to nrf24.o(i.nrf24_clear_irqs) for nrf24_clear_irqs
    nrf24.o(i.nrf24_send) refers to nrf24.o(i.delay_us) for delay_us
    nrf24.o(i.nrf24_send) refers to nrf24.o(i.ce_high) for ce_high
    nrf24.o(i.nrf24_send) refers to main.o(i.millis) for millis
    nrf24.o(i.nrf24_send) refers to nrf24.o(i.read_reg) for read_reg
    nrf24.o(i.nrf24_start_listening) refers to nrf24.o(i.ce_low) for ce_low
    nrf24.o(i.nrf24_start_listening) refers to nrf24.o(i.write_buf) for write_buf
    nrf24.o(i.nrf24_start_listening) refers to nrf24.o(i.nrf24_clear_irqs) for nrf24_clear_irqs
    nrf24.o(i.nrf24_start_listening) refers to nrf24.o(i.write_reg) for write_reg
    nrf24.o(i.nrf24_start_listening) refers to nrf24.o(i.ce_high) for ce_high
    nrf24.o(i.nrf24_start_listening) refers to nrf24.o(i.delay_us) for delay_us
    nrf24.o(i.read_buf) refers to nrf24.o(i.csn_low) for csn_low
    nrf24.o(i.read_buf) refers to nrf24.o(i.spi_rw) for spi_rw
    nrf24.o(i.read_buf) refers to nrf24.o(i.csn_high) for csn_high
    nrf24.o(i.read_reg) refers to nrf24.o(i.csn_low) for csn_low
    nrf24.o(i.read_reg) refers to nrf24.o(i.spi_rw) for spi_rw
    nrf24.o(i.read_reg) refers to nrf24.o(i.csn_high) for csn_high
    nrf24.o(i.spi_rw) refers to stm32f10x_gpio.o(i.GPIO_SetBits) for GPIO_SetBits
    nrf24.o(i.spi_rw) refers to stm32f10x_gpio.o(i.GPIO_ResetBits) for GPIO_ResetBits
    nrf24.o(i.spi_rw) refers to nrf24.o(i.spi_bit_delay) for spi_bit_delay
    nrf24.o(i.spi_rw) refers to stm32f10x_gpio.o(i.GPIO_ReadInputDataBit) for GPIO_ReadInputDataBit
    nrf24.o(i.write_buf) refers to nrf24.o(i.csn_low) for csn_low
    nrf24.o(i.write_buf) refers to nrf24.o(i.spi_rw) for spi_rw
    nrf24.o(i.write_buf) refers to nrf24.o(i.csn_high) for csn_high
    nrf24.o(i.write_reg) refers to nrf24.o(i.csn_low) for csn_low
    nrf24.o(i.write_reg) refers to nrf24.o(i.spi_rw) for spi_rw
    nrf24.o(i.write_reg) refers to nrf24.o(i.csn_high) for csn_high
    i2c_bus.o(i.i2c_bus_init) refers to stm32f10x_rcc.o(i.RCC_APB2PeriphClockCmd) for RCC_APB2PeriphClockCmd
    i2c_bus.o(i.i2c_bus_init) refers to stm32f10x_gpio.o(i.GPIO_Init) for GPIO_Init
    i2c_bus.o(i.i2c_bus_init) refers to stm32f10x_gpio.o(i.GPIO_SetBits) for GPIO_SetBits
    i2c_bus.o(i.i2c_bus_init) refers to i2c_bus.o(i.i2c_bus_recover) for i2c_bus_recover
    i2c_bus.o(i.i2c_bus_recover) refers to i2c_bus.o(i.sda) for sda
    i2c_bus.o(i.i2c_bus_recover) refers to i2c_bus.o(i.scl) for scl
    i2c_bus.o(i.i2c_bus_recover) refers to i2c_bus.o(i.sda_read) for sda_read
    i2c_bus.o(i.i2c_bus_recover) refers to i2c_bus.o(i.stop_condition) for stop_condition
    i2c_bus.o(i.i2c_read) refers to i2c_bus.o(i.start_condition) for start_condition
    i2c_bus.o(i.i2c_read) refers to i2c_bus.o(i.write_byte) for write_byte
    i2c_bus.o(i.i2c_read) refers to i2c_bus.o(i.read_byte) for read_byte
    i2c_bus.o(i.i2c_read) refers to i2c_bus.o(i.stop_condition) for stop_condition
    i2c_bus.o(i.i2c_read_regs) refers to i2c_bus.o(i.start_condition) for start_condition
    i2c_bus.o(i.i2c_read_regs) refers to i2c_bus.o(i.write_byte) for write_byte
    i2c_bus.o(i.i2c_read_regs) refers to i2c_bus.o(i.read_byte) for read_byte
    i2c_bus.o(i.i2c_read_regs) refers to i2c_bus.o(i.stop_condition) for stop_condition
    i2c_bus.o(i.i2c_write) refers to i2c_bus.o(i.start_condition) for start_condition
    i2c_bus.o(i.i2c_write) refers to i2c_bus.o(i.write_byte) for write_byte
    i2c_bus.o(i.i2c_write) refers to i2c_bus.o(i.stop_condition) for stop_condition
    i2c_bus.o(i.i2c_write_reg) refers to i2c_bus.o(i.i2c_write) for i2c_write
    i2c_bus.o(i.read_byte) refers to i2c_bus.o(i.sda) for sda
    i2c_bus.o(i.read_byte) refers to i2c_bus.o(i.scl) for scl
    i2c_bus.o(i.read_byte) refers to i2c_bus.o(i.sda_read) for sda_read
    i2c_bus.o(i.scl) refers to stm32f10x_gpio.o(i.GPIO_SetBits) for GPIO_SetBits
    i2c_bus.o(i.scl) refers to stm32f10x_gpio.o(i.GPIO_ResetBits) for GPIO_ResetBits
    i2c_bus.o(i.scl) refers to i2c_bus.o(i.delay_i2c) for delay_i2c
    i2c_bus.o(i.sda) refers to stm32f10x_gpio.o(i.GPIO_SetBits) for GPIO_SetBits
    i2c_bus.o(i.sda) refers to stm32f10x_gpio.o(i.GPIO_ResetBits) for GPIO_ResetBits
    i2c_bus.o(i.sda) refers to i2c_bus.o(i.delay_i2c) for delay_i2c
    i2c_bus.o(i.sda_read) refers to stm32f10x_gpio.o(i.GPIO_ReadInputDataBit) for GPIO_ReadInputDataBit
    i2c_bus.o(i.start_condition) refers to i2c_bus.o(i.sda) for sda
    i2c_bus.o(i.start_condition) refers to i2c_bus.o(i.scl) for scl
    i2c_bus.o(i.stop_condition) refers to i2c_bus.o(i.sda) for sda
    i2c_bus.o(i.stop_condition) refers to i2c_bus.o(i.scl) for scl
    i2c_bus.o(i.write_byte) refers to i2c_bus.o(i.sda) for sda
    i2c_bus.o(i.write_byte) refers to i2c_bus.o(i.scl) for scl
    i2c_bus.o(i.write_byte) refers to i2c_bus.o(i.sda_read) for sda_read
    sensor.o(i.bmp_init_at) refers to i2c_bus.o(i.i2c_read_regs) for i2c_read_regs
    sensor.o(i.bmp_init_at) refers to sensor.o(i.u16le) for u16le
    sensor.o(i.bmp_init_at) refers to sensor.o(i.s16le) for s16le
    sensor.o(i.bmp_init_at) refers to i2c_bus.o(i.i2c_write_reg) for i2c_write_reg
    sensor.o(i.bmp_init_at) refers to sensor.o(.bss) for cal
    sensor.o(i.bmp_sample) refers to i2c_bus.o(i.i2c_read_regs) for i2c_read_regs
    sensor.o(i.bmp_sample) refers to ldiv.o(.text) for __aeabi_ldivmod
    sensor.o(i.bmp_sample) refers to sensor.o(.data) for bmp_address
    sensor.o(i.bmp_sample) refers to sensor.o(.bss) for cal
    sensor.o(i.s16le) refers to sensor.o(i.u16le) for u16le
    sensor.o(i.sensors_aht_address_ok) refers to sensor.o(.data) for aht_ok
    sensor.o(i.sensors_bmp_address) refers to sensor.o(.data) for bmp_address
    sensor.o(i.sensors_force_sample) refers to sensor.o(.data) for force_pending
    sensor.o(i.sensors_get_period) refers to sensor.o(.data) for period_ms
    sensor.o(i.sensors_get_snapshot) refers to sensor.o(.bss) for snapshot
    sensor.o(i.sensors_init) refers to i2c_bus.o(i.i2c_bus_init) for i2c_bus_init
    sensor.o(i.sensors_init) refers to i2c_bus.o(i.i2c_bus_recover) for i2c_bus_recover
    sensor.o(i.sensors_init) refers to i2c_bus.o(i.i2c_read) for i2c_read
    sensor.o(i.sensors_init) refers to sensor.o(i.bmp_init_at) for bmp_init_at
    sensor.o(i.sensors_init) refers to sensor.o(.bss) for snapshot
    sensor.o(i.sensors_init) refers to sensor.o(.data) for aht_ok
    sensor.o(i.sensors_set_period) refers to sensor.o(.data) for period_ms
    sensor.o(i.sensors_task) refers to i2c_bus.o(i.i2c_write) for i2c_write
    sensor.o(i.sensors_task) refers to i2c_bus.o(i.i2c_write_reg) for i2c_write_reg
    sensor.o(i.sensors_task) refers to i2c_bus.o(i.i2c_read) for i2c_read
    sensor.o(i.sensors_task) refers to uldiv.o(.text) for __aeabi_uldivmod
    sensor.o(i.sensors_task) refers to ldiv.o(.text) for __aeabi_ldivmod
    sensor.o(i.sensors_task) refers to sensor.o(i.aht_crc8) for aht_crc8
    sensor.o(i.sensors_task) refers to sensor.o(i.bmp_sample) for bmp_sample
    sensor.o(i.sensors_task) refers to sensor.o(.data) for state
    sensor.o(i.sensors_task) refers to sensor.o(.bss) for snapshot
    startup_stm32f10x_md.o(RESET) refers to startup_stm32f10x_md.o(STACK) for __initial_sp
    startup_stm32f10x_md.o(RESET) refers to startup_stm32f10x_md.o(.text) for Reset_Handler
    startup_stm32f10x_md.o(RESET) refers to stm32f10x_it.o(i.NMI_Handler) for NMI_Handler
    startup_stm32f10x_md.o(RESET) refers to stm32f10x_it.o(i.HardFault_Handler) for HardFault_Handler
    startup_stm32f10x_md.o(RESET) refers to stm32f10x_it.o(i.MemManage_Handler) for MemManage_Handler
    startup_stm32f10x_md.o(RESET) refers to stm32f10x_it.o(i.BusFault_Handler) for BusFault_Handler
    startup_stm32f10x_md.o(RESET) refers to stm32f10x_it.o(i.UsageFault_Handler) for UsageFault_Handler
    startup_stm32f10x_md.o(RESET) refers to stm32f10x_it.o(i.SVC_Handler) for SVC_Handler
    startup_stm32f10x_md.o(RESET) refers to stm32f10x_it.o(i.DebugMon_Handler) for DebugMon_Handler
    startup_stm32f10x_md.o(RESET) refers to stm32f10x_it.o(i.PendSV_Handler) for PendSV_Handler
    startup_stm32f10x_md.o(RESET) refers to main.o(i.SysTick_Handler) for SysTick_Handler
    startup_stm32f10x_md.o(.text) refers to system_stm32f10x.o(i.SystemInit) for SystemInit
    startup_stm32f10x_md.o(.text) refers to entry.o(.ARM.Collect$$$$00000000) for __main
    system_stm32f10x.o(i.SetSysClock) refers to system_stm32f10x.o(i.SetSysClockTo72) for SetSysClockTo72
    system_stm32f10x.o(i.SystemCoreClockUpdate) refers to system_stm32f10x.o(.data) for SystemCoreClock
    system_stm32f10x.o(i.SystemInit) refers to system_stm32f10x.o(i.SetSysClock) for SetSysClock
    entry.o(.ARM.Collect$$$$00000000) refers (Special) to entry10a.o(.ARM.Collect$$$$0000000D) for __rt_final_cpp
    entry.o(.ARM.Collect$$$$00000000) refers (Special) to entry11a.o(.ARM.Collect$$$$0000000F) for __rt_final_exit
    entry.o(.ARM.Collect$$$$00000000) refers (Special) to entry7b.o(.ARM.Collect$$$$00000008) for _main_clock
    entry.o(.ARM.Collect$$$$00000000) refers (Special) to entry8b.o(.ARM.Collect$$$$0000000A) for _main_cpp_init
    entry.o(.ARM.Collect$$$$00000000) refers (Special) to entry9a.o(.ARM.Collect$$$$0000000B) for _main_init
    entry.o(.ARM.Collect$$$$00000000) refers (Special) to entry5.o(.ARM.Collect$$$$00000004) for _main_scatterload
    entry.o(.ARM.Collect$$$$00000000) refers (Special) to entry2.o(.ARM.Collect$$$$00000001) for _main_stk
    uldiv.o(.text) refers to llushr.o(.text) for __aeabi_llsr
    uldiv.o(.text) refers to llshl.o(.text) for __aeabi_llsl
    ldiv.o(.text) refers to uldiv.o(.text) for __aeabi_uldivmod
    entry2.o(.ARM.Collect$$$$00000001) refers to entry2.o(.ARM.Collect$$$$00002712) for __lit__00000000
    entry2.o(.ARM.Collect$$$$00002712) refers to startup_stm32f10x_md.o(STACK) for __initial_sp
    entry2.o(__vectab_stack_and_reset_area) refers to startup_stm32f10x_md.o(STACK) for __initial_sp
    entry2.o(__vectab_stack_and_reset_area) refers to entry.o(.ARM.Collect$$$$00000000) for __main
    entry5.o(.ARM.Collect$$$$00000004) refers to init.o(.text) for __scatterload
    entry9a.o(.ARM.Collect$$$$0000000B) refers to main.o(i.main) for main
    entry9b.o(.ARM.Collect$$$$0000000C) refers to main.o(i.main) for main
    init.o(.text) refers to entry5.o(.ARM.Collect$$$$00000004) for __main_after_scatterload


==============================================================================

Removing Unused input sections from the image.

    Removing misc.o(i.NVIC_Init), (112 bytes).
    Removing misc.o(i.NVIC_PriorityGroupConfig), (20 bytes).
    Removing misc.o(i.NVIC_SetVectorTable), (20 bytes).
    Removing misc.o(i.NVIC_SystemLPConfig), (32 bytes).
    Removing misc.o(i.SysTick_CLKSourceConfig), (40 bytes).
    Removing stm32f10x_adc.o(i.ADC_AnalogWatchdogCmd), (20 bytes).
    Removing stm32f10x_adc.o(i.ADC_AnalogWatchdogSingleChannelConfig), (16 bytes).
    Removing stm32f10x_adc.o(i.ADC_AnalogWatchdogThresholdsConfig), (6 bytes).
    Removing stm32f10x_adc.o(i.ADC_AutoInjectedConvCmd), (22 bytes).
    Removing stm32f10x_adc.o(i.ADC_ClearFlag), (6 bytes).
    Removing stm32f10x_adc.o(i.ADC_ClearITPendingBit), (10 bytes).
    Removing stm32f10x_adc.o(i.ADC_Cmd), (22 bytes).
    Removing stm32f10x_adc.o(i.ADC_DMACmd), (22 bytes).
    Removing stm32f10x_adc.o(i.ADC_DeInit), (92 bytes).
    Removing stm32f10x_adc.o(i.ADC_DiscModeChannelCountConfig), (24 bytes).
    Removing stm32f10x_adc.o(i.ADC_DiscModeCmd), (22 bytes).
    Removing stm32f10x_adc.o(i.ADC_ExternalTrigConvCmd), (22 bytes).
    Removing stm32f10x_adc.o(i.ADC_ExternalTrigInjectedConvCmd), (22 bytes).
    Removing stm32f10x_adc.o(i.ADC_ExternalTrigInjectedConvConfig), (16 bytes).
    Removing stm32f10x_adc.o(i.ADC_GetCalibrationStatus), (20 bytes).
    Removing stm32f10x_adc.o(i.ADC_GetConversionValue), (8 bytes).
    Removing stm32f10x_adc.o(i.ADC_GetDualModeConversionValue), (12 bytes).
    Removing stm32f10x_adc.o(i.ADC_GetFlagStatus), (18 bytes).
    Removing stm32f10x_adc.o(i.ADC_GetITStatus), (36 bytes).
    Removing stm32f10x_adc.o(i.ADC_GetInjectedConversionValue), (28 bytes).
    Removing stm32f10x_adc.o(i.ADC_GetResetCalibrationStatus), (20 bytes).
    Removing stm32f10x_adc.o(i.ADC_GetSoftwareStartConvStatus), (20 bytes).
    Removing stm32f10x_adc.o(i.ADC_GetSoftwareStartInjectedConvCmdStatus), (20 bytes).
    Removing stm32f10x_adc.o(i.ADC_ITConfig), (24 bytes).
    Removing stm32f10x_adc.o(i.ADC_Init), (80 bytes).
    Removing stm32f10x_adc.o(i.ADC_InjectedChannelConfig), (130 bytes).
    Removing stm32f10x_adc.o(i.ADC_InjectedDiscModeCmd), (22 bytes).
    Removing stm32f10x_adc.o(i.ADC_InjectedSequencerLengthConfig), (24 bytes).
    Removing stm32f10x_adc.o(i.ADC_RegularChannelConfig), (184 bytes).
    Removing stm32f10x_adc.o(i.ADC_ResetCalibration), (10 bytes).
    Removing stm32f10x_adc.o(i.ADC_SetInjectedOffset), (20 bytes).
    Removing stm32f10x_adc.o(i.ADC_SoftwareStartConvCmd), (22 bytes).
    Removing stm32f10x_adc.o(i.ADC_SoftwareStartInjectedConvCmd), (22 bytes).
    Removing stm32f10x_adc.o(i.ADC_StartCalibration), (10 bytes).
    Removing stm32f10x_adc.o(i.ADC_StructInit), (18 bytes).
    Removing stm32f10x_adc.o(i.ADC_TempSensorVrefintCmd), (36 bytes).
    Removing stm32f10x_bkp.o(i.BKP_ClearFlag), (20 bytes).
    Removing stm32f10x_bkp.o(i.BKP_ClearITPendingBit), (20 bytes).
    Removing stm32f10x_bkp.o(i.BKP_DeInit), (16 bytes).
    Removing stm32f10x_bkp.o(i.BKP_GetFlagStatus), (12 bytes).
    Removing stm32f10x_bkp.o(i.BKP_GetITStatus), (12 bytes).
    Removing stm32f10x_bkp.o(i.BKP_ITConfig), (12 bytes).
    Removing stm32f10x_bkp.o(i.BKP_RTCOutputConfig), (28 bytes).
    Removing stm32f10x_bkp.o(i.BKP_ReadBackupRegister), (28 bytes).
    Removing stm32f10x_bkp.o(i.BKP_SetRTCCalibrationValue), (28 bytes).
    Removing stm32f10x_bkp.o(i.BKP_TamperPinCmd), (12 bytes).
    Removing stm32f10x_bkp.o(i.BKP_TamperPinLevelConfig), (12 bytes).
    Removing stm32f10x_bkp.o(i.BKP_WriteBackupRegister), (28 bytes).
    Removing stm32f10x_can.o(i.CAN_CancelTransmit), (48 bytes).
    Removing stm32f10x_can.o(i.CAN_ClearFlag), (56 bytes).
    Removing stm32f10x_can.o(i.CAN_ClearITPendingBit), (168 bytes).
    Removing stm32f10x_can.o(i.CAN_DBGFreeze), (22 bytes).
    Removing stm32f10x_can.o(i.CAN_DeInit), (56 bytes).
    Removing stm32f10x_can.o(i.CAN_FIFORelease), (22 bytes).
    Removing stm32f10x_can.o(i.CAN_FilterInit), (264 bytes).
    Removing stm32f10x_can.o(i.CAN_GetFlagStatus), (120 bytes).
    Removing stm32f10x_can.o(i.CAN_GetITStatus), (288 bytes).
    Removing stm32f10x_can.o(i.CAN_GetLSBTransmitErrorCounter), (12 bytes).
    Removing stm32f10x_can.o(i.CAN_GetLastErrorCode), (12 bytes).
    Removing stm32f10x_can.o(i.CAN_GetReceiveErrorCounter), (10 bytes).
    Removing stm32f10x_can.o(i.CAN_ITConfig), (18 bytes).
    Removing stm32f10x_can.o(i.CAN_Init), (276 bytes).
    Removing stm32f10x_can.o(i.CAN_MessagePending), (30 bytes).
    Removing stm32f10x_can.o(i.CAN_OperatingModeRequest), (162 bytes).
    Removing stm32f10x_can.o(i.CAN_Receive), (240 bytes).
    Removing stm32f10x_can.o(i.CAN_SlaveStartBank), (52 bytes).
    Removing stm32f10x_can.o(i.CAN_Sleep), (30 bytes).
    Removing stm32f10x_can.o(i.CAN_StructInit), (32 bytes).
    Removing stm32f10x_can.o(i.CAN_TTComModeCmd), (118 bytes).
    Removing stm32f10x_can.o(i.CAN_Transmit), (294 bytes).
    Removing stm32f10x_can.o(i.CAN_TransmitStatus), (160 bytes).
    Removing stm32f10x_can.o(i.CAN_WakeUp), (48 bytes).
    Removing stm32f10x_can.o(i.CheckITStatus), (18 bytes).
    Removing stm32f10x_cec.o(i.CEC_ClearFlag), (36 bytes).
    Removing stm32f10x_cec.o(i.CEC_ClearITPendingBit), (36 bytes).
    Removing stm32f10x_cec.o(i.CEC_Cmd), (32 bytes).
    Removing stm32f10x_cec.o(i.CEC_DeInit), (22 bytes).
    Removing stm32f10x_cec.o(i.CEC_EndOfMessageCmd), (12 bytes).
    Removing stm32f10x_cec.o(i.CEC_GetFlagStatus), (48 bytes).
    Removing stm32f10x_cec.o(i.CEC_GetITStatus), (40 bytes).
    Removing stm32f10x_cec.o(i.CEC_ITConfig), (12 bytes).
    Removing stm32f10x_cec.o(i.CEC_Init), (32 bytes).
    Removing stm32f10x_cec.o(i.CEC_OwnAddressConfig), (12 bytes).
    Removing stm32f10x_cec.o(i.CEC_ReceiveDataByte), (12 bytes).
    Removing stm32f10x_cec.o(i.CEC_SendDataByte), (12 bytes).
    Removing stm32f10x_cec.o(i.CEC_SetPrescaler), (12 bytes).
    Removing stm32f10x_cec.o(i.CEC_StartOfMessage), (12 bytes).
    Removing stm32f10x_crc.o(i.CRC_CalcBlockCRC), (36 bytes).
    Removing stm32f10x_crc.o(i.CRC_CalcCRC), (16 bytes).
    Removing stm32f10x_crc.o(i.CRC_GetCRC), (12 bytes).
    Removing stm32f10x_crc.o(i.CRC_GetIDRegister), (12 bytes).
    Removing stm32f10x_crc.o(i.CRC_ResetDR), (12 bytes).
    Removing stm32f10x_crc.o(i.CRC_SetIDRegister), (12 bytes).
    Removing stm32f10x_dac.o(i.DAC_Cmd), (40 bytes).
    Removing stm32f10x_dac.o(i.DAC_DMACmd), (44 bytes).
    Removing stm32f10x_dac.o(i.DAC_DeInit), (22 bytes).
    Removing stm32f10x_dac.o(i.DAC_DualSoftwareTriggerCmd), (36 bytes).
    Removing stm32f10x_dac.o(i.DAC_GetDataOutputValue), (36 bytes).
    Removing stm32f10x_dac.o(i.DAC_Init), (52 bytes).
    Removing stm32f10x_dac.o(i.DAC_SetChannel1Data), (32 bytes).
    Removing stm32f10x_dac.o(i.DAC_SetChannel2Data), (32 bytes).
    Removing stm32f10x_dac.o(i.DAC_SetDualChannelData), (36 bytes).
    Removing stm32f10x_dac.o(i.DAC_SoftwareTriggerCmd), (44 bytes).
    Removing stm32f10x_dac.o(i.DAC_StructInit), (12 bytes).
    Removing stm32f10x_dac.o(i.DAC_WaveGenerationCmd), (40 bytes).
    Removing stm32f10x_dbgmcu.o(i.DBGMCU_Config), (32 bytes).
    Removing stm32f10x_dbgmcu.o(i.DBGMCU_GetDEVID), (16 bytes).
    Removing stm32f10x_dbgmcu.o(i.DBGMCU_GetREVID), (12 bytes).
    Removing stm32f10x_dma.o(i.DMA_ClearFlag), (28 bytes).
    Removing stm32f10x_dma.o(i.DMA_ClearITPendingBit), (28 bytes).
    Removing stm32f10x_dma.o(i.DMA_Cmd), (24 bytes).
    Removing stm32f10x_dma.o(i.DMA_DeInit), (332 bytes).
    Removing stm32f10x_dma.o(i.DMA_GetCurrDataCounter), (8 bytes).
    Removing stm32f10x_dma.o(i.DMA_GetFlagStatus), (44 bytes).
    Removing stm32f10x_dma.o(i.DMA_GetITStatus), (44 bytes).
    Removing stm32f10x_dma.o(i.DMA_ITConfig), (18 bytes).
    Removing stm32f10x_dma.o(i.DMA_Init), (60 bytes).
    Removing stm32f10x_dma.o(i.DMA_SetCurrDataCounter), (4 bytes).
    Removing stm32f10x_dma.o(i.DMA_StructInit), (26 bytes).
    Removing stm32f10x_exti.o(i.EXTI_ClearFlag), (12 bytes).
    Removing stm32f10x_exti.o(i.EXTI_ClearITPendingBit), (12 bytes).
    Removing stm32f10x_exti.o(i.EXTI_DeInit), (36 bytes).
    Removing stm32f10x_exti.o(i.EXTI_GenerateSWInterrupt), (16 bytes).
    Removing stm32f10x_exti.o(i.EXTI_GetFlagStatus), (24 bytes).
    Removing stm32f10x_exti.o(i.EXTI_GetITStatus), (40 bytes).
    Removing stm32f10x_exti.o(i.EXTI_Init), (148 bytes).
    Removing stm32f10x_exti.o(i.EXTI_StructInit), (16 bytes).
    Removing stm32f10x_flash.o(i.FLASH_ClearFlag), (12 bytes).
    Removing stm32f10x_flash.o(i.FLASH_EnableWriteProtection), (196 bytes).
    Removing stm32f10x_flash.o(i.FLASH_EraseAllBank1Pages), (72 bytes).
    Removing stm32f10x_flash.o(i.FLASH_EraseAllPages), (72 bytes).
    Removing stm32f10x_flash.o(i.FLASH_EraseOptionBytes), (168 bytes).
    Removing stm32f10x_flash.o(i.FLASH_ErasePage), (76 bytes).
    Removing stm32f10x_flash.o(i.FLASH_GetBank1Status), (52 bytes).
    Removing stm32f10x_flash.o(i.FLASH_GetFlagStatus), (48 bytes).
    Removing stm32f10x_flash.o(i.FLASH_GetPrefetchBufferStatus), (24 bytes).
    Removing stm32f10x_flash.o(i.FLASH_GetReadOutProtectionStatus), (24 bytes).
    Removing stm32f10x_flash.o(i.FLASH_GetStatus), (52 bytes).
    Removing stm32f10x_flash.o(i.FLASH_GetUserOptionByte), (12 bytes).
    Removing stm32f10x_flash.o(i.FLASH_GetWriteProtectionOptionByte), (12 bytes).
    Removing stm32f10x_flash.o(i.FLASH_HalfCycleAccessCmd), (28 bytes).
    Removing stm32f10x_flash.o(i.FLASH_ITConfig), (32 bytes).
    Removing stm32f10x_flash.o(i.FLASH_Lock), (20 bytes).
    Removing stm32f10x_flash.o(i.FLASH_LockBank1), (20 bytes).
    Removing stm32f10x_flash.o(i.FLASH_PrefetchBufferCmd), (28 bytes).
    Removing stm32f10x_flash.o(i.FLASH_ProgramHalfWord), (64 bytes).
    Removing stm32f10x_flash.o(i.FLASH_ProgramOptionByteData), (84 bytes).
    Removing stm32f10x_flash.o(i.FLASH_ProgramWord), (108 bytes).
    Removing stm32f10x_flash.o(i.FLASH_ReadOutProtection), (172 bytes).
    Removing stm32f10x_flash.o(i.FLASH_SetLatency), (24 bytes).
    Removing stm32f10x_flash.o(i.FLASH_Unlock), (24 bytes).
    Removing stm32f10x_flash.o(i.FLASH_UnlockBank1), (24 bytes).
    Removing stm32f10x_flash.o(i.FLASH_UserOptionByteConfig), (104 bytes).
    Removing stm32f10x_flash.o(i.FLASH_WaitForLastBank1Operation), (38 bytes).
    Removing stm32f10x_flash.o(i.FLASH_WaitForLastOperation), (38 bytes).
    Removing stm32f10x_fsmc.o(i.FSMC_ClearFlag), (64 bytes).
    Removing stm32f10x_fsmc.o(i.FSMC_ClearITPendingBit), (72 bytes).
    Removing stm32f10x_fsmc.o(i.FSMC_GetECC), (28 bytes).
    Removing stm32f10x_fsmc.o(i.FSMC_GetFlagStatus), (56 bytes).
    Removing stm32f10x_fsmc.o(i.FSMC_GetITStatus), (68 bytes).
    Removing stm32f10x_fsmc.o(i.FSMC_ITConfig), (128 bytes).
    Removing stm32f10x_fsmc.o(i.FSMC_NANDCmd), (92 bytes).
    Removing stm32f10x_fsmc.o(i.FSMC_NANDDeInit), (68 bytes).
    Removing stm32f10x_fsmc.o(i.FSMC_NANDECCCmd), (92 bytes).
    Removing stm32f10x_fsmc.o(i.FSMC_NANDInit), (136 bytes).
    Removing stm32f10x_fsmc.o(i.FSMC_NANDStructInit), (54 bytes).
    Removing stm32f10x_fsmc.o(i.FSMC_NORSRAMCmd), (52 bytes).
    Removing stm32f10x_fsmc.o(i.FSMC_NORSRAMDeInit), (54 bytes).
    Removing stm32f10x_fsmc.o(i.FSMC_NORSRAMInit), (230 bytes).
    Removing stm32f10x_fsmc.o(i.FSMC_NORSRAMStructInit), (114 bytes).
    Removing stm32f10x_fsmc.o(i.FSMC_PCCARDCmd), (48 bytes).
    Removing stm32f10x_fsmc.o(i.FSMC_PCCARDDeInit), (40 bytes).
    Removing stm32f10x_fsmc.o(i.FSMC_PCCARDInit), (132 bytes).
    Removing stm32f10x_fsmc.o(i.FSMC_PCCARDStructInit), (60 bytes).
    Removing stm32f10x_gpio.o(i.GPIO_AFIODeInit), (20 bytes).
    Removing stm32f10x_gpio.o(i.GPIO_DeInit), (200 bytes).
    Removing stm32f10x_gpio.o(i.GPIO_ETH_MediaInterfaceConfig), (12 bytes).
    Removing stm32f10x_gpio.o(i.GPIO_EXTILineConfig), (64 bytes).
    Removing stm32f10x_gpio.o(i.GPIO_EventOutputCmd), (12 bytes).
    Removing stm32f10x_gpio.o(i.GPIO_EventOutputConfig), (32 bytes).
    Removing stm32f10x_gpio.o(i.GPIO_PinLockConfig), (18 bytes).
    Removing stm32f10x_gpio.o(i.GPIO_PinRemapConfig), (144 bytes).
    Removing stm32f10x_gpio.o(i.GPIO_ReadInputData), (8 bytes).
    Removing stm32f10x_gpio.o(i.GPIO_ReadOutputData), (8 bytes).
    Removing stm32f10x_gpio.o(i.GPIO_ReadOutputDataBit), (18 bytes).
    Removing stm32f10x_gpio.o(i.GPIO_StructInit), (16 bytes).
    Removing stm32f10x_gpio.o(i.GPIO_Write), (4 bytes).
    Removing stm32f10x_gpio.o(i.GPIO_WriteBit), (10 bytes).
    Removing stm32f10x_i2c.o(i.I2C_ARPCmd), (24 bytes).
    Removing stm32f10x_i2c.o(i.I2C_AcknowledgeConfig), (24 bytes).
    Removing stm32f10x_i2c.o(i.I2C_CalculatePEC), (24 bytes).
    Removing stm32f10x_i2c.o(i.I2C_CheckEvent), (42 bytes).
    Removing stm32f10x_i2c.o(i.I2C_ClearFlag), (12 bytes).
    Removing stm32f10x_i2c.o(i.I2C_ClearITPendingBit), (12 bytes).
    Removing stm32f10x_i2c.o(i.I2C_Cmd), (24 bytes).
    Removing stm32f10x_i2c.o(i.I2C_DMACmd), (24 bytes).
    Removing stm32f10x_i2c.o(i.I2C_DMALastTransferCmd), (24 bytes).
    Removing stm32f10x_i2c.o(i.I2C_DeInit), (56 bytes).
    Removing stm32f10x_i2c.o(i.I2C_DualAddressCmd), (24 bytes).
    Removing stm32f10x_i2c.o(i.I2C_FastModeDutyCycleConfig), (28 bytes).
    Removing stm32f10x_i2c.o(i.I2C_GeneralCallCmd), (24 bytes).
    Removing stm32f10x_i2c.o(i.I2C_GenerateSTART), (24 bytes).
    Removing stm32f10x_i2c.o(i.I2C_GenerateSTOP), (24 bytes).
    Removing stm32f10x_i2c.o(i.I2C_GetFlagStatus), (58 bytes).
    Removing stm32f10x_i2c.o(i.I2C_GetITStatus), (38 bytes).
    Removing stm32f10x_i2c.o(i.I2C_GetLastEvent), (26 bytes).
    Removing stm32f10x_i2c.o(i.I2C_GetPEC), (8 bytes).
    Removing stm32f10x_i2c.o(i.I2C_ITConfig), (18 bytes).
    Removing stm32f10x_i2c.o(i.I2C_Init), (236 bytes).
    Removing stm32f10x_i2c.o(i.I2C_NACKPositionConfig), (28 bytes).
    Removing stm32f10x_i2c.o(i.I2C_OwnAddress2Config), (22 bytes).
    Removing stm32f10x_i2c.o(i.I2C_PECPositionConfig), (28 bytes).
    Removing stm32f10x_i2c.o(i.I2C_ReadRegister), (22 bytes).
    Removing stm32f10x_i2c.o(i.I2C_ReceiveData), (8 bytes).
    Removing stm32f10x_i2c.o(i.I2C_SMBusAlertConfig), (28 bytes).
    Removing stm32f10x_i2c.o(i.I2C_Send7bitAddress), (18 bytes).
    Removing stm32f10x_i2c.o(i.I2C_SendData), (4 bytes).
    Removing stm32f10x_i2c.o(i.I2C_SoftwareResetCmd), (22 bytes).
    Removing stm32f10x_i2c.o(i.I2C_StretchClockCmd), (24 bytes).
    Removing stm32f10x_i2c.o(i.I2C_StructInit), (30 bytes).
    Removing stm32f10x_i2c.o(i.I2C_TransmitPEC), (24 bytes).
    Removing stm32f10x_iwdg.o(i.IWDG_Enable), (16 bytes).
    Removing stm32f10x_iwdg.o(i.IWDG_GetFlagStatus), (24 bytes).
    Removing stm32f10x_iwdg.o(i.IWDG_ReloadCounter), (16 bytes).
    Removing stm32f10x_iwdg.o(i.IWDG_SetPrescaler), (12 bytes).
    Removing stm32f10x_iwdg.o(i.IWDG_SetReload), (12 bytes).
    Removing stm32f10x_iwdg.o(i.IWDG_WriteAccessCmd), (12 bytes).
    Removing stm32f10x_pwr.o(i.PWR_BackupAccessCmd), (12 bytes).
    Removing stm32f10x_pwr.o(i.PWR_ClearFlag), (20 bytes).
    Removing stm32f10x_pwr.o(i.PWR_DeInit), (22 bytes).
    Removing stm32f10x_pwr.o(i.PWR_EnterSTANDBYMode), (52 bytes).
    Removing stm32f10x_pwr.o(i.PWR_EnterSTOPMode), (64 bytes).
    Removing stm32f10x_pwr.o(i.PWR_GetFlagStatus), (24 bytes).
    Removing stm32f10x_pwr.o(i.PWR_PVDCmd), (12 bytes).
    Removing stm32f10x_pwr.o(i.PWR_PVDLevelConfig), (24 bytes).
    Removing stm32f10x_pwr.o(i.PWR_WakeUpPinCmd), (12 bytes).
    Removing stm32f10x_rcc.o(i.RCC_ADCCLKConfig), (24 bytes).
    Removing stm32f10x_rcc.o(i.RCC_AHBPeriphClockCmd), (32 bytes).
    Removing stm32f10x_rcc.o(i.RCC_APB1PeriphClockCmd), (32 bytes).
    Removing stm32f10x_rcc.o(i.RCC_APB1PeriphResetCmd), (32 bytes).
    Removing stm32f10x_rcc.o(i.RCC_APB2PeriphResetCmd), (32 bytes).
    Removing stm32f10x_rcc.o(i.RCC_AdjustHSICalibrationValue), (24 bytes).
    Removing stm32f10x_rcc.o(i.RCC_BackupResetCmd), (12 bytes).
    Removing stm32f10x_rcc.o(i.RCC_ClearFlag), (20 bytes).
    Removing stm32f10x_rcc.o(i.RCC_ClearITPendingBit), (12 bytes).
    Removing stm32f10x_rcc.o(i.RCC_ClockSecuritySystemCmd), (12 bytes).
    Removing stm32f10x_rcc.o(i.RCC_DeInit), (76 bytes).
    Removing stm32f10x_rcc.o(i.RCC_GetFlagStatus), (60 bytes).
    Removing stm32f10x_rcc.o(i.RCC_GetITStatus), (24 bytes).
    Removing stm32f10x_rcc.o(i.RCC_GetSYSCLKSource), (16 bytes).
    Removing stm32f10x_rcc.o(i.RCC_HCLKConfig), (24 bytes).
    Removing stm32f10x_rcc.o(i.RCC_HSEConfig), (76 bytes).
    Removing stm32f10x_rcc.o(i.RCC_HSICmd), (12 bytes).
    Removing stm32f10x_rcc.o(i.RCC_ITConfig), (32 bytes).
    Removing stm32f10x_rcc.o(i.RCC_LSEConfig), (52 bytes).
    Removing stm32f10x_rcc.o(i.RCC_LSICmd), (12 bytes).
    Removing stm32f10x_rcc.o(i.RCC_MCOConfig), (12 bytes).
    Removing stm32f10x_rcc.o(i.RCC_PCLK1Config), (24 bytes).
    Removing stm32f10x_rcc.o(i.RCC_PCLK2Config), (24 bytes).
    Removing stm32f10x_rcc.o(i.RCC_PLLCmd), (12 bytes).
    Removing stm32f10x_rcc.o(i.RCC_PLLConfig), (28 bytes).
    Removing stm32f10x_rcc.o(i.RCC_RTCCLKCmd), (12 bytes).
    Removing stm32f10x_rcc.o(i.RCC_RTCCLKConfig), (16 bytes).
    Removing stm32f10x_rcc.o(i.RCC_SYSCLKConfig), (24 bytes).
    Removing stm32f10x_rcc.o(i.RCC_USBCLKConfig), (12 bytes).
    Removing stm32f10x_rcc.o(i.RCC_WaitForHSEStartUp), (56 bytes).
    Removing stm32f10x_rtc.o(i.RTC_ClearFlag), (16 bytes).
    Removing stm32f10x_rtc.o(i.RTC_ClearITPendingBit), (16 bytes).
    Removing stm32f10x_rtc.o(i.RTC_EnterConfigMode), (20 bytes).
    Removing stm32f10x_rtc.o(i.RTC_ExitConfigMode), (20 bytes).
    Removing stm32f10x_rtc.o(i.RTC_GetCounter), (20 bytes).
    Removing stm32f10x_rtc.o(i.RTC_GetDivider), (24 bytes).
    Removing stm32f10x_rtc.o(i.RTC_GetFlagStatus), (24 bytes).
    Removing stm32f10x_rtc.o(i.RTC_GetITStatus), (36 bytes).
    Removing stm32f10x_rtc.o(i.RTC_ITConfig), (32 bytes).
    Removing stm32f10x_rtc.o(i.RTC_SetAlarm), (28 bytes).
    Removing stm32f10x_rtc.o(i.RTC_SetCounter), (28 bytes).
    Removing stm32f10x_rtc.o(i.RTC_SetPrescaler), (32 bytes).
    Removing stm32f10x_rtc.o(i.RTC_WaitForLastTask), (20 bytes).
    Removing stm32f10x_rtc.o(i.RTC_WaitForSynchro), (36 bytes).
    Removing stm32f10x_sdio.o(i.SDIO_CEATAITCmd), (16 bytes).
    Removing stm32f10x_sdio.o(i.SDIO_ClearFlag), (12 bytes).
    Removing stm32f10x_sdio.o(i.SDIO_ClearITPendingBit), (12 bytes).
    Removing stm32f10x_sdio.o(i.SDIO_ClockCmd), (12 bytes).
    Removing stm32f10x_sdio.o(i.SDIO_CmdStructInit), (14 bytes).
    Removing stm32f10x_sdio.o(i.SDIO_CommandCompletionCmd), (12 bytes).
    Removing stm32f10x_sdio.o(i.SDIO_DMACmd), (12 bytes).
    Removing stm32f10x_sdio.o(i.SDIO_DataConfig), (48 bytes).
    Removing stm32f10x_sdio.o(i.SDIO_DataStructInit), (20 bytes).
    Removing stm32f10x_sdio.o(i.SDIO_DeInit), (36 bytes).
    Removing stm32f10x_sdio.o(i.SDIO_GetCommandResponse), (12 bytes).
    Removing stm32f10x_sdio.o(i.SDIO_GetDataCounter), (12 bytes).
    Removing stm32f10x_sdio.o(i.SDIO_GetFIFOCount), (12 bytes).
    Removing stm32f10x_sdio.o(i.SDIO_GetFlagStatus), (24 bytes).
    Removing stm32f10x_sdio.o(i.SDIO_GetITStatus), (24 bytes).
    Removing stm32f10x_sdio.o(i.SDIO_GetPowerState), (16 bytes).
    Removing stm32f10x_sdio.o(i.SDIO_GetResponse), (24 bytes).
    Removing stm32f10x_sdio.o(i.SDIO_ITConfig), (32 bytes).
    Removing stm32f10x_sdio.o(i.SDIO_Init), (48 bytes).
    Removing stm32f10x_sdio.o(i.SDIO_ReadData), (12 bytes).
    Removing stm32f10x_sdio.o(i.SDIO_SendCEATACmd), (12 bytes).
    Removing stm32f10x_sdio.o(i.SDIO_SendCommand), (44 bytes).
    Removing stm32f10x_sdio.o(i.SDIO_SendSDIOSuspendCmd), (12 bytes).
    Removing stm32f10x_sdio.o(i.SDIO_SetPowerState), (28 bytes).
    Removing stm32f10x_sdio.o(i.SDIO_SetSDIOOperation), (12 bytes).
    Removing stm32f10x_sdio.o(i.SDIO_SetSDIOReadWaitMode), (12 bytes).
    Removing stm32f10x_sdio.o(i.SDIO_StartSDIOReadWait), (12 bytes).
    Removing stm32f10x_sdio.o(i.SDIO_StopSDIOReadWait), (12 bytes).
    Removing stm32f10x_sdio.o(i.SDIO_StructInit), (16 bytes).
    Removing stm32f10x_sdio.o(i.SDIO_WriteData), (12 bytes).
    Removing stm32f10x_spi.o(i.I2S_Cmd), (24 bytes).
    Removing stm32f10x_spi.o(i.I2S_Init), (232 bytes).
    Removing stm32f10x_spi.o(i.I2S_StructInit), (20 bytes).
    Removing stm32f10x_spi.o(i.SPI_BiDirectionalLineConfig), (28 bytes).
    Removing stm32f10x_spi.o(i.SPI_CalculateCRC), (24 bytes).
    Removing stm32f10x_spi.o(i.SPI_Cmd), (24 bytes).
    Removing stm32f10x_spi.o(i.SPI_DataSizeConfig), (18 bytes).
    Removing stm32f10x_spi.o(i.SPI_GetCRC), (16 bytes).
    Removing stm32f10x_spi.o(i.SPI_GetCRCPolynomial), (6 bytes).
    Removing stm32f10x_spi.o(i.SPI_I2S_ClearFlag), (6 bytes).
    Removing stm32f10x_spi.o(i.SPI_I2S_ClearITPendingBit), (20 bytes).
    Removing stm32f10x_spi.o(i.SPI_I2S_DMACmd), (18 bytes).
    Removing stm32f10x_spi.o(i.SPI_I2S_DeInit), (88 bytes).
    Removing stm32f10x_spi.o(i.SPI_I2S_GetFlagStatus), (18 bytes).
    Removing stm32f10x_spi.o(i.SPI_I2S_GetITStatus), (52 bytes).
    Removing stm32f10x_spi.o(i.SPI_I2S_ITConfig), (32 bytes).
    Removing stm32f10x_spi.o(i.SPI_I2S_ReceiveData), (6 bytes).
    Removing stm32f10x_spi.o(i.SPI_I2S_SendData), (4 bytes).
    Removing stm32f10x_spi.o(i.SPI_Init), (60 bytes).
    Removing stm32f10x_spi.o(i.SPI_NSSInternalSoftwareConfig), (30 bytes).
    Removing stm32f10x_spi.o(i.SPI_SSOutputCmd), (24 bytes).
    Removing stm32f10x_spi.o(i.SPI_StructInit), (24 bytes).
    Removing stm32f10x_spi.o(i.SPI_TransmitCRC), (10 bytes).
    Removing stm32f10x_tim.o(i.TI1_Config), (128 bytes).
    Removing stm32f10x_tim.o(i.TI2_Config), (152 bytes).
    Removing stm32f10x_tim.o(i.TI3_Config), (144 bytes).
    Removing stm32f10x_tim.o(i.TI4_Config), (152 bytes).
    Removing stm32f10x_tim.o(i.TIM_ARRPreloadConfig), (24 bytes).
    Removing stm32f10x_tim.o(i.TIM_BDTRConfig), (32 bytes).
    Removing stm32f10x_tim.o(i.TIM_BDTRStructInit), (18 bytes).
    Removing stm32f10x_tim.o(i.TIM_CCPreloadControl), (24 bytes).
    Removing stm32f10x_tim.o(i.TIM_CCxCmd), (30 bytes).
    Removing stm32f10x_tim.o(i.TIM_CCxNCmd), (30 bytes).
    Removing stm32f10x_tim.o(i.TIM_ClearFlag), (6 bytes).
    Removing stm32f10x_tim.o(i.TIM_ClearITPendingBit), (6 bytes).
    Removing stm32f10x_tim.o(i.TIM_ClearOC1Ref), (18 bytes).
    Removing stm32f10x_tim.o(i.TIM_ClearOC2Ref), (24 bytes).
    Removing stm32f10x_tim.o(i.TIM_ClearOC3Ref), (18 bytes).
    Removing stm32f10x_tim.o(i.TIM_ClearOC4Ref), (24 bytes).
    Removing stm32f10x_tim.o(i.TIM_Cmd), (24 bytes).
    Removing stm32f10x_tim.o(i.TIM_CounterModeConfig), (18 bytes).
    Removing stm32f10x_tim.o(i.TIM_CtrlPWMOutputs), (30 bytes).
    Removing stm32f10x_tim.o(i.TIM_DMACmd), (18 bytes).
    Removing stm32f10x_tim.o(i.TIM_DMAConfig), (10 bytes).
    Removing stm32f10x_tim.o(i.TIM_DeInit), (488 bytes).
    Removing stm32f10x_tim.o(i.TIM_ETRClockMode1Config), (54 bytes).
    Removing stm32f10x_tim.o(i.TIM_ETRClockMode2Config), (32 bytes).
    Removing stm32f10x_tim.o(i.TIM_ETRConfig), (28 bytes).
    Removing stm32f10x_tim.o(i.TIM_EncoderInterfaceConfig), (66 bytes).
    Removing stm32f10x_tim.o(i.TIM_ForcedOC1Config), (18 bytes).
    Removing stm32f10x_tim.o(i.TIM_ForcedOC2Config), (26 bytes).
    Removing stm32f10x_tim.o(i.TIM_ForcedOC3Config), (18 bytes).
    Removing stm32f10x_tim.o(i.TIM_ForcedOC4Config), (26 bytes).
    Removing stm32f10x_tim.o(i.TIM_GenerateEvent), (4 bytes).
    Removing stm32f10x_tim.o(i.TIM_GetCapture1), (6 bytes).
    Removing stm32f10x_tim.o(i.TIM_GetCapture2), (6 bytes).
    Removing stm32f10x_tim.o(i.TIM_GetCapture3), (6 bytes).
    Removing stm32f10x_tim.o(i.TIM_GetCapture4), (8 bytes).
    Removing stm32f10x_tim.o(i.TIM_GetCounter), (6 bytes).
    Removing stm32f10x_tim.o(i.TIM_GetFlagStatus), (18 bytes).
    Removing stm32f10x_tim.o(i.TIM_GetITStatus), (34 bytes).
    Removing stm32f10x_tim.o(i.TIM_GetPrescaler), (6 bytes).
    Removing stm32f10x_tim.o(i.TIM_ICInit), (172 bytes).
    Removing stm32f10x_tim.o(i.TIM_ICStructInit), (18 bytes).
    Removing stm32f10x_tim.o(i.TIM_ITConfig), (18 bytes).
    Removing stm32f10x_tim.o(i.TIM_ITRxExternalClockConfig), (24 bytes).
    Removing stm32f10x_tim.o(i.TIM_InternalClockConfig), (12 bytes).
    Removing stm32f10x_tim.o(i.TIM_OC1FastConfig), (18 bytes).
    Removing stm32f10x_tim.o(i.TIM_OC1Init), (152 bytes).
    Removing stm32f10x_tim.o(i.TIM_OC1NPolarityConfig), (18 bytes).
    Removing stm32f10x_tim.o(i.TIM_OC1PolarityConfig), (18 bytes).
    Removing stm32f10x_tim.o(i.TIM_OC1PreloadConfig), (18 bytes).
    Removing stm32f10x_tim.o(i.TIM_OC2FastConfig), (26 bytes).
    Removing stm32f10x_tim.o(i.TIM_OC2Init), (164 bytes).
    Removing stm32f10x_tim.o(i.TIM_OC2NPolarityConfig), (26 bytes).
    Removing stm32f10x_tim.o(i.TIM_OC2PolarityConfig), (26 bytes).
    Removing stm32f10x_tim.o(i.TIM_OC2PreloadConfig), (26 bytes).
    Removing stm32f10x_tim.o(i.TIM_OC3FastConfig), (18 bytes).
    Removing stm32f10x_tim.o(i.TIM_OC3Init), (160 bytes).
    Removing stm32f10x_tim.o(i.TIM_OC3NPolarityConfig), (26 bytes).
    Removing stm32f10x_tim.o(i.TIM_OC3PolarityConfig), (26 bytes).
    Removing stm32f10x_tim.o(i.TIM_OC3PreloadConfig), (18 bytes).
    Removing stm32f10x_tim.o(i.TIM_OC4FastConfig), (26 bytes).
    Removing stm32f10x_tim.o(i.TIM_OC4Init), (124 bytes).
    Removing stm32f10x_tim.o(i.TIM_OC4PolarityConfig), (26 bytes).
    Removing stm32f10x_tim.o(i.TIM_OC4PreloadConfig), (26 bytes).
    Removing stm32f10x_tim.o(i.TIM_OCStructInit), (20 bytes).
    Removing stm32f10x_tim.o(i.TIM_PWMIConfig), (124 bytes).
    Removing stm32f10x_tim.o(i.TIM_PrescalerConfig), (6 bytes).
    Removing stm32f10x_tim.o(i.TIM_SelectCCDMA), (24 bytes).
    Removing stm32f10x_tim.o(i.TIM_SelectCOM), (24 bytes).
    Removing stm32f10x_tim.o(i.TIM_SelectHallSensor), (24 bytes).
    Removing stm32f10x_tim.o(i.TIM_SelectInputTrigger), (18 bytes).
    Removing stm32f10x_tim.o(i.TIM_SelectMasterSlaveMode), (18 bytes).
    Removing stm32f10x_tim.o(i.TIM_SelectOCxM), (82 bytes).
    Removing stm32f10x_tim.o(i.TIM_SelectOnePulseMode), (18 bytes).
    Removing stm32f10x_tim.o(i.TIM_SelectOutputTrigger), (18 bytes).
    Removing stm32f10x_tim.o(i.TIM_SelectSlaveMode), (18 bytes).
    Removing stm32f10x_tim.o(i.TIM_SetAutoreload), (4 bytes).
    Removing stm32f10x_tim.o(i.TIM_SetClockDivision), (18 bytes).
    Removing stm32f10x_tim.o(i.TIM_SetCompare1), (4 bytes).
    Removing stm32f10x_tim.o(i.TIM_SetCompare2), (4 bytes).
    Removing stm32f10x_tim.o(i.TIM_SetCompare3), (4 bytes).
    Removing stm32f10x_tim.o(i.TIM_SetCompare4), (6 bytes).
    Removing stm32f10x_tim.o(i.TIM_SetCounter), (4 bytes).
    Removing stm32f10x_tim.o(i.TIM_SetIC1Prescaler), (18 bytes).
    Removing stm32f10x_tim.o(i.TIM_SetIC2Prescaler), (26 bytes).
    Removing stm32f10x_tim.o(i.TIM_SetIC3Prescaler), (18 bytes).
    Removing stm32f10x_tim.o(i.TIM_SetIC4Prescaler), (26 bytes).
    Removing stm32f10x_tim.o(i.TIM_TIxExternalClockConfig), (62 bytes).
    Removing stm32f10x_tim.o(i.TIM_TimeBaseInit), (164 bytes).
    Removing stm32f10x_tim.o(i.TIM_TimeBaseStructInit), (18 bytes).
    Removing stm32f10x_tim.o(i.TIM_UpdateDisableConfig), (24 bytes).
    Removing stm32f10x_tim.o(i.TIM_UpdateRequestConfig), (24 bytes).
    Removing stm32f10x_usart.o(i.USART_ClearFlag), (18 bytes).
    Removing stm32f10x_usart.o(i.USART_ClearITPendingBit), (30 bytes).
    Removing stm32f10x_usart.o(i.USART_ClockInit), (34 bytes).
    Removing stm32f10x_usart.o(i.USART_ClockStructInit), (12 bytes).
    Removing stm32f10x_usart.o(i.USART_DMACmd), (18 bytes).
    Removing stm32f10x_usart.o(i.USART_DeInit), (156 bytes).
    Removing stm32f10x_usart.o(i.USART_GetITStatus), (84 bytes).
    Removing stm32f10x_usart.o(i.USART_HalfDuplexCmd), (24 bytes).
    Removing stm32f10x_usart.o(i.USART_ITConfig), (74 bytes).
    Removing stm32f10x_usart.o(i.USART_IrDACmd), (24 bytes).
    Removing stm32f10x_usart.o(i.USART_IrDAConfig), (18 bytes).
    Removing stm32f10x_usart.o(i.USART_LINBreakDetectLengthConfig), (18 bytes).
    Removing stm32f10x_usart.o(i.USART_LINCmd), (24 bytes).
    Removing stm32f10x_usart.o(i.USART_OneBitMethodCmd), (24 bytes).
    Removing stm32f10x_usart.o(i.USART_OverSampling8Cmd), (22 bytes).
    Removing stm32f10x_usart.o(i.USART_ReceiveData), (10 bytes).
    Removing stm32f10x_usart.o(i.USART_ReceiverWakeUpCmd), (24 bytes).
    Removing stm32f10x_usart.o(i.USART_SendBreak), (10 bytes).
    Removing stm32f10x_usart.o(i.USART_SetAddress), (18 bytes).
    Removing stm32f10x_usart.o(i.USART_SetGuardTime), (16 bytes).
    Removing stm32f10x_usart.o(i.USART_SetPrescaler), (16 bytes).
    Removing stm32f10x_usart.o(i.USART_SmartCardCmd), (24 bytes).
    Removing stm32f10x_usart.o(i.USART_SmartCardNACKCmd), (24 bytes).
    Removing stm32f10x_usart.o(i.USART_WakeUpConfig), (18 bytes).
    Removing stm32f10x_wwdg.o(i.WWDG_ClearFlag), (12 bytes).
    Removing stm32f10x_wwdg.o(i.WWDG_DeInit), (22 bytes).
    Removing stm32f10x_wwdg.o(i.WWDG_Enable), (16 bytes).
    Removing stm32f10x_wwdg.o(i.WWDG_EnableIT), (12 bytes).
    Removing stm32f10x_wwdg.o(i.WWDG_GetFlagStatus), (12 bytes).
    Removing stm32f10x_wwdg.o(i.WWDG_SetCounter), (16 bytes).
    Removing stm32f10x_wwdg.o(i.WWDG_SetPrescaler), (24 bytes).
    Removing stm32f10x_wwdg.o(i.WWDG_SetWindowValue), (40 bytes).
    Removing nrf24.o(i.nrf24_read_address), (20 bytes).
    Removing core_cm3.o(.emb_text), (32 bytes).
    Removing startup_stm32f10x_md.o(HEAP), (512 bytes).

464 unused section(s) (total 18894 bytes) removed from the image.

==============================================================================

Image Symbol Table

    Local Symbols

    Symbol Name                              Value     Ov Type        Size  Object(Section)

    ../clib/microlib/division.c              0x00000000   Number         0  uldiv.o ABSOLUTE
    ../clib/microlib/division.c              0x00000000   Number         0  ldiv.o ABSOLUTE
    ../clib/microlib/init/entry.s            0x00000000   Number         0  entry.o ABSOLUTE
    ../clib/microlib/init/entry.s            0x00000000   Number         0  entry9b.o ABSOLUTE
    ../clib/microlib/init/entry.s            0x00000000   Number         0  entry5.o ABSOLUTE
    ../clib/microlib/init/entry.s            0x00000000   Number         0  entry7a.o ABSOLUTE
    ../clib/microlib/init/entry.s            0x00000000   Number         0  entry7b.o ABSOLUTE
    ../clib/microlib/init/entry.s            0x00000000   Number         0  entry2.o ABSOLUTE
    ../clib/microlib/init/entry.s            0x00000000   Number         0  entry8a.o ABSOLUTE
    ../clib/microlib/init/entry.s            0x00000000   Number         0  entry8b.o ABSOLUTE
    ../clib/microlib/init/entry.s            0x00000000   Number         0  entry11b.o ABSOLUTE
    ../clib/microlib/init/entry.s            0x00000000   Number         0  entry9a.o ABSOLUTE
    ../clib/microlib/init/entry.s            0x00000000   Number         0  entry10a.o ABSOLUTE
    ../clib/microlib/init/entry.s            0x00000000   Number         0  entry10b.o ABSOLUTE
    ../clib/microlib/init/entry.s            0x00000000   Number         0  entry11a.o ABSOLUTE
    ../clib/microlib/longlong.c              0x00000000   Number         0  llushr.o ABSOLUTE
    ../clib/microlib/longlong.c              0x00000000   Number         0  llshl.o ABSOLUTE
    ../clib/microlib/string/memcpy.c         0x00000000   Number         0  memcpyb.o ABSOLUTE
    ../clib/microlib/string/memcpy.c         0x00000000   Number         0  memcpya.o ABSOLUTE
    ../clib/microlib/string/memset.c         0x00000000   Number         0  memseta.o ABSOLUTE
    Hardware\app_protocol.c                  0x00000000   Number         0  app_protocol.o ABSOLUTE
    Hardware\i2c_bus.c                       0x00000000   Number         0  i2c_bus.o ABSOLUTE
    Hardware\nrf24.c                         0x00000000   Number         0  nrf24.o ABSOLUTE
    Hardware\sensor.c                        0x00000000   Number         0  sensor.o ABSOLUTE
    Library\misc.c                           0x00000000   Number         0  misc.o ABSOLUTE
    Library\stm32f10x_adc.c                  0x00000000   Number         0  stm32f10x_adc.o ABSOLUTE
    Library\stm32f10x_bkp.c                  0x00000000   Number         0  stm32f10x_bkp.o ABSOLUTE
    Library\stm32f10x_can.c                  0x00000000   Number         0  stm32f10x_can.o ABSOLUTE
    Library\stm32f10x_cec.c                  0x00000000   Number         0  stm32f10x_cec.o ABSOLUTE
    Library\stm32f10x_crc.c                  0x00000000   Number         0  stm32f10x_crc.o ABSOLUTE
    Library\stm32f10x_dac.c                  0x00000000   Number         0  stm32f10x_dac.o ABSOLUTE
    Library\stm32f10x_dbgmcu.c               0x00000000   Number         0  stm32f10x_dbgmcu.o ABSOLUTE
    Library\stm32f10x_dma.c                  0x00000000   Number         0  stm32f10x_dma.o ABSOLUTE
    Library\stm32f10x_exti.c                 0x00000000   Number         0  stm32f10x_exti.o ABSOLUTE
    Library\stm32f10x_flash.c                0x00000000   Number         0  stm32f10x_flash.o ABSOLUTE
    Library\stm32f10x_fsmc.c                 0x00000000   Number         0  stm32f10x_fsmc.o ABSOLUTE
    Library\stm32f10x_gpio.c                 0x00000000   Number         0  stm32f10x_gpio.o ABSOLUTE
    Library\stm32f10x_i2c.c                  0x00000000   Number         0  stm32f10x_i2c.o ABSOLUTE
    Library\stm32f10x_iwdg.c                 0x00000000   Number         0  stm32f10x_iwdg.o ABSOLUTE
    Library\stm32f10x_pwr.c                  0x00000000   Number         0  stm32f10x_pwr.o ABSOLUTE
    Library\stm32f10x_rcc.c                  0x00000000   Number         0  stm32f10x_rcc.o ABSOLUTE
    Library\stm32f10x_rtc.c                  0x00000000   Number         0  stm32f10x_rtc.o ABSOLUTE
    Library\stm32f10x_sdio.c                 0x00000000   Number         0  stm32f10x_sdio.o ABSOLUTE
    Library\stm32f10x_spi.c                  0x00000000   Number         0  stm32f10x_spi.o ABSOLUTE
    Library\stm32f10x_tim.c                  0x00000000   Number         0  stm32f10x_tim.o ABSOLUTE
    Library\stm32f10x_usart.c                0x00000000   Number         0  stm32f10x_usart.o ABSOLUTE
    Library\stm32f10x_wwdg.c                 0x00000000   Number         0  stm32f10x_wwdg.o ABSOLUTE
    Start\\core_cm3.c                        0x00000000   Number         0  core_cm3.o ABSOLUTE
    Start\core_cm3.c                         0x00000000   Number         0  core_cm3.o ABSOLUTE
    Start\startup_stm32f10x_md.s             0x00000000   Number         0  startup_stm32f10x_md.o ABSOLUTE
    Start\system_stm32f10x.c                 0x00000000   Number         0  system_stm32f10x.o ABSOLUTE
    User\main.c                              0x00000000   Number         0  main.o ABSOLUTE
    User\stm32f10x_it.c                      0x00000000   Number         0  stm32f10x_it.o ABSOLUTE
    dc.s                                     0x00000000   Number         0  dc.o ABSOLUTE
    handlers.s                               0x00000000   Number         0  handlers.o ABSOLUTE
    init.s                                   0x00000000   Number         0  init.o ABSOLUTE
    RESET                                    0x08000000   Section      236  startup_stm32f10x_md.o(RESET)
    .ARM.Collect$$$$00000000                 0x080000ec   Section        0  entry.o(.ARM.Collect$$$$00000000)
    .ARM.Collect$$$$00000001                 0x080000ec   Section        4  entry2.o(.ARM.Collect$$$$00000001)
    .ARM.Collect$$$$00000004                 0x080000f0   Section        4  entry5.o(.ARM.Collect$$$$00000004)
    .ARM.Collect$$$$00000008                 0x080000f4   Section        0  entry7b.o(.ARM.Collect$$$$00000008)
    .ARM.Collect$$$$0000000A                 0x080000f4   Section        0  entry8b.o(.ARM.Collect$$$$0000000A)
    .ARM.Collect$$$$0000000B                 0x080000f4   Section        8  entry9a.o(.ARM.Collect$$$$0000000B)
    .ARM.Collect$$$$0000000D                 0x080000fc   Section        0  entry10a.o(.ARM.Collect$$$$0000000D)
    .ARM.Collect$$$$0000000F                 0x080000fc   Section        0  entry11a.o(.ARM.Collect$$$$0000000F)
    .ARM.Collect$$$$00002712                 0x080000fc   Section        4  entry2.o(.ARM.Collect$$$$00002712)
    __lit__00000000                          0x080000fc   Data           4  entry2.o(.ARM.Collect$$$$00002712)
    .text                                    0x08000100   Section       36  startup_stm32f10x_md.o(.text)
    .text                                    0x08000124   Section        0  uldiv.o(.text)
    .text                                    0x08000186   Section        0  ldiv.o(.text)
    .text                                    0x080001e8   Section        0  memcpya.o(.text)
    .text                                    0x0800020c   Section        0  memseta.o(.text)
    .text                                    0x08000230   Section        0  llshl.o(.text)
    .text                                    0x0800024e   Section        0  llushr.o(.text)
    .text                                    0x08000270   Section       36  init.o(.text)
    i.BusFault_Handler                       0x08000294   Section        0  stm32f10x_it.o(i.BusFault_Handler)
    i.DebugMon_Handler                       0x08000298   Section        0  stm32f10x_it.o(i.DebugMon_Handler)
    i.GPIO_Init                              0x0800029a   Section        0  stm32f10x_gpio.o(i.GPIO_Init)
    i.GPIO_ReadInputDataBit                  0x080003b0   Section        0  stm32f10x_gpio.o(i.GPIO_ReadInputDataBit)
    i.GPIO_ResetBits                         0x080003c2   Section        0  stm32f10x_gpio.o(i.GPIO_ResetBits)
    i.GPIO_SetBits                           0x080003c6   Section        0  stm32f10x_gpio.o(i.GPIO_SetBits)
    i.HardFault_Handler                      0x080003ca   Section        0  stm32f10x_it.o(i.HardFault_Handler)
    i.MemManage_Handler                      0x080003ce   Section        0  stm32f10x_it.o(i.MemManage_Handler)
    i.NMI_Handler                            0x080003d2   Section        0  stm32f10x_it.o(i.NMI_Handler)
    i.PendSV_Handler                         0x080003d4   Section        0  stm32f10x_it.o(i.PendSV_Handler)
    i.RCC_APB2PeriphClockCmd                 0x080003d8   Section        0  stm32f10x_rcc.o(i.RCC_APB2PeriphClockCmd)
    i.RCC_GetClocksFreq                      0x080003f8   Section        0  stm32f10x_rcc.o(i.RCC_GetClocksFreq)
    i.SVC_Handler                            0x080004cc   Section        0  stm32f10x_it.o(i.SVC_Handler)
    i.SetSysClock                            0x080004ce   Section        0  system_stm32f10x.o(i.SetSysClock)
    SetSysClock                              0x080004cf   Thumb Code     8  system_stm32f10x.o(i.SetSysClock)
    i.SetSysClockTo72                        0x080004d8   Section        0  system_stm32f10x.o(i.SetSysClockTo72)
    SetSysClockTo72                          0x080004d9   Thumb Code   214  system_stm32f10x.o(i.SetSysClockTo72)
    i.SysTick_Handler                        0x080005b8   Section        0  main.o(i.SysTick_Handler)
    i.SystemCoreClockUpdate                  0x080005c8   Section        0  system_stm32f10x.o(i.SystemCoreClockUpdate)
    i.SystemInit                             0x0800066c   Section        0  system_stm32f10x.o(i.SystemInit)
    i.USART_Cmd                              0x080006cc   Section        0  stm32f10x_usart.o(i.USART_Cmd)
    i.USART_GetFlagStatus                    0x080006e4   Section        0  stm32f10x_usart.o(i.USART_GetFlagStatus)
    i.USART_Init                             0x08000700   Section        0  stm32f10x_usart.o(i.USART_Init)
    i.USART_SendData                         0x080007d8   Section        0  stm32f10x_usart.o(i.USART_SendData)
    i.USART_StructInit                       0x080007e0   Section        0  stm32f10x_usart.o(i.USART_StructInit)
    i.UsageFault_Handler                     0x080007f8   Section        0  stm32f10x_it.o(i.UsageFault_Handler)
    i.__scatterload_copy                     0x080007fc   Section       14  handlers.o(i.__scatterload_copy)
    i.__scatterload_null                     0x0800080a   Section        2  handlers.o(i.__scatterload_null)
    i.__scatterload_zeroinit                 0x0800080c   Section       14  handlers.o(i.__scatterload_zeroinit)
    i.aht_crc8                               0x0800081a   Section        0  sensor.o(i.aht_crc8)
    aht_crc8                                 0x0800081b   Thumb Code    62  sensor.o(i.aht_crc8)
    i.app_build_frame                        0x08000858   Section        0  app_protocol.o(i.app_build_frame)
    i.app_crc16                              0x08000902   Section        0  app_protocol.o(i.app_crc16)
    i.app_validate_frame                     0x0800094a   Section        0  app_protocol.o(i.app_validate_frame)
    i.bmp_init_at                            0x080009c4   Section        0  sensor.o(i.bmp_init_at)
    bmp_init_at                              0x080009c5   Thumb Code   214  sensor.o(i.bmp_init_at)
    i.bmp_sample                             0x08000aa0   Section        0  sensor.o(i.bmp_sample)
    bmp_sample                               0x08000aa1   Thumb Code   618  sensor.o(i.bmp_sample)
    i.board_init                             0x08000d18   Section        0  main.o(i.board_init)
    board_init                               0x08000d19   Thumb Code   158  main.o(i.board_init)
    i.build_response                         0x08000dd0   Section        0  main.o(i.build_response)
    build_response                           0x08000dd1   Thumb Code   542  main.o(i.build_response)
    i.ce_high                                0x08001040   Section        0  nrf24.o(i.ce_high)
    ce_high                                  0x08001041   Thumb Code    12  nrf24.o(i.ce_high)
    i.ce_low                                 0x08001050   Section        0  nrf24.o(i.ce_low)
    ce_low                                   0x08001051   Thumb Code    12  nrf24.o(i.ce_low)
    i.command                                0x08001060   Section        0  nrf24.o(i.command)
    command                                  0x08001061   Thumb Code    24  nrf24.o(i.command)
    i.csn_high                               0x08001078   Section        0  nrf24.o(i.csn_high)
    csn_high                                 0x08001079   Thumb Code    12  nrf24.o(i.csn_high)
    i.csn_low                                0x08001088   Section        0  nrf24.o(i.csn_low)
    csn_low                                  0x08001089   Thumb Code    12  nrf24.o(i.csn_low)
    i.dbg_c                                  0x08001098   Section        0  main.o(i.dbg_c)
    dbg_c                                    0x08001099   Thumb Code    28  main.o(i.dbg_c)
    i.dbg_hex                                0x080010b8   Section        0  main.o(i.dbg_hex)
    dbg_hex                                  0x080010b9   Thumb Code    30  main.o(i.dbg_hex)
    i.dbg_nrf                                0x080010dc   Section        0  main.o(i.dbg_nrf)
    dbg_nrf                                  0x080010dd   Thumb Code    62  main.o(i.dbg_nrf)
    i.dbg_s                                  0x08001130   Section        0  main.o(i.dbg_s)
    dbg_s                                    0x08001131   Thumb Code    22  main.o(i.dbg_s)
    i.dbg_u32                                0x08001146   Section        0  main.o(i.dbg_u32)
    dbg_u32                                  0x08001147   Thumb Code    74  main.o(i.dbg_u32)
    i.debug_sensor_status                    0x08001190   Section        0  main.o(i.debug_sensor_status)
    debug_sensor_status                      0x08001191   Thumb Code    58  main.o(i.debug_sensor_status)
    i.debug_uart_init                        0x08001200   Section        0  main.o(i.debug_uart_init)
    debug_uart_init                          0x08001201   Thumb Code    80  main.o(i.debug_uart_init)
    i.delay_i2c                              0x08001258   Section        0  i2c_bus.o(i.delay_i2c)
    delay_i2c                                0x08001259   Thumb Code    30  i2c_bus.o(i.delay_i2c)
    i.delay_us                               0x08001276   Section        0  nrf24.o(i.delay_us)
    delay_us                                 0x08001277   Thumb Code    36  nrf24.o(i.delay_us)
    i.fatal_radio                            0x0800129c   Section        0  main.o(i.fatal_radio)
    fatal_radio                              0x0800129d   Thumb Code    30  main.o(i.fatal_radio)
    i.i2c_bus_init                           0x080012d0   Section        0  i2c_bus.o(i.i2c_bus_init)
    i.i2c_bus_recover                        0x08001308   Section        0  i2c_bus.o(i.i2c_bus_recover)
    i.i2c_read                               0x0800133a   Section        0  i2c_bus.o(i.i2c_read)
    i.i2c_read_regs                          0x08001390   Section        0  i2c_bus.o(i.i2c_read_regs)
    i.i2c_write                              0x08001400   Section        0  i2c_bus.o(i.i2c_write)
    i.i2c_write_reg                          0x08001440   Section        0  i2c_bus.o(i.i2c_write_reg)
    i.led_set                                0x0800145c   Section        0  main.o(i.led_set)
    led_set                                  0x0800145d   Thumb Code    46  main.o(i.led_set)
    i.main                                   0x08001494   Section        0  main.o(i.main)
    i.millis                                 0x0800152c   Section        0  main.o(i.millis)
    i.nrf24_clear_irqs                       0x08001538   Section        0  nrf24.o(i.nrf24_clear_irqs)
    i.nrf24_init                             0x08001544   Section        0  nrf24.o(i.nrf24_init)
    i.nrf24_is_present                       0x08001644   Section        0  nrf24.o(i.nrf24_is_present)
    i.nrf24_read_register                    0x080016ac   Section        0  nrf24.o(i.nrf24_read_register)
    i.nrf24_receive                          0x080016b8   Section        0  nrf24.o(i.nrf24_receive)
    i.nrf24_send                             0x080016f6   Section        0  nrf24.o(i.nrf24_send)
    i.nrf24_start_listening                  0x080017a2   Section        0  nrf24.o(i.nrf24_start_listening)
    i.radio_task                             0x080017cc   Section        0  main.o(i.radio_task)
    radio_task                               0x080017cd   Thumb Code   224  main.o(i.radio_task)
    i.read_buf                               0x08001910   Section        0  nrf24.o(i.read_buf)
    read_buf                                 0x08001911   Thumb Code    46  nrf24.o(i.read_buf)
    i.read_byte                              0x0800193e   Section        0  i2c_bus.o(i.read_byte)
    read_byte                                0x0800193f   Thumb Code    86  i2c_bus.o(i.read_byte)
    i.read_reg                               0x08001994   Section        0  nrf24.o(i.read_reg)
    read_reg                                 0x08001995   Thumb Code    32  nrf24.o(i.read_reg)
    i.s16le                                  0x080019b4   Section        0  sensor.o(i.s16le)
    s16le                                    0x080019b5   Thumb Code    14  sensor.o(i.s16le)
    i.scl                                    0x080019c4   Section        0  i2c_bus.o(i.scl)
    scl                                      0x080019c5   Thumb Code    30  i2c_bus.o(i.scl)
    i.sda                                    0x080019e8   Section        0  i2c_bus.o(i.sda)
    sda                                      0x080019e9   Thumb Code    30  i2c_bus.o(i.sda)
    i.sda_read                               0x08001a0c   Section        0  i2c_bus.o(i.sda_read)
    sda_read                                 0x08001a0d   Thumb Code    20  i2c_bus.o(i.sda_read)
    i.sensors_aht_address_ok                 0x08001a24   Section        0  sensor.o(i.sensors_aht_address_ok)
    i.sensors_bmp_address                    0x08001a30   Section        0  sensor.o(i.sensors_bmp_address)
    i.sensors_force_sample                   0x08001a3c   Section        0  sensor.o(i.sensors_force_sample)
    i.sensors_get_period                     0x08001a48   Section        0  sensor.o(i.sensors_get_period)
    i.sensors_get_snapshot                   0x08001a54   Section        0  sensor.o(i.sensors_get_snapshot)
    i.sensors_init                           0x08001a64   Section        0  sensor.o(i.sensors_init)
    i.sensors_set_period                     0x08001ac0   Section        0  sensor.o(i.sensors_set_period)
    i.sensors_task                           0x08001acc   Section        0  sensor.o(i.sensors_task)
    i.spi_bit_delay                          0x08001cc8   Section        0  nrf24.o(i.spi_bit_delay)
    spi_bit_delay                            0x08001cc9   Thumb Code    30  nrf24.o(i.spi_bit_delay)
    i.spi_rw                                 0x08001ce8   Section        0  nrf24.o(i.spi_rw)
    spi_rw                                   0x08001ce9   Thumb Code    90  nrf24.o(i.spi_rw)
    i.start_condition                        0x08001d48   Section        0  i2c_bus.o(i.start_condition)
    start_condition                          0x08001d49   Thumb Code    28  i2c_bus.o(i.start_condition)
    i.stop_condition                         0x08001d64   Section        0  i2c_bus.o(i.stop_condition)
    stop_condition                           0x08001d65   Thumb Code    22  i2c_bus.o(i.stop_condition)
    i.u16le                                  0x08001d7a   Section        0  sensor.o(i.u16le)
    u16le                                    0x08001d7b   Thumb Code    12  sensor.o(i.u16le)
    i.write_buf                              0x08001d86   Section        0  nrf24.o(i.write_buf)
    write_buf                                0x08001d87   Thumb Code    44  nrf24.o(i.write_buf)
    i.write_byte                             0x08001db2   Section        0  i2c_bus.o(i.write_byte)
    write_byte                               0x08001db3   Thumb Code    76  i2c_bus.o(i.write_byte)
    i.write_reg                              0x08001dfe   Section        0  nrf24.o(i.write_reg)
    write_reg                                0x08001dff   Thumb Code    34  nrf24.o(i.write_reg)
    .constdata                               0x08001e20   Section       36  main.o(.constdata)
    MASTER_ADDRESS                           0x08001e20   Data           5  main.o(.constdata)
    SLAVE_ADDRESS                            0x08001e25   Data           5  main.o(.constdata)
    h                                        0x08001e2a   Data          17  main.o(.constdata)
    r                                        0x08001e3b   Data           9  main.o(.constdata)
    .data                                    0x20000000   Section       29  main.o(.data)
    g_ms                                     0x20000000   Data           4  main.o(.data)
    boot_id                                  0x20000004   Data           2  main.o(.data)
    tx_seq                                   0x20000006   Data           2  main.o(.data)
    led_state                                0x20000008   Data           1  main.o(.data)
    last_master_ms                           0x2000000c   Data           4  main.o(.data)
    master_was_lost                          0x20000010   Data           1  main.o(.data)
    cached_response_len                      0x20000011   Data           1  main.o(.data)
    cached_master_boot                       0x20000012   Data           2  main.o(.data)
    cached_request_seq                       0x20000014   Data           2  main.o(.data)
    last_command_id                          0x20000018   Data           4  main.o(.data)
    last_command_valid                       0x2000001c   Data           1  main.o(.data)
    .data                                    0x2000001d   Section       20  stm32f10x_rcc.o(.data)
    APBAHBPrescTable                         0x2000001d   Data          16  stm32f10x_rcc.o(.data)
    ADCPrescTable                            0x2000002d   Data           4  stm32f10x_rcc.o(.data)
    .data                                    0x20000034   Section       24  sensor.o(.data)
    bmp_address                              0x20000034   Data           1  sensor.o(.data)
    aht_ok                                   0x20000035   Data           1  sensor.o(.data)
    state                                    0x20000036   Data           1  sensor.o(.data)
    deadline_ms                              0x20000038   Data           4  sensor.o(.data)
    period_ms                                0x2000003c   Data           4  sensor.o(.data)
    next_sample_ms                           0x20000040   Data           4  sensor.o(.data)
    force_pending                            0x20000044   Data           1  sensor.o(.data)
    bmp_t_fine                               0x20000048   Data           4  sensor.o(.data)
    .data                                    0x2000004c   Section       20  system_stm32f10x.o(.data)
    .bss                                     0x20000060   Section       42  main.o(.bss)
    cached_response                          0x20000060   Data          32  main.o(.bss)
    last_command_ack                         0x20000080   Data          10  main.o(.bss)
    .bss                                     0x2000008c   Section       40  sensor.o(.bss)
    snapshot                                 0x2000008c   Data          16  sensor.o(.bss)
    cal                                      0x2000009c   Data          24  sensor.o(.bss)
    STACK                                    0x200000b8   Section     1024  startup_stm32f10x_md.o(STACK)

    Global Symbols

    Symbol Name                              Value     Ov Type        Size  Object(Section)

    BuildAttributes$$THM_ISAv4$P$D$K$B$S$PE$A:L22UL41UL21$X:L11$S22US41US21$IEEE1$IW$USESV6$~STKCKD$USESV7$~SHL$OSPACE$EBA8$MICROLIB$REQ8$PRES8$EABIv2 0x00000000   Number         0  anon$$obj.o ABSOLUTE
    __ARM_use_no_argv                        0x00000000   Number         0  main.o ABSOLUTE
    __cpp_initialize__aeabi_                  - Undefined Weak Reference
    __cxa_finalize                            - Undefined Weak Reference
    __decompress                              - Undefined Weak Reference
    _clock_init                               - Undefined Weak Reference
    _microlib_exit                            - Undefined Weak Reference
    __Vectors_Size                           0x000000ec   Number         0  startup_stm32f10x_md.o ABSOLUTE
    __Vectors                                0x08000000   Data           4  startup_stm32f10x_md.o(RESET)
    __Vectors_End                            0x080000ec   Data           0  startup_stm32f10x_md.o(RESET)
    __main                                   0x080000ed   Thumb Code     0  entry.o(.ARM.Collect$$$$00000000)
    _main_stk                                0x080000ed   Thumb Code     0  entry2.o(.ARM.Collect$$$$00000001)
    _main_scatterload                        0x080000f1   Thumb Code     0  entry5.o(.ARM.Collect$$$$00000004)
    __main_after_scatterload                 0x080000f5   Thumb Code     0  entry5.o(.ARM.Collect$$$$00000004)
    _main_clock                              0x080000f5   Thumb Code     0  entry7b.o(.ARM.Collect$$$$00000008)
    _main_cpp_init                           0x080000f5   Thumb Code     0  entry8b.o(.ARM.Collect$$$$0000000A)
    _main_init                               0x080000f5   Thumb Code     0  entry9a.o(.ARM.Collect$$$$0000000B)
    __rt_final_cpp                           0x080000fd   Thumb Code     0  entry10a.o(.ARM.Collect$$$$0000000D)
    __rt_final_exit                          0x080000fd   Thumb Code     0  entry11a.o(.ARM.Collect$$$$0000000F)
    Reset_Handler                            0x08000101   Thumb Code     8  startup_stm32f10x_md.o(.text)
    ADC1_2_IRQHandler                        0x0800011b   Thumb Code     0  startup_stm32f10x_md.o(.text)
    CAN1_RX1_IRQHandler                      0x0800011b   Thumb Code     0  startup_stm32f10x_md.o(.text)
    CAN1_SCE_IRQHandler                      0x0800011b   Thumb Code     0  startup_stm32f10x_md.o(.text)
    DMA1_Channel1_IRQHandler                 0x0800011b   Thumb Code     0  startup_stm32f10x_md.o(.text)
    DMA1_Channel2_IRQHandler                 0x0800011b   Thumb Code     0  startup_stm32f10x_md.o(.text)
    DMA1_Channel3_IRQHandler                 0x0800011b   Thumb Code     0  startup_stm32f10x_md.o(.text)
    DMA1_Channel4_IRQHandler                 0x0800011b   Thumb Code     0  startup_stm32f10x_md.o(.text)
    DMA1_Channel5_IRQHandler                 0x0800011b   Thumb Code     0  startup_stm32f10x_md.o(.text)
    DMA1_Channel6_IRQHandler                 0x0800011b   Thumb Code     0  startup_stm32f10x_md.o(.text)
    DMA1_Channel7_IRQHandler                 0x0800011b   Thumb Code     0  startup_stm32f10x_md.o(.text)
    EXTI0_IRQHandler                         0x0800011b   Thumb Code     0  startup_stm32f10x_md.o(.text)
    EXTI15_10_IRQHandler                     0x0800011b   Thumb Code     0  startup_stm32f10x_md.o(.text)
    EXTI1_IRQHandler                         0x0800011b   Thumb Code     0  startup_stm32f10x_md.o(.text)
    EXTI2_IRQHandler                         0x0800011b   Thumb Code     0  startup_stm32f10x_md.o(.text)
    EXTI3_IRQHandler                         0x0800011b   Thumb Code     0  startup_stm32f10x_md.o(.text)
    EXTI4_IRQHandler                         0x0800011b   Thumb Code     0  startup_stm32f10x_md.o(.text)
    EXTI9_5_IRQHandler                       0x0800011b   Thumb Code     0  startup_stm32f10x_md.o(.text)
    FLASH_IRQHandler                         0x0800011b   Thumb Code     0  startup_stm32f10x_md.o(.text)
    I2C1_ER_IRQHandler                       0x0800011b   Thumb Code     0  startup_stm32f10x_md.o(.text)
    I2C1_EV_IRQHandler                       0x0800011b   Thumb Code     0  startup_stm32f10x_md.o(.text)
    I2C2_ER_IRQHandler                       0x0800011b   Thumb Code     0  startup_stm32f10x_md.o(.text)
    I2C2_EV_IRQHandler                       0x0800011b   Thumb Code     0  startup_stm32f10x_md.o(.text)
    PVD_IRQHandler                           0x0800011b   Thumb Code     0  startup_stm32f10x_md.o(.text)
    RCC_IRQHandler                           0x0800011b   Thumb Code     0  startup_stm32f10x_md.o(.text)
    RTCAlarm_IRQHandler                      0x0800011b   Thumb Code     0  startup_stm32f10x_md.o(.text)
    RTC_IRQHandler                           0x0800011b   Thumb Code     0  startup_stm32f10x_md.o(.text)
    SPI1_IRQHandler                          0x0800011b   Thumb Code     0  startup_stm32f10x_md.o(.text)
    SPI2_IRQHandler                          0x0800011b   Thumb Code     0  startup_stm32f10x_md.o(.text)
    TAMPER_IRQHandler                        0x0800011b   Thumb Code     0  startup_stm32f10x_md.o(.text)
    TIM1_BRK_IRQHandler                      0x0800011b   Thumb Code     0  startup_stm32f10x_md.o(.text)
    TIM1_CC_IRQHandler                       0x0800011b   Thumb Code     0  startup_stm32f10x_md.o(.text)
    TIM1_TRG_COM_IRQHandler                  0x0800011b   Thumb Code     0  startup_stm32f10x_md.o(.text)
    TIM1_UP_IRQHandler                       0x0800011b   Thumb Code     0  startup_stm32f10x_md.o(.text)
    TIM2_IRQHandler                          0x0800011b   Thumb Code     0  startup_stm32f10x_md.o(.text)
    TIM3_IRQHandler                          0x0800011b   Thumb Code     0  startup_stm32f10x_md.o(.text)
    TIM4_IRQHandler                          0x0800011b   Thumb Code     0  startup_stm32f10x_md.o(.text)
    USART1_IRQHandler                        0x0800011b   Thumb Code     0  startup_stm32f10x_md.o(.text)
    USART2_IRQHandler                        0x0800011b   Thumb Code     0  startup_stm32f10x_md.o(.text)
    USART3_IRQHandler                        0x0800011b   Thumb Code     0  startup_stm32f10x_md.o(.text)
    USBWakeUp_IRQHandler                     0x0800011b   Thumb Code     0  startup_stm32f10x_md.o(.text)
    USB_HP_CAN1_TX_IRQHandler                0x0800011b   Thumb Code     0  startup_stm32f10x_md.o(.text)
    USB_LP_CAN1_RX0_IRQHandler               0x0800011b   Thumb Code     0  startup_stm32f10x_md.o(.text)
    WWDG_IRQHandler                          0x0800011b   Thumb Code     0  startup_stm32f10x_md.o(.text)
    __aeabi_uldivmod                         0x08000125   Thumb Code    98  uldiv.o(.text)
    __aeabi_ldivmod                          0x08000187   Thumb Code    98  ldiv.o(.text)
    __aeabi_memcpy                           0x080001e9   Thumb Code    36  memcpya.o(.text)
    __aeabi_memcpy4                          0x080001e9   Thumb Code     0  memcpya.o(.text)
    __aeabi_memcpy8                          0x080001e9   Thumb Code     0  memcpya.o(.text)
    __aeabi_memset                           0x0800020d   Thumb Code    14  memseta.o(.text)
    __aeabi_memset4                          0x0800020d   Thumb Code     0  memseta.o(.text)
    __aeabi_memset8                          0x0800020d   Thumb Code     0  memseta.o(.text)
    __aeabi_memclr                           0x0800021b   Thumb Code     4  memseta.o(.text)
    __aeabi_memclr4                          0x0800021b   Thumb Code     0  memseta.o(.text)
    __aeabi_memclr8                          0x0800021b   Thumb Code     0  memseta.o(.text)
    _memset$wrapper                          0x0800021f   Thumb Code    18  memseta.o(.text)
    __aeabi_llsl                             0x08000231   Thumb Code    30  llshl.o(.text)
    _ll_shift_l                              0x08000231   Thumb Code     0  llshl.o(.text)
    __aeabi_llsr                             0x0800024f   Thumb Code    32  llushr.o(.text)
    _ll_ushift_r                             0x0800024f   Thumb Code     0  llushr.o(.text)
    __scatterload                            0x08000271   Thumb Code    28  init.o(.text)
    __scatterload_rt2                        0x08000271   Thumb Code     0  init.o(.text)
    BusFault_Handler                         0x08000295   Thumb Code     4  stm32f10x_it.o(i.BusFault_Handler)
    DebugMon_Handler                         0x08000299   Thumb Code     2  stm32f10x_it.o(i.DebugMon_Handler)
    GPIO_Init                                0x0800029b   Thumb Code   278  stm32f10x_gpio.o(i.GPIO_Init)
    GPIO_ReadInputDataBit                    0x080003b1   Thumb Code    18  stm32f10x_gpio.o(i.GPIO_ReadInputDataBit)
    GPIO_ResetBits                           0x080003c3   Thumb Code     4  stm32f10x_gpio.o(i.GPIO_ResetBits)
    GPIO_SetBits                             0x080003c7   Thumb Code     4  stm32f10x_gpio.o(i.GPIO_SetBits)
    HardFault_Handler                        0x080003cb   Thumb Code     4  stm32f10x_it.o(i.HardFault_Handler)
    MemManage_Handler                        0x080003cf   Thumb Code     4  stm32f10x_it.o(i.MemManage_Handler)
    NMI_Handler                              0x080003d3   Thumb Code     2  stm32f10x_it.o(i.NMI_Handler)
    PendSV_Handler                           0x080003d5   Thumb Code     2  stm32f10x_it.o(i.PendSV_Handler)
    RCC_APB2PeriphClockCmd                   0x080003d9   Thumb Code    26  stm32f10x_rcc.o(i.RCC_APB2PeriphClockCmd)
    RCC_GetClocksFreq                        0x080003f9   Thumb Code   192  stm32f10x_rcc.o(i.RCC_GetClocksFreq)
    SVC_Handler                              0x080004cd   Thumb Code     2  stm32f10x_it.o(i.SVC_Handler)
    SysTick_Handler                          0x080005b9   Thumb Code    12  main.o(i.SysTick_Handler)
    SystemCoreClockUpdate                    0x080005c9   Thumb Code   142  system_stm32f10x.o(i.SystemCoreClockUpdate)
    SystemInit                               0x0800066d   Thumb Code    78  system_stm32f10x.o(i.SystemInit)
    USART_Cmd                                0x080006cd   Thumb Code    24  stm32f10x_usart.o(i.USART_Cmd)
    USART_GetFlagStatus                      0x080006e5   Thumb Code    26  stm32f10x_usart.o(i.USART_GetFlagStatus)
    USART_Init                               0x08000701   Thumb Code   210  stm32f10x_usart.o(i.USART_Init)
    USART_SendData                           0x080007d9   Thumb Code     8  stm32f10x_usart.o(i.USART_SendData)
    USART_StructInit                         0x080007e1   Thumb Code    24  stm32f10x_usart.o(i.USART_StructInit)
    UsageFault_Handler                       0x080007f9   Thumb Code     4  stm32f10x_it.o(i.UsageFault_Handler)
    __scatterload_copy                       0x080007fd   Thumb Code    14  handlers.o(i.__scatterload_copy)
    __scatterload_null                       0x0800080b   Thumb Code     2  handlers.o(i.__scatterload_null)
    __scatterload_zeroinit                   0x0800080d   Thumb Code    14  handlers.o(i.__scatterload_zeroinit)
    app_build_frame                          0x08000859   Thumb Code   170  app_protocol.o(i.app_build_frame)
    app_crc16                                0x08000903   Thumb Code    72  app_protocol.o(i.app_crc16)
    app_validate_frame                       0x0800094b   Thumb Code   122  app_protocol.o(i.app_validate_frame)
    i2c_bus_init                             0x080012d1   Thumb Code    50  i2c_bus.o(i.i2c_bus_init)
    i2c_bus_recover                          0x08001309   Thumb Code    50  i2c_bus.o(i.i2c_bus_recover)
    i2c_read                                 0x0800133b   Thumb Code    86  i2c_bus.o(i.i2c_read)
    i2c_read_regs                            0x08001391   Thumb Code   112  i2c_bus.o(i.i2c_read_regs)
    i2c_write                                0x08001401   Thumb Code    64  i2c_bus.o(i.i2c_write)
    i2c_write_reg                            0x08001441   Thumb Code    28  i2c_bus.o(i.i2c_write_reg)
    main                                     0x08001495   Thumb Code   102  main.o(i.main)
    millis                                   0x0800152d   Thumb Code     6  main.o(i.millis)
    nrf24_clear_irqs                         0x08001539   Thumb Code    12  nrf24.o(i.nrf24_clear_irqs)
    nrf24_init                               0x08001545   Thumb Code   246  nrf24.o(i.nrf24_init)
    nrf24_is_present                         0x08001645   Thumb Code   104  nrf24.o(i.nrf24_is_present)
    nrf24_read_register                      0x080016ad   Thumb Code    12  nrf24.o(i.nrf24_read_register)
    nrf24_receive                            0x080016b9   Thumb Code    62  nrf24.o(i.nrf24_receive)
    nrf24_send                               0x080016f7   Thumb Code   172  nrf24.o(i.nrf24_send)
    nrf24_start_listening                    0x080017a3   Thumb Code    42  nrf24.o(i.nrf24_start_listening)
    sensors_aht_address_ok                   0x08001a25   Thumb Code     6  sensor.o(i.sensors_aht_address_ok)
    sensors_bmp_address                      0x08001a31   Thumb Code     6  sensor.o(i.sensors_bmp_address)
    sensors_force_sample                     0x08001a3d   Thumb Code     8  sensor.o(i.sensors_force_sample)
    sensors_get_period                       0x08001a49   Thumb Code     6  sensor.o(i.sensors_get_period)
    sensors_get_snapshot                     0x08001a55   Thumb Code    12  sensor.o(i.sensors_get_snapshot)
    sensors_init                             0x08001a65   Thumb Code    74  sensor.o(i.sensors_init)
    sensors_set_period                       0x08001ac1   Thumb Code     6  sensor.o(i.sensors_set_period)
    sensors_task                             0x08001acd   Thumb Code   472  sensor.o(i.sensors_task)
    Region$$Table$$Base                      0x08001e44   Number         0  anon$$obj.o(Region$$Table)
    Region$$Table$$Limit                     0x08001e64   Number         0  anon$$obj.o(Region$$Table)
    SystemCoreClock                          0x2000004c   Data           4  system_stm32f10x.o(.data)
    AHBPrescTable                            0x20000050   Data          16  system_stm32f10x.o(.data)
    __initial_sp                             0x200004b8   Data           0  startup_stm32f10x_md.o(STACK)



==============================================================================

Memory Map of the image

  Image Entry point : 0x080000ed

  Load Region LR_IROM1 (Base: 0x08000000, Size: 0x00001ec4, Max: 0x00010000, ABSOLUTE)

    Execution Region ER_IROM1 (Base: 0x08000000, Size: 0x00001e64, Max: 0x00010000, ABSOLUTE)

    Base Addr    Size         Type   Attr      Idx    E Section Name        Object

    0x08000000   0x000000ec   Data   RO         3616    RESET               startup_stm32f10x_md.o
    0x080000ec   0x00000000   Code   RO         3674  * .ARM.Collect$$$$00000000  mc_w.l(entry.o)
    0x080000ec   0x00000004   Code   RO         3687    .ARM.Collect$$$$00000001  mc_w.l(entry2.o)
    0x080000f0   0x00000004   Code   RO         3690    .ARM.Collect$$$$00000004  mc_w.l(entry5.o)
    0x080000f4   0x00000000   Code   RO         3692    .ARM.Collect$$$$00000008  mc_w.l(entry7b.o)
    0x080000f4   0x00000000   Code   RO         3694    .ARM.Collect$$$$0000000A  mc_w.l(entry8b.o)
    0x080000f4   0x00000008   Code   RO         3695    .ARM.Collect$$$$0000000B  mc_w.l(entry9a.o)
    0x080000fc   0x00000000   Code   RO         3697    .ARM.Collect$$$$0000000D  mc_w.l(entry10a.o)
    0x080000fc   0x00000000   Code   RO         3699    .ARM.Collect$$$$0000000F  mc_w.l(entry11a.o)
    0x080000fc   0x00000004   Code   RO         3688    .ARM.Collect$$$$00002712  mc_w.l(entry2.o)
    0x08000100   0x00000024   Code   RO         3617    .text               startup_stm32f10x_md.o
    0x08000124   0x00000062   Code   RO         3677    .text               mc_w.l(uldiv.o)
    0x08000186   0x00000062   Code   RO         3679    .text               mc_w.l(ldiv.o)
    0x080001e8   0x00000024   Code   RO         3681    .text               mc_w.l(memcpya.o)
    0x0800020c   0x00000024   Code   RO         3683    .text               mc_w.l(memseta.o)
    0x08000230   0x0000001e   Code   RO         3701    .text               mc_w.l(llshl.o)
    0x0800024e   0x00000020   Code   RO         3703    .text               mc_w.l(llushr.o)
    0x0800026e   0x00000002   PAD
    0x08000270   0x00000024   Code   RO         3705    .text               mc_w.l(init.o)
    0x08000294   0x00000004   Code   RO          192    i.BusFault_Handler  stm32f10x_it.o
    0x08000298   0x00000002   Code   RO          193    i.DebugMon_Handler  stm32f10x_it.o
    0x0800029a   0x00000116   Code   RO         1440    i.GPIO_Init         stm32f10x_gpio.o
    0x080003b0   0x00000012   Code   RO         1444    i.GPIO_ReadInputDataBit  stm32f10x_gpio.o
    0x080003c2   0x00000004   Code   RO         1447    i.GPIO_ResetBits    stm32f10x_gpio.o
    0x080003c6   0x00000004   Code   RO         1448    i.GPIO_SetBits      stm32f10x_gpio.o
    0x080003ca   0x00000004   Code   RO          194    i.HardFault_Handler  stm32f10x_it.o
    0x080003ce   0x00000004   Code   RO          195    i.MemManage_Handler  stm32f10x_it.o
    0x080003d2   0x00000002   Code   RO          196    i.NMI_Handler       stm32f10x_it.o
    0x080003d4   0x00000002   Code   RO          197    i.PendSV_Handler    stm32f10x_it.o
    0x080003d6   0x00000002   PAD
    0x080003d8   0x00000020   Code   RO         1870    i.RCC_APB2PeriphClockCmd  stm32f10x_rcc.o
    0x080003f8   0x000000d4   Code   RO         1878    i.RCC_GetClocksFreq  stm32f10x_rcc.o
    0x080004cc   0x00000002   Code   RO          198    i.SVC_Handler       stm32f10x_it.o
    0x080004ce   0x00000008   Code   RO         3621    i.SetSysClock       system_stm32f10x.o
    0x080004d6   0x00000002   PAD
    0x080004d8   0x000000e0   Code   RO         3622    i.SetSysClockTo72   system_stm32f10x.o
    0x080005b8   0x00000010   Code   RO            1    i.SysTick_Handler   main.o
    0x080005c8   0x000000a4   Code   RO         3623    i.SystemCoreClockUpdate  system_stm32f10x.o
    0x0800066c   0x00000060   Code   RO         3624    i.SystemInit        system_stm32f10x.o
    0x080006cc   0x00000018   Code   RO         3053    i.USART_Cmd         stm32f10x_usart.o
    0x080006e4   0x0000001a   Code   RO         3056    i.USART_GetFlagStatus  stm32f10x_usart.o
    0x080006fe   0x00000002   PAD
    0x08000700   0x000000d8   Code   RO         3060    i.USART_Init        stm32f10x_usart.o
    0x080007d8   0x00000008   Code   RO         3070    i.USART_SendData    stm32f10x_usart.o
    0x080007e0   0x00000018   Code   RO         3076    i.USART_StructInit  stm32f10x_usart.o
    0x080007f8   0x00000004   Code   RO          199    i.UsageFault_Handler  stm32f10x_it.o
    0x080007fc   0x0000000e   Code   RO         3709    i.__scatterload_copy  mc_w.l(handlers.o)
    0x0800080a   0x00000002   Code   RO         3710    i.__scatterload_null  mc_w.l(handlers.o)
    0x0800080c   0x0000000e   Code   RO         3711    i.__scatterload_zeroinit  mc_w.l(handlers.o)
    0x0800081a   0x0000003e   Code   RO         3518    i.aht_crc8          sensor.o
    0x08000858   0x000000aa   Code   RO         3289    i.app_build_frame   app_protocol.o
    0x08000902   0x00000048   Code   RO         3290    i.app_crc16         app_protocol.o
    0x0800094a   0x0000007a   Code   RO         3291    i.app_validate_frame  app_protocol.o
    0x080009c4   0x000000dc   Code   RO         3519    i.bmp_init_at       sensor.o
    0x08000aa0   0x00000278   Code   RO         3520    i.bmp_sample        sensor.o
    0x08000d18   0x000000b8   Code   RO            2    i.board_init        main.o
    0x08000dd0   0x00000270   Code   RO            3    i.build_response    main.o
    0x08001040   0x00000010   Code   RO         3316    i.ce_high           nrf24.o
    0x08001050   0x00000010   Code   RO         3317    i.ce_low            nrf24.o
    0x08001060   0x00000018   Code   RO         3318    i.command           nrf24.o
    0x08001078   0x00000010   Code   RO         3319    i.csn_high          nrf24.o
    0x08001088   0x00000010   Code   RO         3320    i.csn_low           nrf24.o
    0x08001098   0x00000020   Code   RO            4    i.dbg_c             main.o
    0x080010b8   0x00000024   Code   RO            5    i.dbg_hex           main.o
    0x080010dc   0x00000054   Code   RO            6    i.dbg_nrf           main.o
    0x08001130   0x00000016   Code   RO            7    i.dbg_s             main.o
    0x08001146   0x0000004a   Code   RO            8    i.dbg_u32           main.o
    0x08001190   0x00000070   Code   RO            9    i.debug_sensor_status  main.o
    0x08001200   0x00000058   Code   RO           10    i.debug_uart_init   main.o
    0x08001258   0x0000001e   Code   RO         3433    i.delay_i2c         i2c_bus.o
    0x08001276   0x00000024   Code   RO         3321    i.delay_us          nrf24.o
    0x0800129a   0x00000002   PAD
    0x0800129c   0x00000034   Code   RO           11    i.fatal_radio       main.o
    0x080012d0   0x00000038   Code   RO         3434    i.i2c_bus_init      i2c_bus.o
    0x08001308   0x00000032   Code   RO         3435    i.i2c_bus_recover   i2c_bus.o
    0x0800133a   0x00000056   Code   RO         3436    i.i2c_read          i2c_bus.o
    0x08001390   0x00000070   Code   RO         3437    i.i2c_read_regs     i2c_bus.o
    0x08001400   0x00000040   Code   RO         3438    i.i2c_write         i2c_bus.o
    0x08001440   0x0000001c   Code   RO         3439    i.i2c_write_reg     i2c_bus.o
    0x0800145c   0x00000038   Code   RO           12    i.led_set           main.o
    0x08001494   0x00000098   Code   RO           13    i.main              main.o
    0x0800152c   0x0000000c   Code   RO           14    i.millis            main.o
    0x08001538   0x0000000c   Code   RO         3322    i.nrf24_clear_irqs  nrf24.o
    0x08001544   0x00000100   Code   RO         3323    i.nrf24_init        nrf24.o
    0x08001644   0x00000068   Code   RO         3324    i.nrf24_is_present  nrf24.o
    0x080016ac   0x0000000c   Code   RO         3326    i.nrf24_read_register  nrf24.o
    0x080016b8   0x0000003e   Code   RO         3327    i.nrf24_receive     nrf24.o
    0x080016f6   0x000000ac   Code   RO         3328    i.nrf24_send        nrf24.o
    0x080017a2   0x0000002a   Code   RO         3329    i.nrf24_start_listening  nrf24.o
    0x080017cc   0x00000144   Code   RO           15    i.radio_task        main.o
    0x08001910   0x0000002e   Code   RO         3330    i.read_buf          nrf24.o
    0x0800193e   0x00000056   Code   RO         3440    i.read_byte         i2c_bus.o
    0x08001994   0x00000020   Code   RO         3331    i.read_reg          nrf24.o
    0x080019b4   0x0000000e   Code   RO         3521    i.s16le             sensor.o
    0x080019c2   0x00000002   PAD
    0x080019c4   0x00000024   Code   RO         3441    i.scl               i2c_bus.o
    0x080019e8   0x00000024   Code   RO         3442    i.sda               i2c_bus.o
    0x08001a0c   0x00000018   Code   RO         3443    i.sda_read          i2c_bus.o
    0x08001a24   0x0000000c   Code   RO         3522    i.sensors_aht_address_ok  sensor.o
    0x08001a30   0x0000000c   Code   RO         3523    i.sensors_bmp_address  sensor.o
    0x08001a3c   0x0000000c   Code   RO         3524    i.sensors_force_sample  sensor.o
    0x08001a48   0x0000000c   Code   RO         3525    i.sensors_get_period  sensor.o
    0x08001a54   0x00000010   Code   RO         3526    i.sensors_get_snapshot  sensor.o
    0x08001a64   0x0000005c   Code   RO         3527    i.sensors_init      sensor.o
    0x08001ac0   0x0000000c   Code   RO         3528    i.sensors_set_period  sensor.o
    0x08001acc   0x000001fc   Code   RO         3529    i.sensors_task      sensor.o
    0x08001cc8   0x0000001e   Code   RO         3332    i.spi_bit_delay     nrf24.o
    0x08001ce6   0x00000002   PAD
    0x08001ce8   0x00000060   Code   RO         3333    i.spi_rw            nrf24.o
    0x08001d48   0x0000001c   Code   RO         3444    i.start_condition   i2c_bus.o
    0x08001d64   0x00000016   Code   RO         3445    i.stop_condition    i2c_bus.o
    0x08001d7a   0x0000000c   Code   RO         3530    i.u16le             sensor.o
    0x08001d86   0x0000002c   Code   RO         3334    i.write_buf         nrf24.o
    0x08001db2   0x0000004c   Code   RO         3446    i.write_byte        i2c_bus.o
    0x08001dfe   0x00000022   Code   RO         3335    i.write_reg         nrf24.o
    0x08001e20   0x00000024   Data   RO           17    .constdata          main.o
    0x08001e44   0x00000020   Data   RO         3707    Region$$Table       anon$$obj.o


    Execution Region RW_IRAM1 (Base: 0x20000000, Size: 0x000004b8, Max: 0x00005000, ABSOLUTE)

    Base Addr    Size         Type   Attr      Idx    E Section Name        Object

    0x20000000   0x0000001d   Data   RW           18    .data               main.o
    0x2000001d   0x00000014   Data   RW         1898    .data               stm32f10x_rcc.o
    0x20000031   0x00000003   PAD
    0x20000034   0x00000018   Data   RW         3532    .data               sensor.o
    0x2000004c   0x00000014   Data   RW         3625    .data               system_stm32f10x.o
    0x20000060   0x0000002a   Zero   RW           16    .bss                main.o
    0x2000008a   0x00000002   PAD
    0x2000008c   0x00000028   Zero   RW         3531    .bss                sensor.o
    0x200000b4   0x00000004   PAD
    0x200000b8   0x00000400   Zero   RW         3614    STACK               startup_stm32f10x_md.o


==============================================================================

Image component sizes


      Code (inc. data)   RO Data    RW Data    ZI Data      Debug   Object Name

       364          0          0          0          0       4867   app_protocol.o
         0          0          0          0          0         32   core_cm3.o
       734         22          0          0          0       8616   i2c_bus.o
      1868        394         36         29         42     256549   main.o
      1066         32          0          0          0      12130   nrf24.o
      1616        106          0         24         40       9557   sensor.o
        36          8        236          0       1024        836   startup_stm32f10x_md.o
       304          0          0          0          0      12096   stm32f10x_gpio.o
        24          0          0          0          0       3732   stm32f10x_it.o
       244         26          0         20          0      12693   stm32f10x_rcc.o
       298          6          0          0          0      10687   stm32f10x_usart.o
       492         50          0         20          0       3021   system_stm32f10x.o

    ----------------------------------------------------------------------
      7058        644        304         96       1112     334816   Object Totals
         0          0         32          0          0          0   (incl. Generated)
        12          0          0          3          6          0   (incl. Padding)

    ----------------------------------------------------------------------

      Code (inc. data)   RO Data    RW Data    ZI Data      Debug   Library Member Name

         0          0          0          0          0          0   entry.o
         0          0          0          0          0          0   entry10a.o
         0          0          0          0          0          0   entry11a.o
         8          4          0          0          0          0   entry2.o
         4          0          0          0          0          0   entry5.o
         0          0          0          0          0          0   entry7b.o
         0          0          0          0          0          0   entry8b.o
         8          4          0          0          0          0   entry9a.o
        30          0          0          0          0          0   handlers.o
        36          8          0          0          0         68   init.o
        98          0          0          0          0         84   ldiv.o
        30          0          0          0          0         68   llshl.o
        32          0          0          0          0         68   llushr.o
        36          0          0          0          0         68   memcpya.o
        36          0          0          0          0        108   memseta.o
        98          0          0          0          0         92   uldiv.o

    ----------------------------------------------------------------------
       418         16          0          0          0        556   Library Totals
         2          0          0          0          0          0   (incl. Padding)

    ----------------------------------------------------------------------

      Code (inc. data)   RO Data    RW Data    ZI Data      Debug   Library Name

       416         16          0          0          0        556   mc_w.l

    ----------------------------------------------------------------------
       418         16          0          0          0        556   Library Totals

    ----------------------------------------------------------------------

==============================================================================


      Code (inc. data)   RO Data    RW Data    ZI Data      Debug   

      7476        660        304         96       1112     331000   Grand Totals
      7476        660        304         96       1112     331000   ELF Image Totals
      7476        660        304         96          0          0   ROM Totals

==============================================================================

    Total RO  Size (Code + RO Data)                 7780 (   7.60kB)
    Total RW  Size (RW Data + ZI Data)              1208 (   1.18kB)
    Total ROM Size (Code + RO Data + RW Data)       7876 (   7.69kB)

==============================================================================

