<html>
<body>
<pre>
<h1>µVision Build Log</h1>
<h2>Tool Versions:</h2>
IDE-Version: ¦ÌVision V5.15
Copyright (C) 2015 ARM Ltd and ARM Germany GmbH. All rights reserved.
License Information: FENG 2721587967@qq.com, DEWOD, LIC=WHYH9-4FW5U-8TV3P-MYVZS-7HGER-9G8X7
 
Tool Versions:
Toolchain:       MDK-ARM Standard  Version: 5.15.0
Toolchain Path:  D:\Keil MDK\ARM\ARMCC\Bin
C Compiler:      Armcc.exe V5.05 update 2 (build 169)
Assembler:       Armasm.exe V5.05 update 2 (build 169)
Linker/Locator:  ArmLink.exe V5.05 update 2 (build 169)
Library Manager: ArmAr.exe V5.05 update 2 (build 169)
Hex Converter:   FromElf.exe V5.05 update 2 (build 169)
CPU DLL:         SARMCM3.DLL V5.15.0
Dialog DLL:      DCM.DLL V1.13.2.0
Target DLL:      STLink\ST-LINKIII-KEIL_SWO.dll V2.0.15.0_KEIL
Dialog DLL:      TCM.DLL V1.14.5.0
 
<h2>Project:</h2>
C:\Users\27215\Desktop\version_2.0\slave\NRF24L01 Long-Range Communication.uvprojx
Project File Date:  09/02/2026

<h2>Output:</h2>
*** Using Compiler 'V5.05 update 2 (build 169)', folder: 'D:\Keil MDK\ARM\ARMCC\Bin'
Build target 'Target 1'
compiling main.c...
.\Config\config.h(66): warning:  #1-D: last line of file ends without a newline
  #endif /* APP_CONFIG_H */
.\Hardware\app_protocol.h(168): warning:  #1-D: last line of file ends without a newline
  #endif /* APP_PROTOCOL_H */
User\main.c: 2 warnings, 0 errors
compiling app_protocol.c...
.\Config\config.h(66): warning:  #1-D: last line of file ends without a newline
  #endif /* APP_CONFIG_H */
Hardware\app_protocol.h(168): warning:  #1-D: last line of file ends without a newline
  #endif /* APP_PROTOCOL_H */
Hardware\app_protocol.c: 2 warnings, 0 errors
compiling sensor.c...
.\Config\config.h(66): warning:  #1-D: last line of file ends without a newline
  #endif /* APP_CONFIG_H */
Hardware\app_protocol.h(168): warning:  #1-D: last line of file ends without a newline
  #endif /* APP_PROTOCOL_H */
Hardware\sensor.c(283): warning:  #1-D: last line of file ends without a newline
  }
Hardware\sensor.c: 3 warnings, 0 errors
linking...
Program Size: Code=7876 RO-data=304 RW-data=96 ZI-data=1112  
".\Objects\NRF24L01 Long-Range Communication.axf" - 0 Error(s), 7 Warning(s).

<h2>Collection of Component include folders:</h2>
  C:\Users\27215\Desktop\version_2.0\slave\RTE
  D:\Keil MDK\Keil\STM32F1xx_DFP\1.1.0\Device\Include

<h2>Collection of Component Files used:</h2>
</pre>
</body>
</html>
