<!doctype html public "-//w3c//dtd html 4.0 transitional//en">
<html><head>
<title>Static Call Graph - [.\Objects\NRF24L01 Long-Range Communication.axf]</title></head>
<body><HR>
<H1>Static Call Graph for image .\Objects\NRF24L01 Long-Range Communication.axf</H1><HR>
<BR><P>#&#060CALLGRAPH&#062# ARM Linker, 5060061: Last Updated: Wed Aug 26 23:42:09 2026
<BR><P>
<H3>Maximum Stack Usage =        196 bytes + Unknown(Cycles, Untraceable Function Pointers)</H3><H3>
Call chain for Maximum Stack Depth:</H3>
main &rArr; radio_task &rArr; build_response &rArr; app_build_frame &rArr; app_crc16
<P>
<H3>
Mutually Recursive functions
</H3> <LI><a href="#[1c]">ADC1_2_IRQHandler</a>&nbsp;&nbsp;&nbsp;&rArr;&nbsp;&nbsp;&nbsp;<a href="#[1c]">ADC1_2_IRQHandler</a><BR>
</UL>
<P>
<H3>
Function Pointers
</H3><UL>
 <LI><a href="#[1c]">ADC1_2_IRQHandler</a> from startup_stm32f10x_md.o(.text) referenced from startup_stm32f10x_md.o(RESET)
 <LI><a href="#[4]">BusFault_Handler</a> from stm32f10x_it.o(i.BusFault_Handler) referenced from startup_stm32f10x_md.o(RESET)
 <LI><a href="#[1f]">CAN1_RX1_IRQHandler</a> from startup_stm32f10x_md.o(.text) referenced from startup_stm32f10x_md.o(RESET)
 <LI><a href="#[20]">CAN1_SCE_IRQHandler</a> from startup_stm32f10x_md.o(.text) referenced from startup_stm32f10x_md.o(RESET)
 <LI><a href="#[15]">DMA1_Channel1_IRQHandler</a> from startup_stm32f10x_md.o(.text) referenced from startup_stm32f10x_md.o(RESET)
 <LI><a href="#[16]">DMA1_Channel2_IRQHandler</a> from startup_stm32f10x_md.o(.text) referenced from startup_stm32f10x_md.o(RESET)
 <LI><a href="#[17]">DMA1_Channel3_IRQHandler</a> from startup_stm32f10x_md.o(.text) referenced from startup_stm32f10x_md.o(RESET)
 <LI><a href="#[18]">DMA1_Channel4_IRQHandler</a> from startup_stm32f10x_md.o(.text) referenced from startup_stm32f10x_md.o(RESET)
 <LI><a href="#[19]">DMA1_Channel5_IRQHandler</a> from startup_stm32f10x_md.o(.text) referenced from startup_stm32f10x_md.o(RESET)
 <LI><a href="#[1a]">DMA1_Channel6_IRQHandler</a> from startup_stm32f10x_md.o(.text) referenced from startup_stm32f10x_md.o(RESET)
 <LI><a href="#[1b]">DMA1_Channel7_IRQHandler</a> from startup_stm32f10x_md.o(.text) referenced from startup_stm32f10x_md.o(RESET)
 <LI><a href="#[7]">DebugMon_Handler</a> from stm32f10x_it.o(i.DebugMon_Handler) referenced from startup_stm32f10x_md.o(RESET)
 <LI><a href="#[10]">EXTI0_IRQHandler</a> from startup_stm32f10x_md.o(.text) referenced from startup_stm32f10x_md.o(RESET)
 <LI><a href="#[32]">EXTI15_10_IRQHandler</a> from startup_stm32f10x_md.o(.text) referenced from startup_stm32f10x_md.o(RESET)
 <LI><a href="#[11]">EXTI1_IRQHandler</a> from startup_stm32f10x_md.o(.text) referenced from startup_stm32f10x_md.o(RESET)
 <LI><a href="#[12]">EXTI2_IRQHandler</a> from startup_stm32f10x_md.o(.text) referenced from startup_stm32f10x_md.o(RESET)
 <LI><a href="#[13]">EXTI3_IRQHandler</a> from startup_stm32f10x_md.o(.text) referenced from startup_stm32f10x_md.o(RESET)
 <LI><a href="#[14]">EXTI4_IRQHandler</a> from startup_stm32f10x_md.o(.text) referenced from startup_stm32f10x_md.o(RESET)
 <LI><a href="#[21]">EXTI9_5_IRQHandler</a> from startup_stm32f10x_md.o(.text) referenced from startup_stm32f10x_md.o(RESET)
 <LI><a href="#[e]">FLASH_IRQHandler</a> from startup_stm32f10x_md.o(.text) referenced from startup_stm32f10x_md.o(RESET)
 <LI><a href="#[2]">HardFault_Handler</a> from stm32f10x_it.o(i.HardFault_Handler) referenced from startup_stm32f10x_md.o(RESET)
 <LI><a href="#[2a]">I2C1_ER_IRQHandler</a> from startup_stm32f10x_md.o(.text) referenced from startup_stm32f10x_md.o(RESET)
 <LI><a href="#[29]">I2C1_EV_IRQHandler</a> from startup_stm32f10x_md.o(.text) referenced from startup_stm32f10x_md.o(RESET)
 <LI><a href="#[2c]">I2C2_ER_IRQHandler</a> from startup_stm32f10x_md.o(.text) referenced from startup_stm32f10x_md.o(RESET)
 <LI><a href="#[2b]">I2C2_EV_IRQHandler</a> from startup_stm32f10x_md.o(.text) referenced from startup_stm32f10x_md.o(RESET)
 <LI><a href="#[3]">MemManage_Handler</a> from stm32f10x_it.o(i.MemManage_Handler) referenced from startup_stm32f10x_md.o(RESET)
 <LI><a href="#[1]">NMI_Handler</a> from stm32f10x_it.o(i.NMI_Handler) referenced from startup_stm32f10x_md.o(RESET)
 <LI><a href="#[b]">PVD_IRQHandler</a> from startup_stm32f10x_md.o(.text) referenced from startup_stm32f10x_md.o(RESET)
 <LI><a href="#[8]">PendSV_Handler</a> from stm32f10x_it.o(i.PendSV_Handler) referenced from startup_stm32f10x_md.o(RESET)
 <LI><a href="#[f]">RCC_IRQHandler</a> from startup_stm32f10x_md.o(.text) referenced from startup_stm32f10x_md.o(RESET)
 <LI><a href="#[33]">RTCAlarm_IRQHandler</a> from startup_stm32f10x_md.o(.text) referenced from startup_stm32f10x_md.o(RESET)
 <LI><a href="#[d]">RTC_IRQHandler</a> from startup_stm32f10x_md.o(.text) referenced from startup_stm32f10x_md.o(RESET)
 <LI><a href="#[0]">Reset_Handler</a> from startup_stm32f10x_md.o(.text) referenced from startup_stm32f10x_md.o(RESET)
 <LI><a href="#[2d]">SPI1_IRQHandler</a> from startup_stm32f10x_md.o(.text) referenced from startup_stm32f10x_md.o(RESET)
 <LI><a href="#[2e]">SPI2_IRQHandler</a> from startup_stm32f10x_md.o(.text) referenced from startup_stm32f10x_md.o(RESET)
 <LI><a href="#[6]">SVC_Handler</a> from stm32f10x_it.o(i.SVC_Handler) referenced from startup_stm32f10x_md.o(RESET)
 <LI><a href="#[9]">SysTick_Handler</a> from main.o(i.SysTick_Handler) referenced from startup_stm32f10x_md.o(RESET)
 <LI><a href="#[36]">SystemInit</a> from system_stm32f10x.o(i.SystemInit) referenced from startup_stm32f10x_md.o(.text)
 <LI><a href="#[c]">TAMPER_IRQHandler</a> from startup_stm32f10x_md.o(.text) referenced from startup_stm32f10x_md.o(RESET)
 <LI><a href="#[22]">TIM1_BRK_IRQHandler</a> from startup_stm32f10x_md.o(.text) referenced from startup_stm32f10x_md.o(RESET)
 <LI><a href="#[25]">TIM1_CC_IRQHandler</a> from startup_stm32f10x_md.o(.text) referenced from startup_stm32f10x_md.o(RESET)
 <LI><a href="#[24]">TIM1_TRG_COM_IRQHandler</a> from startup_stm32f10x_md.o(.text) referenced from startup_stm32f10x_md.o(RESET)
 <LI><a href="#[23]">TIM1_UP_IRQHandler</a> from startup_stm32f10x_md.o(.text) referenced from startup_stm32f10x_md.o(RESET)
 <LI><a href="#[26]">TIM2_IRQHandler</a> from startup_stm32f10x_md.o(.text) referenced from startup_stm32f10x_md.o(RESET)
 <LI><a href="#[27]">TIM3_IRQHandler</a> from startup_stm32f10x_md.o(.text) referenced from startup_stm32f10x_md.o(RESET)
 <LI><a href="#[28]">TIM4_IRQHandler</a> from startup_stm32f10x_md.o(.text) referenced from startup_stm32f10x_md.o(RESET)
 <LI><a href="#[2f]">USART1_IRQHandler</a> from startup_stm32f10x_md.o(.text) referenced from startup_stm32f10x_md.o(RESET)
 <LI><a href="#[30]">USART2_IRQHandler</a> from startup_stm32f10x_md.o(.text) referenced from startup_stm32f10x_md.o(RESET)
 <LI><a href="#[31]">USART3_IRQHandler</a> from startup_stm32f10x_md.o(.text) referenced from startup_stm32f10x_md.o(RESET)
 <LI><a href="#[34]">USBWakeUp_IRQHandler</a> from startup_stm32f10x_md.o(.text) referenced from startup_stm32f10x_md.o(RESET)
 <LI><a href="#[1d]">USB_HP_CAN1_TX_IRQHandler</a> from startup_stm32f10x_md.o(.text) referenced from startup_stm32f10x_md.o(RESET)
 <LI><a href="#[1e]">USB_LP_CAN1_RX0_IRQHandler</a> from startup_stm32f10x_md.o(.text) referenced from startup_stm32f10x_md.o(RESET)
 <LI><a href="#[5]">UsageFault_Handler</a> from stm32f10x_it.o(i.UsageFault_Handler) referenced from startup_stm32f10x_md.o(RESET)
 <LI><a href="#[a]">WWDG_IRQHandler</a> from startup_stm32f10x_md.o(.text) referenced from startup_stm32f10x_md.o(RESET)
 <LI><a href="#[37]">__main</a> from entry.o(.ARM.Collect$$$$00000000) referenced from startup_stm32f10x_md.o(.text)
 <LI><a href="#[35]">main</a> from main.o(i.main) referenced from entry9a.o(.ARM.Collect$$$$0000000B)
</UL>
<P>
<H3>
Global Symbols
</H3>
<P><STRONG><a name="[37]"></a>__main</STRONG> (Thumb, 0 bytes, Stack size unknown bytes, entry.o(.ARM.Collect$$$$00000000))
<BR>[Address Reference Count : 1]<UL><LI> startup_stm32f10x_md.o(.text)
</UL>
<P><STRONG><a name="[8f]"></a>_main_stk</STRONG> (Thumb, 0 bytes, Stack size unknown bytes, entry2.o(.ARM.Collect$$$$00000001))

<P><STRONG><a name="[38]"></a>_main_scatterload</STRONG> (Thumb, 0 bytes, Stack size unknown bytes, entry5.o(.ARM.Collect$$$$00000004))
<BR><BR>[Calls]<UL><LI><a href="#[39]">&gt;&gt;</a>&nbsp;&nbsp;&nbsp;__scatterload
</UL>

<P><STRONG><a name="[41]"></a>__main_after_scatterload</STRONG> (Thumb, 0 bytes, Stack size unknown bytes, entry5.o(.ARM.Collect$$$$00000004))
<BR><BR>[Called By]<UL><LI><a href="#[39]">&gt;&gt;</a>&nbsp;&nbsp;&nbsp;__scatterload
</UL>

<P><STRONG><a name="[90]"></a>_main_clock</STRONG> (Thumb, 0 bytes, Stack size unknown bytes, entry7b.o(.ARM.Collect$$$$00000008))

<P><STRONG><a name="[91]"></a>_main_cpp_init</STRONG> (Thumb, 0 bytes, Stack size unknown bytes, entry8b.o(.ARM.Collect$$$$0000000A))

<P><STRONG><a name="[92]"></a>_main_init</STRONG> (Thumb, 0 bytes, Stack size unknown bytes, entry9a.o(.ARM.Collect$$$$0000000B))

<P><STRONG><a name="[93]"></a>__rt_final_cpp</STRONG> (Thumb, 0 bytes, Stack size unknown bytes, entry10a.o(.ARM.Collect$$$$0000000D))

<P><STRONG><a name="[94]"></a>__rt_final_exit</STRONG> (Thumb, 0 bytes, Stack size unknown bytes, entry11a.o(.ARM.Collect$$$$0000000F))

<P><STRONG><a name="[0]"></a>Reset_Handler</STRONG> (Thumb, 8 bytes, Stack size 0 bytes, startup_stm32f10x_md.o(.text))
<BR>[Address Reference Count : 1]<UL><LI> startup_stm32f10x_md.o(RESET)
</UL>
<P><STRONG><a name="[1c]"></a>ADC1_2_IRQHandler</STRONG> (Thumb, 0 bytes, Stack size 0 bytes, startup_stm32f10x_md.o(.text))
<BR><BR>[Calls]<UL><LI><a href="#[1c]">&gt;&gt;</a>&nbsp;&nbsp;&nbsp;ADC1_2_IRQHandler
</UL>
<BR>[Called By]<UL><LI><a href="#[1c]">&gt;&gt;</a>&nbsp;&nbsp;&nbsp;ADC1_2_IRQHandler
</UL>
<BR>[Address Reference Count : 1]<UL><LI> startup_stm32f10x_md.o(RESET)
</UL>
<P><STRONG><a name="[1f]"></a>CAN1_RX1_IRQHandler</STRONG> (Thumb, 0 bytes, Stack size 0 bytes, startup_stm32f10x_md.o(.text))
<BR>[Address Reference Count : 1]<UL><LI> startup_stm32f10x_md.o(RESET)
</UL>
<P><STRONG><a name="[20]"></a>CAN1_SCE_IRQHandler</STRONG> (Thumb, 0 bytes, Stack size 0 bytes, startup_stm32f10x_md.o(.text))
<BR>[Address Reference Count : 1]<UL><LI> startup_stm32f10x_md.o(RESET)
</UL>
<P><STRONG><a name="[15]"></a>DMA1_Channel1_IRQHandler</STRONG> (Thumb, 0 bytes, Stack size 0 bytes, startup_stm32f10x_md.o(.text))
<BR>[Address Reference Count : 1]<UL><LI> startup_stm32f10x_md.o(RESET)
</UL>
<P><STRONG><a name="[16]"></a>DMA1_Channel2_IRQHandler</STRONG> (Thumb, 0 bytes, Stack size 0 bytes, startup_stm32f10x_md.o(.text))
<BR>[Address Reference Count : 1]<UL><LI> startup_stm32f10x_md.o(RESET)
</UL>
<P><STRONG><a name="[17]"></a>DMA1_Channel3_IRQHandler</STRONG> (Thumb, 0 bytes, Stack size 0 bytes, startup_stm32f10x_md.o(.text))
<BR>[Address Reference Count : 1]<UL><LI> startup_stm32f10x_md.o(RESET)
</UL>
<P><STRONG><a name="[18]"></a>DMA1_Channel4_IRQHandler</STRONG> (Thumb, 0 bytes, Stack size 0 bytes, startup_stm32f10x_md.o(.text))
<BR>[Address Reference Count : 1]<UL><LI> startup_stm32f10x_md.o(RESET)
</UL>
<P><STRONG><a name="[19]"></a>DMA1_Channel5_IRQHandler</STRONG> (Thumb, 0 bytes, Stack size 0 bytes, startup_stm32f10x_md.o(.text))
<BR>[Address Reference Count : 1]<UL><LI> startup_stm32f10x_md.o(RESET)
</UL>
<P><STRONG><a name="[1a]"></a>DMA1_Channel6_IRQHandler</STRONG> (Thumb, 0 bytes, Stack size 0 bytes, startup_stm32f10x_md.o(.text))
<BR>[Address Reference Count : 1]<UL><LI> startup_stm32f10x_md.o(RESET)
</UL>
<P><STRONG><a name="[1b]"></a>DMA1_Channel7_IRQHandler</STRONG> (Thumb, 0 bytes, Stack size 0 bytes, startup_stm32f10x_md.o(.text))
<BR>[Address Reference Count : 1]<UL><LI> startup_stm32f10x_md.o(RESET)
</UL>
<P><STRONG><a name="[10]"></a>EXTI0_IRQHandler</STRONG> (Thumb, 0 bytes, Stack size 0 bytes, startup_stm32f10x_md.o(.text))
<BR>[Address Reference Count : 1]<UL><LI> startup_stm32f10x_md.o(RESET)
</UL>
<P><STRONG><a name="[32]"></a>EXTI15_10_IRQHandler</STRONG> (Thumb, 0 bytes, Stack size 0 bytes, startup_stm32f10x_md.o(.text))
<BR>[Address Reference Count : 1]<UL><LI> startup_stm32f10x_md.o(RESET)
</UL>
<P><STRONG><a name="[11]"></a>EXTI1_IRQHandler</STRONG> (Thumb, 0 bytes, Stack size 0 bytes, startup_stm32f10x_md.o(.text))
<BR>[Address Reference Count : 1]<UL><LI> startup_stm32f10x_md.o(RESET)
</UL>
<P><STRONG><a name="[12]"></a>EXTI2_IRQHandler</STRONG> (Thumb, 0 bytes, Stack size 0 bytes, startup_stm32f10x_md.o(.text))
<BR>[Address Reference Count : 1]<UL><LI> startup_stm32f10x_md.o(RESET)
</UL>
<P><STRONG><a name="[13]"></a>EXTI3_IRQHandler</STRONG> (Thumb, 0 bytes, Stack size 0 bytes, startup_stm32f10x_md.o(.text))
<BR>[Address Reference Count : 1]<UL><LI> startup_stm32f10x_md.o(RESET)
</UL>
<P><STRONG><a name="[14]"></a>EXTI4_IRQHandler</STRONG> (Thumb, 0 bytes, Stack size 0 bytes, startup_stm32f10x_md.o(.text))
<BR>[Address Reference Count : 1]<UL><LI> startup_stm32f10x_md.o(RESET)
</UL>
<P><STRONG><a name="[21]"></a>EXTI9_5_IRQHandler</STRONG> (Thumb, 0 bytes, Stack size 0 bytes, startup_stm32f10x_md.o(.text))
<BR>[Address Reference Count : 1]<UL><LI> startup_stm32f10x_md.o(RESET)
</UL>
<P><STRONG><a name="[e]"></a>FLASH_IRQHandler</STRONG> (Thumb, 0 bytes, Stack size 0 bytes, startup_stm32f10x_md.o(.text))
<BR>[Address Reference Count : 1]<UL><LI> startup_stm32f10x_md.o(RESET)
</UL>
<P><STRONG><a name="[2a]"></a>I2C1_ER_IRQHandler</STRONG> (Thumb, 0 bytes, Stack size 0 bytes, startup_stm32f10x_md.o(.text))
<BR>[Address Reference Count : 1]<UL><LI> startup_stm32f10x_md.o(RESET)
</UL>
<P><STRONG><a name="[29]"></a>I2C1_EV_IRQHandler</STRONG> (Thumb, 0 bytes, Stack size 0 bytes, startup_stm32f10x_md.o(.text))
<BR>[Address Reference Count : 1]<UL><LI> startup_stm32f10x_md.o(RESET)
</UL>
<P><STRONG><a name="[2c]"></a>I2C2_ER_IRQHandler</STRONG> (Thumb, 0 bytes, Stack size 0 bytes, startup_stm32f10x_md.o(.text))
<BR>[Address Reference Count : 1]<UL><LI> startup_stm32f10x_md.o(RESET)
</UL>
<P><STRONG><a name="[2b]"></a>I2C2_EV_IRQHandler</STRONG> (Thumb, 0 bytes, Stack size 0 bytes, startup_stm32f10x_md.o(.text))
<BR>[Address Reference Count : 1]<UL><LI> startup_stm32f10x_md.o(RESET)
</UL>
<P><STRONG><a name="[b]"></a>PVD_IRQHandler</STRONG> (Thumb, 0 bytes, Stack size 0 bytes, startup_stm32f10x_md.o(.text))
<BR>[Address Reference Count : 1]<UL><LI> startup_stm32f10x_md.o(RESET)
</UL>
<P><STRONG><a name="[f]"></a>RCC_IRQHandler</STRONG> (Thumb, 0 bytes, Stack size 0 bytes, startup_stm32f10x_md.o(.text))
<BR>[Address Reference Count : 1]<UL><LI> startup_stm32f10x_md.o(RESET)
</UL>
<P><STRONG><a name="[33]"></a>RTCAlarm_IRQHandler</STRONG> (Thumb, 0 bytes, Stack size 0 bytes, startup_stm32f10x_md.o(.text))
<BR>[Address Reference Count : 1]<UL><LI> startup_stm32f10x_md.o(RESET)
</UL>
<P><STRONG><a name="[d]"></a>RTC_IRQHandler</STRONG> (Thumb, 0 bytes, Stack size 0 bytes, startup_stm32f10x_md.o(.text))
<BR>[Address Reference Count : 1]<UL><LI> startup_stm32f10x_md.o(RESET)
</UL>
<P><STRONG><a name="[2d]"></a>SPI1_IRQHandler</STRONG> (Thumb, 0 bytes, Stack size 0 bytes, startup_stm32f10x_md.o(.text))
<BR>[Address Reference Count : 1]<UL><LI> startup_stm32f10x_md.o(RESET)
</UL>
<P><STRONG><a name="[2e]"></a>SPI2_IRQHandler</STRONG> (Thumb, 0 bytes, Stack size 0 bytes, startup_stm32f10x_md.o(.text))
<BR>[Address Reference Count : 1]<UL><LI> startup_stm32f10x_md.o(RESET)
</UL>
<P><STRONG><a name="[c]"></a>TAMPER_IRQHandler</STRONG> (Thumb, 0 bytes, Stack size 0 bytes, startup_stm32f10x_md.o(.text))
<BR>[Address Reference Count : 1]<UL><LI> startup_stm32f10x_md.o(RESET)
</UL>
<P><STRONG><a name="[22]"></a>TIM1_BRK_IRQHandler</STRONG> (Thumb, 0 bytes, Stack size 0 bytes, startup_stm32f10x_md.o(.text))
<BR>[Address Reference Count : 1]<UL><LI> startup_stm32f10x_md.o(RESET)
</UL>
<P><STRONG><a name="[25]"></a>TIM1_CC_IRQHandler</STRONG> (Thumb, 0 bytes, Stack size 0 bytes, startup_stm32f10x_md.o(.text))
<BR>[Address Reference Count : 1]<UL><LI> startup_stm32f10x_md.o(RESET)
</UL>
<P><STRONG><a name="[24]"></a>TIM1_TRG_COM_IRQHandler</STRONG> (Thumb, 0 bytes, Stack size 0 bytes, startup_stm32f10x_md.o(.text))
<BR>[Address Reference Count : 1]<UL><LI> startup_stm32f10x_md.o(RESET)
</UL>
<P><STRONG><a name="[23]"></a>TIM1_UP_IRQHandler</STRONG> (Thumb, 0 bytes, Stack size 0 bytes, startup_stm32f10x_md.o(.text))
<BR>[Address Reference Count : 1]<UL><LI> startup_stm32f10x_md.o(RESET)
</UL>
<P><STRONG><a name="[26]"></a>TIM2_IRQHandler</STRONG> (Thumb, 0 bytes, Stack size 0 bytes, startup_stm32f10x_md.o(.text))
<BR>[Address Reference Count : 1]<UL><LI> startup_stm32f10x_md.o(RESET)
</UL>
<P><STRONG><a name="[27]"></a>TIM3_IRQHandler</STRONG> (Thumb, 0 bytes, Stack size 0 bytes, startup_stm32f10x_md.o(.text))
<BR>[Address Reference Count : 1]<UL><LI> startup_stm32f10x_md.o(RESET)
</UL>
<P><STRONG><a name="[28]"></a>TIM4_IRQHandler</STRONG> (Thumb, 0 bytes, Stack size 0 bytes, startup_stm32f10x_md.o(.text))
<BR>[Address Reference Count : 1]<UL><LI> startup_stm32f10x_md.o(RESET)
</UL>
<P><STRONG><a name="[2f]"></a>USART1_IRQHandler</STRONG> (Thumb, 0 bytes, Stack size 0 bytes, startup_stm32f10x_md.o(.text))
<BR>[Address Reference Count : 1]<UL><LI> startup_stm32f10x_md.o(RESET)
</UL>
<P><STRONG><a name="[30]"></a>USART2_IRQHandler</STRONG> (Thumb, 0 bytes, Stack size 0 bytes, startup_stm32f10x_md.o(.text))
<BR>[Address Reference Count : 1]<UL><LI> startup_stm32f10x_md.o(RESET)
</UL>
<P><STRONG><a name="[31]"></a>USART3_IRQHandler</STRONG> (Thumb, 0 bytes, Stack size 0 bytes, startup_stm32f10x_md.o(.text))
<BR>[Address Reference Count : 1]<UL><LI> startup_stm32f10x_md.o(RESET)
</UL>
<P><STRONG><a name="[34]"></a>USBWakeUp_IRQHandler</STRONG> (Thumb, 0 bytes, Stack size 0 bytes, startup_stm32f10x_md.o(.text))
<BR>[Address Reference Count : 1]<UL><LI> startup_stm32f10x_md.o(RESET)
</UL>
<P><STRONG><a name="[1d]"></a>USB_HP_CAN1_TX_IRQHandler</STRONG> (Thumb, 0 bytes, Stack size 0 bytes, startup_stm32f10x_md.o(.text))
<BR>[Address Reference Count : 1]<UL><LI> startup_stm32f10x_md.o(RESET)
</UL>
<P><STRONG><a name="[1e]"></a>USB_LP_CAN1_RX0_IRQHandler</STRONG> (Thumb, 0 bytes, Stack size 0 bytes, startup_stm32f10x_md.o(.text))
<BR>[Address Reference Count : 1]<UL><LI> startup_stm32f10x_md.o(RESET)
</UL>
<P><STRONG><a name="[a]"></a>WWDG_IRQHandler</STRONG> (Thumb, 0 bytes, Stack size 0 bytes, startup_stm32f10x_md.o(.text))
<BR>[Address Reference Count : 1]<UL><LI> startup_stm32f10x_md.o(RESET)
</UL>
<P><STRONG><a name="[3a]"></a>__aeabi_uldivmod</STRONG> (Thumb, 98 bytes, Stack size 40 bytes, uldiv.o(.text))
<BR><BR>[Stack]<UL><LI>Max Depth = 40<LI>Call Chain = __aeabi_uldivmod
</UL>
<BR>[Calls]<UL><LI><a href="#[3b]">&gt;&gt;</a>&nbsp;&nbsp;&nbsp;__aeabi_llsr
<LI><a href="#[3c]">&gt;&gt;</a>&nbsp;&nbsp;&nbsp;__aeabi_llsl
</UL>
<BR>[Called By]<UL><LI><a href="#[81]">&gt;&gt;</a>&nbsp;&nbsp;&nbsp;sensors_task
<LI><a href="#[3d]">&gt;&gt;</a>&nbsp;&nbsp;&nbsp;__aeabi_ldivmod
</UL>

<P><STRONG><a name="[3d]"></a>__aeabi_ldivmod</STRONG> (Thumb, 98 bytes, Stack size 24 bytes, ldiv.o(.text))
<BR><BR>[Stack]<UL><LI>Max Depth = 64<LI>Call Chain = __aeabi_ldivmod &rArr; __aeabi_uldivmod
</UL>
<BR>[Calls]<UL><LI><a href="#[3a]">&gt;&gt;</a>&nbsp;&nbsp;&nbsp;__aeabi_uldivmod
</UL>
<BR>[Called By]<UL><LI><a href="#[81]">&gt;&gt;</a>&nbsp;&nbsp;&nbsp;sensors_task
<LI><a href="#[4f]">&gt;&gt;</a>&nbsp;&nbsp;&nbsp;bmp_sample
</UL>

<P><STRONG><a name="[47]"></a>__aeabi_memcpy</STRONG> (Thumb, 36 bytes, Stack size 0 bytes, memcpya.o(.text))
<BR><BR>[Called By]<UL><LI><a href="#[46]">&gt;&gt;</a>&nbsp;&nbsp;&nbsp;app_build_frame
</UL>

<P><STRONG><a name="[95]"></a>__aeabi_memcpy4</STRONG> (Thumb, 0 bytes, Stack size 0 bytes, memcpya.o(.text), UNUSED)

<P><STRONG><a name="[96]"></a>__aeabi_memcpy8</STRONG> (Thumb, 0 bytes, Stack size 0 bytes, memcpya.o(.text), UNUSED)

<P><STRONG><a name="[3f]"></a>__aeabi_memset</STRONG> (Thumb, 14 bytes, Stack size 0 bytes, memseta.o(.text))
<BR><BR>[Called By]<UL><LI><a href="#[40]">&gt;&gt;</a>&nbsp;&nbsp;&nbsp;_memset$wrapper
<LI><a href="#[3e]">&gt;&gt;</a>&nbsp;&nbsp;&nbsp;__aeabi_memclr
</UL>

<P><STRONG><a name="[97]"></a>__aeabi_memset4</STRONG> (Thumb, 0 bytes, Stack size 0 bytes, memseta.o(.text), UNUSED)

<P><STRONG><a name="[98]"></a>__aeabi_memset8</STRONG> (Thumb, 0 bytes, Stack size 0 bytes, memseta.o(.text), UNUSED)

<P><STRONG><a name="[3e]"></a>__aeabi_memclr</STRONG> (Thumb, 4 bytes, Stack size 0 bytes, memseta.o(.text))
<BR><BR>[Calls]<UL><LI><a href="#[3f]">&gt;&gt;</a>&nbsp;&nbsp;&nbsp;__aeabi_memset
</UL>
<BR>[Called By]<UL><LI><a href="#[46]">&gt;&gt;</a>&nbsp;&nbsp;&nbsp;app_build_frame
</UL>

<P><STRONG><a name="[99]"></a>__aeabi_memclr4</STRONG> (Thumb, 0 bytes, Stack size 0 bytes, memseta.o(.text), UNUSED)

<P><STRONG><a name="[9a]"></a>__aeabi_memclr8</STRONG> (Thumb, 0 bytes, Stack size 0 bytes, memseta.o(.text), UNUSED)

<P><STRONG><a name="[40]"></a>_memset$wrapper</STRONG> (Thumb, 18 bytes, Stack size 8 bytes, memseta.o(.text), UNUSED)
<BR><BR>[Calls]<UL><LI><a href="#[3f]">&gt;&gt;</a>&nbsp;&nbsp;&nbsp;__aeabi_memset
</UL>

<P><STRONG><a name="[3c]"></a>__aeabi_llsl</STRONG> (Thumb, 30 bytes, Stack size 0 bytes, llshl.o(.text))
<BR><BR>[Called By]<UL><LI><a href="#[3a]">&gt;&gt;</a>&nbsp;&nbsp;&nbsp;__aeabi_uldivmod
</UL>

<P><STRONG><a name="[9b]"></a>_ll_shift_l</STRONG> (Thumb, 0 bytes, Stack size 0 bytes, llshl.o(.text), UNUSED)

<P><STRONG><a name="[3b]"></a>__aeabi_llsr</STRONG> (Thumb, 32 bytes, Stack size 0 bytes, llushr.o(.text))
<BR><BR>[Called By]<UL><LI><a href="#[3a]">&gt;&gt;</a>&nbsp;&nbsp;&nbsp;__aeabi_uldivmod
</UL>

<P><STRONG><a name="[9c]"></a>_ll_ushift_r</STRONG> (Thumb, 0 bytes, Stack size 0 bytes, llushr.o(.text), UNUSED)

<P><STRONG><a name="[39]"></a>__scatterload</STRONG> (Thumb, 28 bytes, Stack size 0 bytes, init.o(.text))
<BR><BR>[Calls]<UL><LI><a href="#[41]">&gt;&gt;</a>&nbsp;&nbsp;&nbsp;__main_after_scatterload
</UL>
<BR>[Called By]<UL><LI><a href="#[38]">&gt;&gt;</a>&nbsp;&nbsp;&nbsp;_main_scatterload
</UL>

<P><STRONG><a name="[9d]"></a>__scatterload_rt2</STRONG> (Thumb, 0 bytes, Stack size 0 bytes, init.o(.text), UNUSED)

<P><STRONG><a name="[4]"></a>BusFault_Handler</STRONG> (Thumb, 4 bytes, Stack size 0 bytes, stm32f10x_it.o(i.BusFault_Handler))
<BR>[Address Reference Count : 1]<UL><LI> startup_stm32f10x_md.o(RESET)
</UL>
<P><STRONG><a name="[7]"></a>DebugMon_Handler</STRONG> (Thumb, 2 bytes, Stack size 0 bytes, stm32f10x_it.o(i.DebugMon_Handler))
<BR>[Address Reference Count : 1]<UL><LI> startup_stm32f10x_md.o(RESET)
</UL>
<P><STRONG><a name="[53]"></a>GPIO_Init</STRONG> (Thumb, 278 bytes, Stack size 24 bytes, stm32f10x_gpio.o(i.GPIO_Init))
<BR><BR>[Stack]<UL><LI>Max Depth = 24<LI>Call Chain = GPIO_Init
</UL>
<BR>[Called By]<UL><LI><a href="#[7d]">&gt;&gt;</a>&nbsp;&nbsp;&nbsp;nrf24_init
<LI><a href="#[6e]">&gt;&gt;</a>&nbsp;&nbsp;&nbsp;debug_uart_init
<LI><a href="#[50]">&gt;&gt;</a>&nbsp;&nbsp;&nbsp;board_init
<LI><a href="#[72]">&gt;&gt;</a>&nbsp;&nbsp;&nbsp;i2c_bus_init
</UL>

<P><STRONG><a name="[8c]"></a>GPIO_ReadInputDataBit</STRONG> (Thumb, 18 bytes, Stack size 0 bytes, stm32f10x_gpio.o(i.GPIO_ReadInputDataBit))
<BR><BR>[Called By]<UL><LI><a href="#[76]">&gt;&gt;</a>&nbsp;&nbsp;&nbsp;sda_read
<LI><a href="#[64]">&gt;&gt;</a>&nbsp;&nbsp;&nbsp;spi_rw
</UL>

<P><STRONG><a name="[61]"></a>GPIO_ResetBits</STRONG> (Thumb, 4 bytes, Stack size 0 bytes, stm32f10x_gpio.o(i.GPIO_ResetBits))
<BR><BR>[Called By]<UL><LI><a href="#[7d]">&gt;&gt;</a>&nbsp;&nbsp;&nbsp;nrf24_init
<LI><a href="#[5a]">&gt;&gt;</a>&nbsp;&nbsp;&nbsp;led_set
<LI><a href="#[74]">&gt;&gt;</a>&nbsp;&nbsp;&nbsp;sda
<LI><a href="#[75]">&gt;&gt;</a>&nbsp;&nbsp;&nbsp;scl
<LI><a href="#[64]">&gt;&gt;</a>&nbsp;&nbsp;&nbsp;spi_rw
<LI><a href="#[63]">&gt;&gt;</a>&nbsp;&nbsp;&nbsp;csn_low
<LI><a href="#[60]">&gt;&gt;</a>&nbsp;&nbsp;&nbsp;ce_low
</UL>

<P><STRONG><a name="[54]"></a>GPIO_SetBits</STRONG> (Thumb, 4 bytes, Stack size 0 bytes, stm32f10x_gpio.o(i.GPIO_SetBits))
<BR><BR>[Called By]<UL><LI><a href="#[5a]">&gt;&gt;</a>&nbsp;&nbsp;&nbsp;led_set
<LI><a href="#[50]">&gt;&gt;</a>&nbsp;&nbsp;&nbsp;board_init
<LI><a href="#[72]">&gt;&gt;</a>&nbsp;&nbsp;&nbsp;i2c_bus_init
<LI><a href="#[74]">&gt;&gt;</a>&nbsp;&nbsp;&nbsp;sda
<LI><a href="#[75]">&gt;&gt;</a>&nbsp;&nbsp;&nbsp;scl
<LI><a href="#[64]">&gt;&gt;</a>&nbsp;&nbsp;&nbsp;spi_rw
<LI><a href="#[65]">&gt;&gt;</a>&nbsp;&nbsp;&nbsp;csn_high
<LI><a href="#[5f]">&gt;&gt;</a>&nbsp;&nbsp;&nbsp;ce_high
</UL>

<P><STRONG><a name="[2]"></a>HardFault_Handler</STRONG> (Thumb, 4 bytes, Stack size 0 bytes, stm32f10x_it.o(i.HardFault_Handler))
<BR>[Address Reference Count : 1]<UL><LI> startup_stm32f10x_md.o(RESET)
</UL>
<P><STRONG><a name="[3]"></a>MemManage_Handler</STRONG> (Thumb, 4 bytes, Stack size 0 bytes, stm32f10x_it.o(i.MemManage_Handler))
<BR>[Address Reference Count : 1]<UL><LI> startup_stm32f10x_md.o(RESET)
</UL>
<P><STRONG><a name="[1]"></a>NMI_Handler</STRONG> (Thumb, 2 bytes, Stack size 0 bytes, stm32f10x_it.o(i.NMI_Handler))
<BR>[Address Reference Count : 1]<UL><LI> startup_stm32f10x_md.o(RESET)
</UL>
<P><STRONG><a name="[8]"></a>PendSV_Handler</STRONG> (Thumb, 2 bytes, Stack size 0 bytes, stm32f10x_it.o(i.PendSV_Handler))
<BR>[Address Reference Count : 1]<UL><LI> startup_stm32f10x_md.o(RESET)
</UL>
<P><STRONG><a name="[52]"></a>RCC_APB2PeriphClockCmd</STRONG> (Thumb, 26 bytes, Stack size 0 bytes, stm32f10x_rcc.o(i.RCC_APB2PeriphClockCmd))
<BR><BR>[Called By]<UL><LI><a href="#[7d]">&gt;&gt;</a>&nbsp;&nbsp;&nbsp;nrf24_init
<LI><a href="#[6e]">&gt;&gt;</a>&nbsp;&nbsp;&nbsp;debug_uart_init
<LI><a href="#[50]">&gt;&gt;</a>&nbsp;&nbsp;&nbsp;board_init
<LI><a href="#[72]">&gt;&gt;</a>&nbsp;&nbsp;&nbsp;i2c_bus_init
</UL>

<P><STRONG><a name="[45]"></a>RCC_GetClocksFreq</STRONG> (Thumb, 192 bytes, Stack size 12 bytes, stm32f10x_rcc.o(i.RCC_GetClocksFreq))
<BR><BR>[Stack]<UL><LI>Max Depth = 12<LI>Call Chain = RCC_GetClocksFreq
</UL>
<BR>[Called By]<UL><LI><a href="#[44]">&gt;&gt;</a>&nbsp;&nbsp;&nbsp;USART_Init
</UL>

<P><STRONG><a name="[6]"></a>SVC_Handler</STRONG> (Thumb, 2 bytes, Stack size 0 bytes, stm32f10x_it.o(i.SVC_Handler))
<BR>[Address Reference Count : 1]<UL><LI> startup_stm32f10x_md.o(RESET)
</UL>
<P><STRONG><a name="[9]"></a>SysTick_Handler</STRONG> (Thumb, 12 bytes, Stack size 0 bytes, main.o(i.SysTick_Handler))
<BR>[Address Reference Count : 1]<UL><LI> startup_stm32f10x_md.o(RESET)
</UL>
<P><STRONG><a name="[51]"></a>SystemCoreClockUpdate</STRONG> (Thumb, 142 bytes, Stack size 8 bytes, system_stm32f10x.o(i.SystemCoreClockUpdate))
<BR><BR>[Stack]<UL><LI>Max Depth = 8<LI>Call Chain = SystemCoreClockUpdate
</UL>
<BR>[Called By]<UL><LI><a href="#[50]">&gt;&gt;</a>&nbsp;&nbsp;&nbsp;board_init
</UL>

<P><STRONG><a name="[36]"></a>SystemInit</STRONG> (Thumb, 78 bytes, Stack size 8 bytes, system_stm32f10x.o(i.SystemInit))
<BR><BR>[Stack]<UL><LI>Max Depth = 28<LI>Call Chain = SystemInit &rArr; SetSysClock &rArr; SetSysClockTo72
</UL>
<BR>[Calls]<UL><LI><a href="#[42]">&gt;&gt;</a>&nbsp;&nbsp;&nbsp;SetSysClock
</UL>
<BR>[Address Reference Count : 1]<UL><LI> startup_stm32f10x_md.o(.text)
</UL>
<P><STRONG><a name="[70]"></a>USART_Cmd</STRONG> (Thumb, 24 bytes, Stack size 0 bytes, stm32f10x_usart.o(i.USART_Cmd))
<BR><BR>[Called By]<UL><LI><a href="#[6e]">&gt;&gt;</a>&nbsp;&nbsp;&nbsp;debug_uart_init
</UL>

<P><STRONG><a name="[67]"></a>USART_GetFlagStatus</STRONG> (Thumb, 26 bytes, Stack size 0 bytes, stm32f10x_usart.o(i.USART_GetFlagStatus))
<BR><BR>[Called By]<UL><LI><a href="#[66]">&gt;&gt;</a>&nbsp;&nbsp;&nbsp;dbg_c
</UL>

<P><STRONG><a name="[44]"></a>USART_Init</STRONG> (Thumb, 210 bytes, Stack size 56 bytes, stm32f10x_usart.o(i.USART_Init))
<BR><BR>[Stack]<UL><LI>Max Depth = 68<LI>Call Chain = USART_Init &rArr; RCC_GetClocksFreq
</UL>
<BR>[Calls]<UL><LI><a href="#[45]">&gt;&gt;</a>&nbsp;&nbsp;&nbsp;RCC_GetClocksFreq
</UL>
<BR>[Called By]<UL><LI><a href="#[6e]">&gt;&gt;</a>&nbsp;&nbsp;&nbsp;debug_uart_init
</UL>

<P><STRONG><a name="[68]"></a>USART_SendData</STRONG> (Thumb, 8 bytes, Stack size 0 bytes, stm32f10x_usart.o(i.USART_SendData))
<BR><BR>[Called By]<UL><LI><a href="#[66]">&gt;&gt;</a>&nbsp;&nbsp;&nbsp;dbg_c
</UL>

<P><STRONG><a name="[6f]"></a>USART_StructInit</STRONG> (Thumb, 24 bytes, Stack size 0 bytes, stm32f10x_usart.o(i.USART_StructInit))
<BR><BR>[Called By]<UL><LI><a href="#[6e]">&gt;&gt;</a>&nbsp;&nbsp;&nbsp;debug_uart_init
</UL>

<P><STRONG><a name="[5]"></a>UsageFault_Handler</STRONG> (Thumb, 4 bytes, Stack size 0 bytes, stm32f10x_it.o(i.UsageFault_Handler))
<BR>[Address Reference Count : 1]<UL><LI> startup_stm32f10x_md.o(RESET)
</UL>
<P><STRONG><a name="[9e]"></a>__scatterload_copy</STRONG> (Thumb, 14 bytes, Stack size unknown bytes, handlers.o(i.__scatterload_copy), UNUSED)

<P><STRONG><a name="[9f]"></a>__scatterload_null</STRONG> (Thumb, 2 bytes, Stack size unknown bytes, handlers.o(i.__scatterload_null), UNUSED)

<P><STRONG><a name="[a0]"></a>__scatterload_zeroinit</STRONG> (Thumb, 14 bytes, Stack size unknown bytes, handlers.o(i.__scatterload_zeroinit), UNUSED)

<P><STRONG><a name="[46]"></a>app_build_frame</STRONG> (Thumb, 170 bytes, Stack size 56 bytes, app_protocol.o(i.app_build_frame))
<BR><BR>[Stack]<UL><LI>Max Depth = 68<LI>Call Chain = app_build_frame &rArr; app_crc16
</UL>
<BR>[Calls]<UL><LI><a href="#[48]">&gt;&gt;</a>&nbsp;&nbsp;&nbsp;app_crc16
<LI><a href="#[3e]">&gt;&gt;</a>&nbsp;&nbsp;&nbsp;__aeabi_memclr
<LI><a href="#[47]">&gt;&gt;</a>&nbsp;&nbsp;&nbsp;__aeabi_memcpy
</UL>
<BR>[Called By]<UL><LI><a href="#[55]">&gt;&gt;</a>&nbsp;&nbsp;&nbsp;build_response
</UL>

<P><STRONG><a name="[48]"></a>app_crc16</STRONG> (Thumb, 72 bytes, Stack size 12 bytes, app_protocol.o(i.app_crc16))
<BR><BR>[Stack]<UL><LI>Max Depth = 12<LI>Call Chain = app_crc16
</UL>
<BR>[Called By]<UL><LI><a href="#[49]">&gt;&gt;</a>&nbsp;&nbsp;&nbsp;app_validate_frame
<LI><a href="#[46]">&gt;&gt;</a>&nbsp;&nbsp;&nbsp;app_build_frame
</UL>

<P><STRONG><a name="[49]"></a>app_validate_frame</STRONG> (Thumb, 122 bytes, Stack size 36 bytes, app_protocol.o(i.app_validate_frame))
<BR><BR>[Stack]<UL><LI>Max Depth = 48<LI>Call Chain = app_validate_frame &rArr; app_crc16
</UL>
<BR>[Calls]<UL><LI><a href="#[48]">&gt;&gt;</a>&nbsp;&nbsp;&nbsp;app_crc16
</UL>
<BR>[Called By]<UL><LI><a href="#[82]">&gt;&gt;</a>&nbsp;&nbsp;&nbsp;radio_task
</UL>

<P><STRONG><a name="[72]"></a>i2c_bus_init</STRONG> (Thumb, 50 bytes, Stack size 8 bytes, i2c_bus.o(i.i2c_bus_init))
<BR><BR>[Stack]<UL><LI>Max Depth = 40<LI>Call Chain = i2c_bus_init &rArr; i2c_bus_recover &rArr; stop_condition &rArr; sda &rArr; delay_i2c
</UL>
<BR>[Calls]<UL><LI><a href="#[52]">&gt;&gt;</a>&nbsp;&nbsp;&nbsp;RCC_APB2PeriphClockCmd
<LI><a href="#[54]">&gt;&gt;</a>&nbsp;&nbsp;&nbsp;GPIO_SetBits
<LI><a href="#[53]">&gt;&gt;</a>&nbsp;&nbsp;&nbsp;GPIO_Init
<LI><a href="#[73]">&gt;&gt;</a>&nbsp;&nbsp;&nbsp;i2c_bus_recover
</UL>
<BR>[Called By]<UL><LI><a href="#[7f]">&gt;&gt;</a>&nbsp;&nbsp;&nbsp;sensors_init
</UL>

<P><STRONG><a name="[73]"></a>i2c_bus_recover</STRONG> (Thumb, 50 bytes, Stack size 8 bytes, i2c_bus.o(i.i2c_bus_recover))
<BR><BR>[Stack]<UL><LI>Max Depth = 32<LI>Call Chain = i2c_bus_recover &rArr; stop_condition &rArr; sda &rArr; delay_i2c
</UL>
<BR>[Calls]<UL><LI><a href="#[77]">&gt;&gt;</a>&nbsp;&nbsp;&nbsp;stop_condition
<LI><a href="#[76]">&gt;&gt;</a>&nbsp;&nbsp;&nbsp;sda_read
<LI><a href="#[74]">&gt;&gt;</a>&nbsp;&nbsp;&nbsp;sda
<LI><a href="#[75]">&gt;&gt;</a>&nbsp;&nbsp;&nbsp;scl
</UL>
<BR>[Called By]<UL><LI><a href="#[7f]">&gt;&gt;</a>&nbsp;&nbsp;&nbsp;sensors_init
<LI><a href="#[72]">&gt;&gt;</a>&nbsp;&nbsp;&nbsp;i2c_bus_init
</UL>

<P><STRONG><a name="[78]"></a>i2c_read</STRONG> (Thumb, 86 bytes, Stack size 24 bytes, i2c_bus.o(i.i2c_read))
<BR><BR>[Stack]<UL><LI>Max Depth = 56<LI>Call Chain = i2c_read &rArr; write_byte &rArr; sda &rArr; delay_i2c
</UL>
<BR>[Calls]<UL><LI><a href="#[7a]">&gt;&gt;</a>&nbsp;&nbsp;&nbsp;write_byte
<LI><a href="#[77]">&gt;&gt;</a>&nbsp;&nbsp;&nbsp;stop_condition
<LI><a href="#[79]">&gt;&gt;</a>&nbsp;&nbsp;&nbsp;start_condition
<LI><a href="#[7b]">&gt;&gt;</a>&nbsp;&nbsp;&nbsp;read_byte
</UL>
<BR>[Called By]<UL><LI><a href="#[81]">&gt;&gt;</a>&nbsp;&nbsp;&nbsp;sensors_task
<LI><a href="#[7f]">&gt;&gt;</a>&nbsp;&nbsp;&nbsp;sensors_init
</UL>

<P><STRONG><a name="[4b]"></a>i2c_read_regs</STRONG> (Thumb, 112 bytes, Stack size 24 bytes, i2c_bus.o(i.i2c_read_regs))
<BR><BR>[Stack]<UL><LI>Max Depth = 56<LI>Call Chain = i2c_read_regs &rArr; write_byte &rArr; sda &rArr; delay_i2c
</UL>
<BR>[Calls]<UL><LI><a href="#[7a]">&gt;&gt;</a>&nbsp;&nbsp;&nbsp;write_byte
<LI><a href="#[77]">&gt;&gt;</a>&nbsp;&nbsp;&nbsp;stop_condition
<LI><a href="#[79]">&gt;&gt;</a>&nbsp;&nbsp;&nbsp;start_condition
<LI><a href="#[7b]">&gt;&gt;</a>&nbsp;&nbsp;&nbsp;read_byte
</UL>
<BR>[Called By]<UL><LI><a href="#[4f]">&gt;&gt;</a>&nbsp;&nbsp;&nbsp;bmp_sample
<LI><a href="#[4a]">&gt;&gt;</a>&nbsp;&nbsp;&nbsp;bmp_init_at
</UL>

<P><STRONG><a name="[7c]"></a>i2c_write</STRONG> (Thumb, 64 bytes, Stack size 16 bytes, i2c_bus.o(i.i2c_write))
<BR><BR>[Stack]<UL><LI>Max Depth = 48<LI>Call Chain = i2c_write &rArr; write_byte &rArr; sda &rArr; delay_i2c
</UL>
<BR>[Calls]<UL><LI><a href="#[7a]">&gt;&gt;</a>&nbsp;&nbsp;&nbsp;write_byte
<LI><a href="#[77]">&gt;&gt;</a>&nbsp;&nbsp;&nbsp;stop_condition
<LI><a href="#[79]">&gt;&gt;</a>&nbsp;&nbsp;&nbsp;start_condition
</UL>
<BR>[Called By]<UL><LI><a href="#[81]">&gt;&gt;</a>&nbsp;&nbsp;&nbsp;sensors_task
<LI><a href="#[4e]">&gt;&gt;</a>&nbsp;&nbsp;&nbsp;i2c_write_reg
</UL>

<P><STRONG><a name="[4e]"></a>i2c_write_reg</STRONG> (Thumb, 28 bytes, Stack size 24 bytes, i2c_bus.o(i.i2c_write_reg))
<BR><BR>[Stack]<UL><LI>Max Depth = 72<LI>Call Chain = i2c_write_reg &rArr; i2c_write &rArr; write_byte &rArr; sda &rArr; delay_i2c
</UL>
<BR>[Calls]<UL><LI><a href="#[7c]">&gt;&gt;</a>&nbsp;&nbsp;&nbsp;i2c_write
</UL>
<BR>[Called By]<UL><LI><a href="#[81]">&gt;&gt;</a>&nbsp;&nbsp;&nbsp;sensors_task
<LI><a href="#[4a]">&gt;&gt;</a>&nbsp;&nbsp;&nbsp;bmp_init_at
</UL>

<P><STRONG><a name="[35]"></a>main</STRONG> (Thumb, 102 bytes, Stack size 0 bytes, main.o(i.main))
<BR><BR>[Stack]<UL><LI>Max Depth = 196<LI>Call Chain = main &rArr; radio_task &rArr; build_response &rArr; app_build_frame &rArr; app_crc16
</UL>
<BR>[Calls]<UL><LI><a href="#[81]">&gt;&gt;</a>&nbsp;&nbsp;&nbsp;sensors_task
<LI><a href="#[7f]">&gt;&gt;</a>&nbsp;&nbsp;&nbsp;sensors_init
<LI><a href="#[5c]">&gt;&gt;</a>&nbsp;&nbsp;&nbsp;sensors_force_sample
<LI><a href="#[80]">&gt;&gt;</a>&nbsp;&nbsp;&nbsp;nrf24_start_listening
<LI><a href="#[7e]">&gt;&gt;</a>&nbsp;&nbsp;&nbsp;nrf24_is_present
<LI><a href="#[7d]">&gt;&gt;</a>&nbsp;&nbsp;&nbsp;nrf24_init
<LI><a href="#[57]">&gt;&gt;</a>&nbsp;&nbsp;&nbsp;millis
<LI><a href="#[82]">&gt;&gt;</a>&nbsp;&nbsp;&nbsp;radio_task
<LI><a href="#[5a]">&gt;&gt;</a>&nbsp;&nbsp;&nbsp;led_set
<LI><a href="#[71]">&gt;&gt;</a>&nbsp;&nbsp;&nbsp;fatal_radio
<LI><a href="#[6e]">&gt;&gt;</a>&nbsp;&nbsp;&nbsp;debug_uart_init
<LI><a href="#[5e]">&gt;&gt;</a>&nbsp;&nbsp;&nbsp;debug_sensor_status
<LI><a href="#[59]">&gt;&gt;</a>&nbsp;&nbsp;&nbsp;dbg_u32
<LI><a href="#[58]">&gt;&gt;</a>&nbsp;&nbsp;&nbsp;dbg_s
<LI><a href="#[5d]">&gt;&gt;</a>&nbsp;&nbsp;&nbsp;dbg_nrf
<LI><a href="#[50]">&gt;&gt;</a>&nbsp;&nbsp;&nbsp;board_init
</UL>
<BR>[Address Reference Count : 1]<UL><LI> entry9a.o(.ARM.Collect$$$$0000000B)
</UL>
<P><STRONG><a name="[57]"></a>millis</STRONG> (Thumb, 6 bytes, Stack size 0 bytes, main.o(i.millis))
<BR><BR>[Called By]<UL><LI><a href="#[88]">&gt;&gt;</a>&nbsp;&nbsp;&nbsp;nrf24_send
<LI><a href="#[7d]">&gt;&gt;</a>&nbsp;&nbsp;&nbsp;nrf24_init
<LI><a href="#[35]">&gt;&gt;</a>&nbsp;&nbsp;&nbsp;main
<LI><a href="#[82]">&gt;&gt;</a>&nbsp;&nbsp;&nbsp;radio_task
<LI><a href="#[71]">&gt;&gt;</a>&nbsp;&nbsp;&nbsp;fatal_radio
<LI><a href="#[55]">&gt;&gt;</a>&nbsp;&nbsp;&nbsp;build_response
</UL>

<P><STRONG><a name="[83]"></a>nrf24_clear_irqs</STRONG> (Thumb, 12 bytes, Stack size 8 bytes, nrf24.o(i.nrf24_clear_irqs))
<BR><BR>[Stack]<UL><LI>Max Depth = 48<LI>Call Chain = nrf24_clear_irqs &rArr; write_reg &rArr; spi_rw &rArr; spi_bit_delay
</UL>
<BR>[Calls]<UL><LI><a href="#[84]">&gt;&gt;</a>&nbsp;&nbsp;&nbsp;write_reg
</UL>
<BR>[Called By]<UL><LI><a href="#[80]">&gt;&gt;</a>&nbsp;&nbsp;&nbsp;nrf24_start_listening
<LI><a href="#[88]">&gt;&gt;</a>&nbsp;&nbsp;&nbsp;nrf24_send
<LI><a href="#[7d]">&gt;&gt;</a>&nbsp;&nbsp;&nbsp;nrf24_init
</UL>

<P><STRONG><a name="[7d]"></a>nrf24_init</STRONG> (Thumb, 246 bytes, Stack size 16 bytes, nrf24.o(i.nrf24_init))
<BR><BR>[Stack]<UL><LI>Max Depth = 64<LI>Call Chain = nrf24_init &rArr; nrf24_clear_irqs &rArr; write_reg &rArr; spi_rw &rArr; spi_bit_delay
</UL>
<BR>[Calls]<UL><LI><a href="#[52]">&gt;&gt;</a>&nbsp;&nbsp;&nbsp;RCC_APB2PeriphClockCmd
<LI><a href="#[61]">&gt;&gt;</a>&nbsp;&nbsp;&nbsp;GPIO_ResetBits
<LI><a href="#[53]">&gt;&gt;</a>&nbsp;&nbsp;&nbsp;GPIO_Init
<LI><a href="#[57]">&gt;&gt;</a>&nbsp;&nbsp;&nbsp;millis
<LI><a href="#[83]">&gt;&gt;</a>&nbsp;&nbsp;&nbsp;nrf24_clear_irqs
<LI><a href="#[84]">&gt;&gt;</a>&nbsp;&nbsp;&nbsp;write_reg
<LI><a href="#[65]">&gt;&gt;</a>&nbsp;&nbsp;&nbsp;csn_high
<LI><a href="#[62]">&gt;&gt;</a>&nbsp;&nbsp;&nbsp;command
<LI><a href="#[60]">&gt;&gt;</a>&nbsp;&nbsp;&nbsp;ce_low
</UL>
<BR>[Called By]<UL><LI><a href="#[35]">&gt;&gt;</a>&nbsp;&nbsp;&nbsp;main
</UL>

<P><STRONG><a name="[7e]"></a>nrf24_is_present</STRONG> (Thumb, 104 bytes, Stack size 16 bytes, nrf24.o(i.nrf24_is_present))
<BR><BR>[Stack]<UL><LI>Max Depth = 56<LI>Call Chain = nrf24_is_present &rArr; write_reg &rArr; spi_rw &rArr; spi_bit_delay
</UL>
<BR>[Calls]<UL><LI><a href="#[84]">&gt;&gt;</a>&nbsp;&nbsp;&nbsp;write_reg
<LI><a href="#[85]">&gt;&gt;</a>&nbsp;&nbsp;&nbsp;read_reg
<LI><a href="#[62]">&gt;&gt;</a>&nbsp;&nbsp;&nbsp;command
</UL>
<BR>[Called By]<UL><LI><a href="#[35]">&gt;&gt;</a>&nbsp;&nbsp;&nbsp;main
</UL>

<P><STRONG><a name="[6a]"></a>nrf24_read_register</STRONG> (Thumb, 12 bytes, Stack size 8 bytes, nrf24.o(i.nrf24_read_register))
<BR><BR>[Stack]<UL><LI>Max Depth = 48<LI>Call Chain = nrf24_read_register &rArr; read_reg &rArr; spi_rw &rArr; spi_bit_delay
</UL>
<BR>[Calls]<UL><LI><a href="#[85]">&gt;&gt;</a>&nbsp;&nbsp;&nbsp;read_reg
</UL>
<BR>[Called By]<UL><LI><a href="#[5d]">&gt;&gt;</a>&nbsp;&nbsp;&nbsp;dbg_nrf
</UL>

<P><STRONG><a name="[86]"></a>nrf24_receive</STRONG> (Thumb, 62 bytes, Stack size 16 bytes, nrf24.o(i.nrf24_receive))
<BR><BR>[Stack]<UL><LI>Max Depth = 56<LI>Call Chain = nrf24_receive &rArr; write_reg &rArr; spi_rw &rArr; spi_bit_delay
</UL>
<BR>[Calls]<UL><LI><a href="#[84]">&gt;&gt;</a>&nbsp;&nbsp;&nbsp;write_reg
<LI><a href="#[85]">&gt;&gt;</a>&nbsp;&nbsp;&nbsp;read_reg
<LI><a href="#[87]">&gt;&gt;</a>&nbsp;&nbsp;&nbsp;read_buf
</UL>
<BR>[Called By]<UL><LI><a href="#[82]">&gt;&gt;</a>&nbsp;&nbsp;&nbsp;radio_task
</UL>

<P><STRONG><a name="[88]"></a>nrf24_send</STRONG> (Thumb, 172 bytes, Stack size 32 bytes, nrf24.o(i.nrf24_send))
<BR><BR>[Stack]<UL><LI>Max Depth = 80<LI>Call Chain = nrf24_send &rArr; nrf24_clear_irqs &rArr; write_reg &rArr; spi_rw &rArr; spi_bit_delay
</UL>
<BR>[Calls]<UL><LI><a href="#[57]">&gt;&gt;</a>&nbsp;&nbsp;&nbsp;millis
<LI><a href="#[83]">&gt;&gt;</a>&nbsp;&nbsp;&nbsp;nrf24_clear_irqs
<LI><a href="#[84]">&gt;&gt;</a>&nbsp;&nbsp;&nbsp;write_reg
<LI><a href="#[89]">&gt;&gt;</a>&nbsp;&nbsp;&nbsp;write_buf
<LI><a href="#[85]">&gt;&gt;</a>&nbsp;&nbsp;&nbsp;read_reg
<LI><a href="#[8a]">&gt;&gt;</a>&nbsp;&nbsp;&nbsp;delay_us
<LI><a href="#[62]">&gt;&gt;</a>&nbsp;&nbsp;&nbsp;command
<LI><a href="#[60]">&gt;&gt;</a>&nbsp;&nbsp;&nbsp;ce_low
<LI><a href="#[5f]">&gt;&gt;</a>&nbsp;&nbsp;&nbsp;ce_high
</UL>
<BR>[Called By]<UL><LI><a href="#[82]">&gt;&gt;</a>&nbsp;&nbsp;&nbsp;radio_task
</UL>

<P><STRONG><a name="[80]"></a>nrf24_start_listening</STRONG> (Thumb, 42 bytes, Stack size 8 bytes, nrf24.o(i.nrf24_start_listening))
<BR><BR>[Stack]<UL><LI>Max Depth = 56<LI>Call Chain = nrf24_start_listening &rArr; nrf24_clear_irqs &rArr; write_reg &rArr; spi_rw &rArr; spi_bit_delay
</UL>
<BR>[Calls]<UL><LI><a href="#[83]">&gt;&gt;</a>&nbsp;&nbsp;&nbsp;nrf24_clear_irqs
<LI><a href="#[84]">&gt;&gt;</a>&nbsp;&nbsp;&nbsp;write_reg
<LI><a href="#[89]">&gt;&gt;</a>&nbsp;&nbsp;&nbsp;write_buf
<LI><a href="#[8a]">&gt;&gt;</a>&nbsp;&nbsp;&nbsp;delay_us
<LI><a href="#[60]">&gt;&gt;</a>&nbsp;&nbsp;&nbsp;ce_low
<LI><a href="#[5f]">&gt;&gt;</a>&nbsp;&nbsp;&nbsp;ce_high
</UL>
<BR>[Called By]<UL><LI><a href="#[35]">&gt;&gt;</a>&nbsp;&nbsp;&nbsp;main
<LI><a href="#[82]">&gt;&gt;</a>&nbsp;&nbsp;&nbsp;radio_task
</UL>

<P><STRONG><a name="[6b]"></a>sensors_aht_address_ok</STRONG> (Thumb, 6 bytes, Stack size 0 bytes, sensor.o(i.sensors_aht_address_ok))
<BR><BR>[Called By]<UL><LI><a href="#[5e]">&gt;&gt;</a>&nbsp;&nbsp;&nbsp;debug_sensor_status
</UL>

<P><STRONG><a name="[6c]"></a>sensors_bmp_address</STRONG> (Thumb, 6 bytes, Stack size 0 bytes, sensor.o(i.sensors_bmp_address))
<BR><BR>[Called By]<UL><LI><a href="#[5e]">&gt;&gt;</a>&nbsp;&nbsp;&nbsp;debug_sensor_status
</UL>

<P><STRONG><a name="[5c]"></a>sensors_force_sample</STRONG> (Thumb, 8 bytes, Stack size 0 bytes, sensor.o(i.sensors_force_sample))
<BR><BR>[Called By]<UL><LI><a href="#[35]">&gt;&gt;</a>&nbsp;&nbsp;&nbsp;main
<LI><a href="#[55]">&gt;&gt;</a>&nbsp;&nbsp;&nbsp;build_response
</UL>

<P><STRONG><a name="[6d]"></a>sensors_get_period</STRONG> (Thumb, 6 bytes, Stack size 0 bytes, sensor.o(i.sensors_get_period))
<BR><BR>[Called By]<UL><LI><a href="#[5e]">&gt;&gt;</a>&nbsp;&nbsp;&nbsp;debug_sensor_status
</UL>

<P><STRONG><a name="[56]"></a>sensors_get_snapshot</STRONG> (Thumb, 12 bytes, Stack size 8 bytes, sensor.o(i.sensors_get_snapshot))
<BR><BR>[Stack]<UL><LI>Max Depth = 8<LI>Call Chain = sensors_get_snapshot
</UL>
<BR>[Called By]<UL><LI><a href="#[55]">&gt;&gt;</a>&nbsp;&nbsp;&nbsp;build_response
</UL>

<P><STRONG><a name="[7f]"></a>sensors_init</STRONG> (Thumb, 74 bytes, Stack size 8 bytes, sensor.o(i.sensors_init))
<BR><BR>[Stack]<UL><LI>Max Depth = 120<LI>Call Chain = sensors_init &rArr; bmp_init_at &rArr; i2c_write_reg &rArr; i2c_write &rArr; write_byte &rArr; sda &rArr; delay_i2c
</UL>
<BR>[Calls]<UL><LI><a href="#[4a]">&gt;&gt;</a>&nbsp;&nbsp;&nbsp;bmp_init_at
<LI><a href="#[78]">&gt;&gt;</a>&nbsp;&nbsp;&nbsp;i2c_read
<LI><a href="#[73]">&gt;&gt;</a>&nbsp;&nbsp;&nbsp;i2c_bus_recover
<LI><a href="#[72]">&gt;&gt;</a>&nbsp;&nbsp;&nbsp;i2c_bus_init
</UL>
<BR>[Called By]<UL><LI><a href="#[35]">&gt;&gt;</a>&nbsp;&nbsp;&nbsp;main
</UL>

<P><STRONG><a name="[5b]"></a>sensors_set_period</STRONG> (Thumb, 6 bytes, Stack size 0 bytes, sensor.o(i.sensors_set_period))
<BR><BR>[Called By]<UL><LI><a href="#[55]">&gt;&gt;</a>&nbsp;&nbsp;&nbsp;build_response
</UL>

<P><STRONG><a name="[81]"></a>sensors_task</STRONG> (Thumb, 472 bytes, Stack size 40 bytes, sensor.o(i.sensors_task))
<BR><BR>[Stack]<UL><LI>Max Depth = 184<LI>Call Chain = sensors_task &rArr; bmp_sample &rArr; __aeabi_ldivmod &rArr; __aeabi_uldivmod
</UL>
<BR>[Calls]<UL><LI><a href="#[3d]">&gt;&gt;</a>&nbsp;&nbsp;&nbsp;__aeabi_ldivmod
<LI><a href="#[3a]">&gt;&gt;</a>&nbsp;&nbsp;&nbsp;__aeabi_uldivmod
<LI><a href="#[4f]">&gt;&gt;</a>&nbsp;&nbsp;&nbsp;bmp_sample
<LI><a href="#[8d]">&gt;&gt;</a>&nbsp;&nbsp;&nbsp;aht_crc8
<LI><a href="#[4e]">&gt;&gt;</a>&nbsp;&nbsp;&nbsp;i2c_write_reg
<LI><a href="#[7c]">&gt;&gt;</a>&nbsp;&nbsp;&nbsp;i2c_write
<LI><a href="#[78]">&gt;&gt;</a>&nbsp;&nbsp;&nbsp;i2c_read
</UL>
<BR>[Called By]<UL><LI><a href="#[35]">&gt;&gt;</a>&nbsp;&nbsp;&nbsp;main
</UL>
<P>
<H3>
Local Symbols
</H3>
<P><STRONG><a name="[50]"></a>board_init</STRONG> (Thumb, 158 bytes, Stack size 16 bytes, main.o(i.board_init))
<BR><BR>[Stack]<UL><LI>Max Depth = 40<LI>Call Chain = board_init &rArr; GPIO_Init
</UL>
<BR>[Calls]<UL><LI><a href="#[51]">&gt;&gt;</a>&nbsp;&nbsp;&nbsp;SystemCoreClockUpdate
<LI><a href="#[52]">&gt;&gt;</a>&nbsp;&nbsp;&nbsp;RCC_APB2PeriphClockCmd
<LI><a href="#[54]">&gt;&gt;</a>&nbsp;&nbsp;&nbsp;GPIO_SetBits
<LI><a href="#[53]">&gt;&gt;</a>&nbsp;&nbsp;&nbsp;GPIO_Init
</UL>
<BR>[Called By]<UL><LI><a href="#[35]">&gt;&gt;</a>&nbsp;&nbsp;&nbsp;main
</UL>

<P><STRONG><a name="[55]"></a>build_response</STRONG> (Thumb, 542 bytes, Stack size 72 bytes, main.o(i.build_response))
<BR><BR>[Stack]<UL><LI>Max Depth = 140<LI>Call Chain = build_response &rArr; app_build_frame &rArr; app_crc16
</UL>
<BR>[Calls]<UL><LI><a href="#[5b]">&gt;&gt;</a>&nbsp;&nbsp;&nbsp;sensors_set_period
<LI><a href="#[56]">&gt;&gt;</a>&nbsp;&nbsp;&nbsp;sensors_get_snapshot
<LI><a href="#[5c]">&gt;&gt;</a>&nbsp;&nbsp;&nbsp;sensors_force_sample
<LI><a href="#[46]">&gt;&gt;</a>&nbsp;&nbsp;&nbsp;app_build_frame
<LI><a href="#[57]">&gt;&gt;</a>&nbsp;&nbsp;&nbsp;millis
<LI><a href="#[5a]">&gt;&gt;</a>&nbsp;&nbsp;&nbsp;led_set
<LI><a href="#[5e]">&gt;&gt;</a>&nbsp;&nbsp;&nbsp;debug_sensor_status
<LI><a href="#[59]">&gt;&gt;</a>&nbsp;&nbsp;&nbsp;dbg_u32
<LI><a href="#[58]">&gt;&gt;</a>&nbsp;&nbsp;&nbsp;dbg_s
<LI><a href="#[5d]">&gt;&gt;</a>&nbsp;&nbsp;&nbsp;dbg_nrf
</UL>
<BR>[Called By]<UL><LI><a href="#[82]">&gt;&gt;</a>&nbsp;&nbsp;&nbsp;radio_task
</UL>

<P><STRONG><a name="[66]"></a>dbg_c</STRONG> (Thumb, 28 bytes, Stack size 8 bytes, main.o(i.dbg_c))
<BR><BR>[Stack]<UL><LI>Max Depth = 8<LI>Call Chain = dbg_c
</UL>
<BR>[Calls]<UL><LI><a href="#[68]">&gt;&gt;</a>&nbsp;&nbsp;&nbsp;USART_SendData
<LI><a href="#[67]">&gt;&gt;</a>&nbsp;&nbsp;&nbsp;USART_GetFlagStatus
</UL>
<BR>[Called By]<UL><LI><a href="#[59]">&gt;&gt;</a>&nbsp;&nbsp;&nbsp;dbg_u32
<LI><a href="#[58]">&gt;&gt;</a>&nbsp;&nbsp;&nbsp;dbg_s
<LI><a href="#[5d]">&gt;&gt;</a>&nbsp;&nbsp;&nbsp;dbg_nrf
<LI><a href="#[69]">&gt;&gt;</a>&nbsp;&nbsp;&nbsp;dbg_hex
</UL>

<P><STRONG><a name="[69]"></a>dbg_hex</STRONG> (Thumb, 30 bytes, Stack size 8 bytes, main.o(i.dbg_hex))
<BR><BR>[Stack]<UL><LI>Max Depth = 16<LI>Call Chain = dbg_hex &rArr; dbg_c
</UL>
<BR>[Calls]<UL><LI><a href="#[66]">&gt;&gt;</a>&nbsp;&nbsp;&nbsp;dbg_c
</UL>
<BR>[Called By]<UL><LI><a href="#[5e]">&gt;&gt;</a>&nbsp;&nbsp;&nbsp;debug_sensor_status
<LI><a href="#[5d]">&gt;&gt;</a>&nbsp;&nbsp;&nbsp;dbg_nrf
</UL>

<P><STRONG><a name="[5d]"></a>dbg_nrf</STRONG> (Thumb, 62 bytes, Stack size 16 bytes, main.o(i.dbg_nrf))
<BR><BR>[Stack]<UL><LI>Max Depth = 64<LI>Call Chain = dbg_nrf &rArr; nrf24_read_register &rArr; read_reg &rArr; spi_rw &rArr; spi_bit_delay
</UL>
<BR>[Calls]<UL><LI><a href="#[6a]">&gt;&gt;</a>&nbsp;&nbsp;&nbsp;nrf24_read_register
<LI><a href="#[58]">&gt;&gt;</a>&nbsp;&nbsp;&nbsp;dbg_s
<LI><a href="#[69]">&gt;&gt;</a>&nbsp;&nbsp;&nbsp;dbg_hex
<LI><a href="#[66]">&gt;&gt;</a>&nbsp;&nbsp;&nbsp;dbg_c
</UL>
<BR>[Called By]<UL><LI><a href="#[35]">&gt;&gt;</a>&nbsp;&nbsp;&nbsp;main
<LI><a href="#[55]">&gt;&gt;</a>&nbsp;&nbsp;&nbsp;build_response
</UL>

<P><STRONG><a name="[58]"></a>dbg_s</STRONG> (Thumb, 22 bytes, Stack size 8 bytes, main.o(i.dbg_s))
<BR><BR>[Stack]<UL><LI>Max Depth = 16<LI>Call Chain = dbg_s &rArr; dbg_c
</UL>
<BR>[Calls]<UL><LI><a href="#[66]">&gt;&gt;</a>&nbsp;&nbsp;&nbsp;dbg_c
</UL>
<BR>[Called By]<UL><LI><a href="#[35]">&gt;&gt;</a>&nbsp;&nbsp;&nbsp;main
<LI><a href="#[82]">&gt;&gt;</a>&nbsp;&nbsp;&nbsp;radio_task
<LI><a href="#[71]">&gt;&gt;</a>&nbsp;&nbsp;&nbsp;fatal_radio
<LI><a href="#[5e]">&gt;&gt;</a>&nbsp;&nbsp;&nbsp;debug_sensor_status
<LI><a href="#[5d]">&gt;&gt;</a>&nbsp;&nbsp;&nbsp;dbg_nrf
<LI><a href="#[55]">&gt;&gt;</a>&nbsp;&nbsp;&nbsp;build_response
</UL>

<P><STRONG><a name="[59]"></a>dbg_u32</STRONG> (Thumb, 74 bytes, Stack size 24 bytes, main.o(i.dbg_u32))
<BR><BR>[Stack]<UL><LI>Max Depth = 32<LI>Call Chain = dbg_u32 &rArr; dbg_c
</UL>
<BR>[Calls]<UL><LI><a href="#[66]">&gt;&gt;</a>&nbsp;&nbsp;&nbsp;dbg_c
</UL>
<BR>[Called By]<UL><LI><a href="#[35]">&gt;&gt;</a>&nbsp;&nbsp;&nbsp;main
<LI><a href="#[5e]">&gt;&gt;</a>&nbsp;&nbsp;&nbsp;debug_sensor_status
<LI><a href="#[55]">&gt;&gt;</a>&nbsp;&nbsp;&nbsp;build_response
</UL>

<P><STRONG><a name="[5e]"></a>debug_sensor_status</STRONG> (Thumb, 58 bytes, Stack size 8 bytes, main.o(i.debug_sensor_status))
<BR><BR>[Stack]<UL><LI>Max Depth = 40<LI>Call Chain = debug_sensor_status &rArr; dbg_u32 &rArr; dbg_c
</UL>
<BR>[Calls]<UL><LI><a href="#[6d]">&gt;&gt;</a>&nbsp;&nbsp;&nbsp;sensors_get_period
<LI><a href="#[6c]">&gt;&gt;</a>&nbsp;&nbsp;&nbsp;sensors_bmp_address
<LI><a href="#[6b]">&gt;&gt;</a>&nbsp;&nbsp;&nbsp;sensors_aht_address_ok
<LI><a href="#[59]">&gt;&gt;</a>&nbsp;&nbsp;&nbsp;dbg_u32
<LI><a href="#[58]">&gt;&gt;</a>&nbsp;&nbsp;&nbsp;dbg_s
<LI><a href="#[69]">&gt;&gt;</a>&nbsp;&nbsp;&nbsp;dbg_hex
</UL>
<BR>[Called By]<UL><LI><a href="#[35]">&gt;&gt;</a>&nbsp;&nbsp;&nbsp;main
<LI><a href="#[55]">&gt;&gt;</a>&nbsp;&nbsp;&nbsp;build_response
</UL>

<P><STRONG><a name="[6e]"></a>debug_uart_init</STRONG> (Thumb, 80 bytes, Stack size 24 bytes, main.o(i.debug_uart_init))
<BR><BR>[Stack]<UL><LI>Max Depth = 92<LI>Call Chain = debug_uart_init &rArr; USART_Init &rArr; RCC_GetClocksFreq
</UL>
<BR>[Calls]<UL><LI><a href="#[6f]">&gt;&gt;</a>&nbsp;&nbsp;&nbsp;USART_StructInit
<LI><a href="#[44]">&gt;&gt;</a>&nbsp;&nbsp;&nbsp;USART_Init
<LI><a href="#[70]">&gt;&gt;</a>&nbsp;&nbsp;&nbsp;USART_Cmd
<LI><a href="#[52]">&gt;&gt;</a>&nbsp;&nbsp;&nbsp;RCC_APB2PeriphClockCmd
<LI><a href="#[53]">&gt;&gt;</a>&nbsp;&nbsp;&nbsp;GPIO_Init
</UL>
<BR>[Called By]<UL><LI><a href="#[35]">&gt;&gt;</a>&nbsp;&nbsp;&nbsp;main
</UL>

<P><STRONG><a name="[71]"></a>fatal_radio</STRONG> (Thumb, 30 bytes, Stack size 0 bytes, main.o(i.fatal_radio))
<BR><BR>[Stack]<UL><LI>Max Depth = 16<LI>Call Chain = fatal_radio &rArr; dbg_s &rArr; dbg_c
</UL>
<BR>[Calls]<UL><LI><a href="#[57]">&gt;&gt;</a>&nbsp;&nbsp;&nbsp;millis
<LI><a href="#[5a]">&gt;&gt;</a>&nbsp;&nbsp;&nbsp;led_set
<LI><a href="#[58]">&gt;&gt;</a>&nbsp;&nbsp;&nbsp;dbg_s
</UL>
<BR>[Called By]<UL><LI><a href="#[35]">&gt;&gt;</a>&nbsp;&nbsp;&nbsp;main
</UL>

<P><STRONG><a name="[5a]"></a>led_set</STRONG> (Thumb, 46 bytes, Stack size 8 bytes, main.o(i.led_set))
<BR><BR>[Stack]<UL><LI>Max Depth = 8<LI>Call Chain = led_set
</UL>
<BR>[Calls]<UL><LI><a href="#[54]">&gt;&gt;</a>&nbsp;&nbsp;&nbsp;GPIO_SetBits
<LI><a href="#[61]">&gt;&gt;</a>&nbsp;&nbsp;&nbsp;GPIO_ResetBits
</UL>
<BR>[Called By]<UL><LI><a href="#[35]">&gt;&gt;</a>&nbsp;&nbsp;&nbsp;main
<LI><a href="#[71]">&gt;&gt;</a>&nbsp;&nbsp;&nbsp;fatal_radio
<LI><a href="#[55]">&gt;&gt;</a>&nbsp;&nbsp;&nbsp;build_response
</UL>

<P><STRONG><a name="[82]"></a>radio_task</STRONG> (Thumb, 224 bytes, Stack size 56 bytes, main.o(i.radio_task))
<BR><BR>[Stack]<UL><LI>Max Depth = 196<LI>Call Chain = radio_task &rArr; build_response &rArr; app_build_frame &rArr; app_crc16
</UL>
<BR>[Calls]<UL><LI><a href="#[80]">&gt;&gt;</a>&nbsp;&nbsp;&nbsp;nrf24_start_listening
<LI><a href="#[88]">&gt;&gt;</a>&nbsp;&nbsp;&nbsp;nrf24_send
<LI><a href="#[86]">&gt;&gt;</a>&nbsp;&nbsp;&nbsp;nrf24_receive
<LI><a href="#[49]">&gt;&gt;</a>&nbsp;&nbsp;&nbsp;app_validate_frame
<LI><a href="#[57]">&gt;&gt;</a>&nbsp;&nbsp;&nbsp;millis
<LI><a href="#[58]">&gt;&gt;</a>&nbsp;&nbsp;&nbsp;dbg_s
<LI><a href="#[55]">&gt;&gt;</a>&nbsp;&nbsp;&nbsp;build_response
</UL>
<BR>[Called By]<UL><LI><a href="#[35]">&gt;&gt;</a>&nbsp;&nbsp;&nbsp;main
</UL>

<P><STRONG><a name="[5f]"></a>ce_high</STRONG> (Thumb, 12 bytes, Stack size 8 bytes, nrf24.o(i.ce_high))
<BR><BR>[Stack]<UL><LI>Max Depth = 8<LI>Call Chain = ce_high
</UL>
<BR>[Calls]<UL><LI><a href="#[54]">&gt;&gt;</a>&nbsp;&nbsp;&nbsp;GPIO_SetBits
</UL>
<BR>[Called By]<UL><LI><a href="#[80]">&gt;&gt;</a>&nbsp;&nbsp;&nbsp;nrf24_start_listening
<LI><a href="#[88]">&gt;&gt;</a>&nbsp;&nbsp;&nbsp;nrf24_send
</UL>

<P><STRONG><a name="[60]"></a>ce_low</STRONG> (Thumb, 12 bytes, Stack size 8 bytes, nrf24.o(i.ce_low))
<BR><BR>[Stack]<UL><LI>Max Depth = 8<LI>Call Chain = ce_low
</UL>
<BR>[Calls]<UL><LI><a href="#[61]">&gt;&gt;</a>&nbsp;&nbsp;&nbsp;GPIO_ResetBits
</UL>
<BR>[Called By]<UL><LI><a href="#[80]">&gt;&gt;</a>&nbsp;&nbsp;&nbsp;nrf24_start_listening
<LI><a href="#[88]">&gt;&gt;</a>&nbsp;&nbsp;&nbsp;nrf24_send
<LI><a href="#[7d]">&gt;&gt;</a>&nbsp;&nbsp;&nbsp;nrf24_init
</UL>

<P><STRONG><a name="[62]"></a>command</STRONG> (Thumb, 24 bytes, Stack size 16 bytes, nrf24.o(i.command))
<BR><BR>[Stack]<UL><LI>Max Depth = 40<LI>Call Chain = command &rArr; spi_rw &rArr; spi_bit_delay
</UL>
<BR>[Calls]<UL><LI><a href="#[64]">&gt;&gt;</a>&nbsp;&nbsp;&nbsp;spi_rw
<LI><a href="#[63]">&gt;&gt;</a>&nbsp;&nbsp;&nbsp;csn_low
<LI><a href="#[65]">&gt;&gt;</a>&nbsp;&nbsp;&nbsp;csn_high
</UL>
<BR>[Called By]<UL><LI><a href="#[88]">&gt;&gt;</a>&nbsp;&nbsp;&nbsp;nrf24_send
<LI><a href="#[7e]">&gt;&gt;</a>&nbsp;&nbsp;&nbsp;nrf24_is_present
<LI><a href="#[7d]">&gt;&gt;</a>&nbsp;&nbsp;&nbsp;nrf24_init
</UL>

<P><STRONG><a name="[65]"></a>csn_high</STRONG> (Thumb, 12 bytes, Stack size 8 bytes, nrf24.o(i.csn_high))
<BR><BR>[Stack]<UL><LI>Max Depth = 8<LI>Call Chain = csn_high
</UL>
<BR>[Calls]<UL><LI><a href="#[54]">&gt;&gt;</a>&nbsp;&nbsp;&nbsp;GPIO_SetBits
</UL>
<BR>[Called By]<UL><LI><a href="#[7d]">&gt;&gt;</a>&nbsp;&nbsp;&nbsp;nrf24_init
<LI><a href="#[84]">&gt;&gt;</a>&nbsp;&nbsp;&nbsp;write_reg
<LI><a href="#[89]">&gt;&gt;</a>&nbsp;&nbsp;&nbsp;write_buf
<LI><a href="#[85]">&gt;&gt;</a>&nbsp;&nbsp;&nbsp;read_reg
<LI><a href="#[87]">&gt;&gt;</a>&nbsp;&nbsp;&nbsp;read_buf
<LI><a href="#[62]">&gt;&gt;</a>&nbsp;&nbsp;&nbsp;command
</UL>

<P><STRONG><a name="[63]"></a>csn_low</STRONG> (Thumb, 12 bytes, Stack size 8 bytes, nrf24.o(i.csn_low))
<BR><BR>[Stack]<UL><LI>Max Depth = 8<LI>Call Chain = csn_low
</UL>
<BR>[Calls]<UL><LI><a href="#[61]">&gt;&gt;</a>&nbsp;&nbsp;&nbsp;GPIO_ResetBits
</UL>
<BR>[Called By]<UL><LI><a href="#[84]">&gt;&gt;</a>&nbsp;&nbsp;&nbsp;write_reg
<LI><a href="#[89]">&gt;&gt;</a>&nbsp;&nbsp;&nbsp;write_buf
<LI><a href="#[85]">&gt;&gt;</a>&nbsp;&nbsp;&nbsp;read_reg
<LI><a href="#[87]">&gt;&gt;</a>&nbsp;&nbsp;&nbsp;read_buf
<LI><a href="#[62]">&gt;&gt;</a>&nbsp;&nbsp;&nbsp;command
</UL>

<P><STRONG><a name="[8a]"></a>delay_us</STRONG> (Thumb, 36 bytes, Stack size 8 bytes, nrf24.o(i.delay_us))
<BR><BR>[Stack]<UL><LI>Max Depth = 8<LI>Call Chain = delay_us
</UL>
<BR>[Called By]<UL><LI><a href="#[80]">&gt;&gt;</a>&nbsp;&nbsp;&nbsp;nrf24_start_listening
<LI><a href="#[88]">&gt;&gt;</a>&nbsp;&nbsp;&nbsp;nrf24_send
</UL>

<P><STRONG><a name="[87]"></a>read_buf</STRONG> (Thumb, 46 bytes, Stack size 16 bytes, nrf24.o(i.read_buf))
<BR><BR>[Stack]<UL><LI>Max Depth = 40<LI>Call Chain = read_buf &rArr; spi_rw &rArr; spi_bit_delay
</UL>
<BR>[Calls]<UL><LI><a href="#[64]">&gt;&gt;</a>&nbsp;&nbsp;&nbsp;spi_rw
<LI><a href="#[63]">&gt;&gt;</a>&nbsp;&nbsp;&nbsp;csn_low
<LI><a href="#[65]">&gt;&gt;</a>&nbsp;&nbsp;&nbsp;csn_high
</UL>
<BR>[Called By]<UL><LI><a href="#[86]">&gt;&gt;</a>&nbsp;&nbsp;&nbsp;nrf24_receive
</UL>

<P><STRONG><a name="[85]"></a>read_reg</STRONG> (Thumb, 32 bytes, Stack size 16 bytes, nrf24.o(i.read_reg))
<BR><BR>[Stack]<UL><LI>Max Depth = 40<LI>Call Chain = read_reg &rArr; spi_rw &rArr; spi_bit_delay
</UL>
<BR>[Calls]<UL><LI><a href="#[64]">&gt;&gt;</a>&nbsp;&nbsp;&nbsp;spi_rw
<LI><a href="#[63]">&gt;&gt;</a>&nbsp;&nbsp;&nbsp;csn_low
<LI><a href="#[65]">&gt;&gt;</a>&nbsp;&nbsp;&nbsp;csn_high
</UL>
<BR>[Called By]<UL><LI><a href="#[88]">&gt;&gt;</a>&nbsp;&nbsp;&nbsp;nrf24_send
<LI><a href="#[86]">&gt;&gt;</a>&nbsp;&nbsp;&nbsp;nrf24_receive
<LI><a href="#[6a]">&gt;&gt;</a>&nbsp;&nbsp;&nbsp;nrf24_read_register
<LI><a href="#[7e]">&gt;&gt;</a>&nbsp;&nbsp;&nbsp;nrf24_is_present
</UL>

<P><STRONG><a name="[8e]"></a>spi_bit_delay</STRONG> (Thumb, 30 bytes, Stack size 8 bytes, nrf24.o(i.spi_bit_delay))
<BR><BR>[Stack]<UL><LI>Max Depth = 8<LI>Call Chain = spi_bit_delay
</UL>
<BR>[Called By]<UL><LI><a href="#[64]">&gt;&gt;</a>&nbsp;&nbsp;&nbsp;spi_rw
</UL>

<P><STRONG><a name="[64]"></a>spi_rw</STRONG> (Thumb, 90 bytes, Stack size 16 bytes, nrf24.o(i.spi_rw))
<BR><BR>[Stack]<UL><LI>Max Depth = 24<LI>Call Chain = spi_rw &rArr; spi_bit_delay
</UL>
<BR>[Calls]<UL><LI><a href="#[54]">&gt;&gt;</a>&nbsp;&nbsp;&nbsp;GPIO_SetBits
<LI><a href="#[61]">&gt;&gt;</a>&nbsp;&nbsp;&nbsp;GPIO_ResetBits
<LI><a href="#[8c]">&gt;&gt;</a>&nbsp;&nbsp;&nbsp;GPIO_ReadInputDataBit
<LI><a href="#[8e]">&gt;&gt;</a>&nbsp;&nbsp;&nbsp;spi_bit_delay
</UL>
<BR>[Called By]<UL><LI><a href="#[84]">&gt;&gt;</a>&nbsp;&nbsp;&nbsp;write_reg
<LI><a href="#[89]">&gt;&gt;</a>&nbsp;&nbsp;&nbsp;write_buf
<LI><a href="#[85]">&gt;&gt;</a>&nbsp;&nbsp;&nbsp;read_reg
<LI><a href="#[87]">&gt;&gt;</a>&nbsp;&nbsp;&nbsp;read_buf
<LI><a href="#[62]">&gt;&gt;</a>&nbsp;&nbsp;&nbsp;command
</UL>

<P><STRONG><a name="[89]"></a>write_buf</STRONG> (Thumb, 44 bytes, Stack size 16 bytes, nrf24.o(i.write_buf))
<BR><BR>[Stack]<UL><LI>Max Depth = 40<LI>Call Chain = write_buf &rArr; spi_rw &rArr; spi_bit_delay
</UL>
<BR>[Calls]<UL><LI><a href="#[64]">&gt;&gt;</a>&nbsp;&nbsp;&nbsp;spi_rw
<LI><a href="#[63]">&gt;&gt;</a>&nbsp;&nbsp;&nbsp;csn_low
<LI><a href="#[65]">&gt;&gt;</a>&nbsp;&nbsp;&nbsp;csn_high
</UL>
<BR>[Called By]<UL><LI><a href="#[80]">&gt;&gt;</a>&nbsp;&nbsp;&nbsp;nrf24_start_listening
<LI><a href="#[88]">&gt;&gt;</a>&nbsp;&nbsp;&nbsp;nrf24_send
</UL>

<P><STRONG><a name="[84]"></a>write_reg</STRONG> (Thumb, 34 bytes, Stack size 16 bytes, nrf24.o(i.write_reg))
<BR><BR>[Stack]<UL><LI>Max Depth = 40<LI>Call Chain = write_reg &rArr; spi_rw &rArr; spi_bit_delay
</UL>
<BR>[Calls]<UL><LI><a href="#[64]">&gt;&gt;</a>&nbsp;&nbsp;&nbsp;spi_rw
<LI><a href="#[63]">&gt;&gt;</a>&nbsp;&nbsp;&nbsp;csn_low
<LI><a href="#[65]">&gt;&gt;</a>&nbsp;&nbsp;&nbsp;csn_high
</UL>
<BR>[Called By]<UL><LI><a href="#[80]">&gt;&gt;</a>&nbsp;&nbsp;&nbsp;nrf24_start_listening
<LI><a href="#[88]">&gt;&gt;</a>&nbsp;&nbsp;&nbsp;nrf24_send
<LI><a href="#[86]">&gt;&gt;</a>&nbsp;&nbsp;&nbsp;nrf24_receive
<LI><a href="#[7e]">&gt;&gt;</a>&nbsp;&nbsp;&nbsp;nrf24_is_present
<LI><a href="#[7d]">&gt;&gt;</a>&nbsp;&nbsp;&nbsp;nrf24_init
<LI><a href="#[83]">&gt;&gt;</a>&nbsp;&nbsp;&nbsp;nrf24_clear_irqs
</UL>

<P><STRONG><a name="[8b]"></a>delay_i2c</STRONG> (Thumb, 30 bytes, Stack size 8 bytes, i2c_bus.o(i.delay_i2c))
<BR><BR>[Stack]<UL><LI>Max Depth = 8<LI>Call Chain = delay_i2c
</UL>
<BR>[Called By]<UL><LI><a href="#[74]">&gt;&gt;</a>&nbsp;&nbsp;&nbsp;sda
<LI><a href="#[75]">&gt;&gt;</a>&nbsp;&nbsp;&nbsp;scl
</UL>

<P><STRONG><a name="[7b]"></a>read_byte</STRONG> (Thumb, 86 bytes, Stack size 16 bytes, i2c_bus.o(i.read_byte))
<BR><BR>[Stack]<UL><LI>Max Depth = 32<LI>Call Chain = read_byte &rArr; sda &rArr; delay_i2c
</UL>
<BR>[Calls]<UL><LI><a href="#[76]">&gt;&gt;</a>&nbsp;&nbsp;&nbsp;sda_read
<LI><a href="#[74]">&gt;&gt;</a>&nbsp;&nbsp;&nbsp;sda
<LI><a href="#[75]">&gt;&gt;</a>&nbsp;&nbsp;&nbsp;scl
</UL>
<BR>[Called By]<UL><LI><a href="#[4b]">&gt;&gt;</a>&nbsp;&nbsp;&nbsp;i2c_read_regs
<LI><a href="#[78]">&gt;&gt;</a>&nbsp;&nbsp;&nbsp;i2c_read
</UL>

<P><STRONG><a name="[75]"></a>scl</STRONG> (Thumb, 30 bytes, Stack size 8 bytes, i2c_bus.o(i.scl))
<BR><BR>[Stack]<UL><LI>Max Depth = 16<LI>Call Chain = scl &rArr; delay_i2c
</UL>
<BR>[Calls]<UL><LI><a href="#[54]">&gt;&gt;</a>&nbsp;&nbsp;&nbsp;GPIO_SetBits
<LI><a href="#[61]">&gt;&gt;</a>&nbsp;&nbsp;&nbsp;GPIO_ResetBits
<LI><a href="#[8b]">&gt;&gt;</a>&nbsp;&nbsp;&nbsp;delay_i2c
</UL>
<BR>[Called By]<UL><LI><a href="#[73]">&gt;&gt;</a>&nbsp;&nbsp;&nbsp;i2c_bus_recover
<LI><a href="#[7a]">&gt;&gt;</a>&nbsp;&nbsp;&nbsp;write_byte
<LI><a href="#[77]">&gt;&gt;</a>&nbsp;&nbsp;&nbsp;stop_condition
<LI><a href="#[79]">&gt;&gt;</a>&nbsp;&nbsp;&nbsp;start_condition
<LI><a href="#[7b]">&gt;&gt;</a>&nbsp;&nbsp;&nbsp;read_byte
</UL>

<P><STRONG><a name="[74]"></a>sda</STRONG> (Thumb, 30 bytes, Stack size 8 bytes, i2c_bus.o(i.sda))
<BR><BR>[Stack]<UL><LI>Max Depth = 16<LI>Call Chain = sda &rArr; delay_i2c
</UL>
<BR>[Calls]<UL><LI><a href="#[54]">&gt;&gt;</a>&nbsp;&nbsp;&nbsp;GPIO_SetBits
<LI><a href="#[61]">&gt;&gt;</a>&nbsp;&nbsp;&nbsp;GPIO_ResetBits
<LI><a href="#[8b]">&gt;&gt;</a>&nbsp;&nbsp;&nbsp;delay_i2c
</UL>
<BR>[Called By]<UL><LI><a href="#[73]">&gt;&gt;</a>&nbsp;&nbsp;&nbsp;i2c_bus_recover
<LI><a href="#[7a]">&gt;&gt;</a>&nbsp;&nbsp;&nbsp;write_byte
<LI><a href="#[77]">&gt;&gt;</a>&nbsp;&nbsp;&nbsp;stop_condition
<LI><a href="#[79]">&gt;&gt;</a>&nbsp;&nbsp;&nbsp;start_condition
<LI><a href="#[7b]">&gt;&gt;</a>&nbsp;&nbsp;&nbsp;read_byte
</UL>

<P><STRONG><a name="[76]"></a>sda_read</STRONG> (Thumb, 20 bytes, Stack size 8 bytes, i2c_bus.o(i.sda_read))
<BR><BR>[Stack]<UL><LI>Max Depth = 8<LI>Call Chain = sda_read
</UL>
<BR>[Calls]<UL><LI><a href="#[8c]">&gt;&gt;</a>&nbsp;&nbsp;&nbsp;GPIO_ReadInputDataBit
</UL>
<BR>[Called By]<UL><LI><a href="#[73]">&gt;&gt;</a>&nbsp;&nbsp;&nbsp;i2c_bus_recover
<LI><a href="#[7a]">&gt;&gt;</a>&nbsp;&nbsp;&nbsp;write_byte
<LI><a href="#[7b]">&gt;&gt;</a>&nbsp;&nbsp;&nbsp;read_byte
</UL>

<P><STRONG><a name="[79]"></a>start_condition</STRONG> (Thumb, 28 bytes, Stack size 8 bytes, i2c_bus.o(i.start_condition))
<BR><BR>[Stack]<UL><LI>Max Depth = 24<LI>Call Chain = start_condition &rArr; sda &rArr; delay_i2c
</UL>
<BR>[Calls]<UL><LI><a href="#[74]">&gt;&gt;</a>&nbsp;&nbsp;&nbsp;sda
<LI><a href="#[75]">&gt;&gt;</a>&nbsp;&nbsp;&nbsp;scl
</UL>
<BR>[Called By]<UL><LI><a href="#[7c]">&gt;&gt;</a>&nbsp;&nbsp;&nbsp;i2c_write
<LI><a href="#[4b]">&gt;&gt;</a>&nbsp;&nbsp;&nbsp;i2c_read_regs
<LI><a href="#[78]">&gt;&gt;</a>&nbsp;&nbsp;&nbsp;i2c_read
</UL>

<P><STRONG><a name="[77]"></a>stop_condition</STRONG> (Thumb, 22 bytes, Stack size 8 bytes, i2c_bus.o(i.stop_condition))
<BR><BR>[Stack]<UL><LI>Max Depth = 24<LI>Call Chain = stop_condition &rArr; sda &rArr; delay_i2c
</UL>
<BR>[Calls]<UL><LI><a href="#[74]">&gt;&gt;</a>&nbsp;&nbsp;&nbsp;sda
<LI><a href="#[75]">&gt;&gt;</a>&nbsp;&nbsp;&nbsp;scl
</UL>
<BR>[Called By]<UL><LI><a href="#[7c]">&gt;&gt;</a>&nbsp;&nbsp;&nbsp;i2c_write
<LI><a href="#[4b]">&gt;&gt;</a>&nbsp;&nbsp;&nbsp;i2c_read_regs
<LI><a href="#[78]">&gt;&gt;</a>&nbsp;&nbsp;&nbsp;i2c_read
<LI><a href="#[73]">&gt;&gt;</a>&nbsp;&nbsp;&nbsp;i2c_bus_recover
</UL>

<P><STRONG><a name="[7a]"></a>write_byte</STRONG> (Thumb, 76 bytes, Stack size 16 bytes, i2c_bus.o(i.write_byte))
<BR><BR>[Stack]<UL><LI>Max Depth = 32<LI>Call Chain = write_byte &rArr; sda &rArr; delay_i2c
</UL>
<BR>[Calls]<UL><LI><a href="#[76]">&gt;&gt;</a>&nbsp;&nbsp;&nbsp;sda_read
<LI><a href="#[74]">&gt;&gt;</a>&nbsp;&nbsp;&nbsp;sda
<LI><a href="#[75]">&gt;&gt;</a>&nbsp;&nbsp;&nbsp;scl
</UL>
<BR>[Called By]<UL><LI><a href="#[7c]">&gt;&gt;</a>&nbsp;&nbsp;&nbsp;i2c_write
<LI><a href="#[4b]">&gt;&gt;</a>&nbsp;&nbsp;&nbsp;i2c_read_regs
<LI><a href="#[78]">&gt;&gt;</a>&nbsp;&nbsp;&nbsp;i2c_read
</UL>

<P><STRONG><a name="[8d]"></a>aht_crc8</STRONG> (Thumb, 62 bytes, Stack size 12 bytes, sensor.o(i.aht_crc8))
<BR><BR>[Stack]<UL><LI>Max Depth = 12<LI>Call Chain = aht_crc8
</UL>
<BR>[Called By]<UL><LI><a href="#[81]">&gt;&gt;</a>&nbsp;&nbsp;&nbsp;sensors_task
</UL>

<P><STRONG><a name="[4a]"></a>bmp_init_at</STRONG> (Thumb, 214 bytes, Stack size 40 bytes, sensor.o(i.bmp_init_at))
<BR><BR>[Stack]<UL><LI>Max Depth = 112<LI>Call Chain = bmp_init_at &rArr; i2c_write_reg &rArr; i2c_write &rArr; write_byte &rArr; sda &rArr; delay_i2c
</UL>
<BR>[Calls]<UL><LI><a href="#[4c]">&gt;&gt;</a>&nbsp;&nbsp;&nbsp;u16le
<LI><a href="#[4d]">&gt;&gt;</a>&nbsp;&nbsp;&nbsp;s16le
<LI><a href="#[4e]">&gt;&gt;</a>&nbsp;&nbsp;&nbsp;i2c_write_reg
<LI><a href="#[4b]">&gt;&gt;</a>&nbsp;&nbsp;&nbsp;i2c_read_regs
</UL>
<BR>[Called By]<UL><LI><a href="#[7f]">&gt;&gt;</a>&nbsp;&nbsp;&nbsp;sensors_init
</UL>

<P><STRONG><a name="[4f]"></a>bmp_sample</STRONG> (Thumb, 618 bytes, Stack size 80 bytes, sensor.o(i.bmp_sample))
<BR><BR>[Stack]<UL><LI>Max Depth = 144<LI>Call Chain = bmp_sample &rArr; __aeabi_ldivmod &rArr; __aeabi_uldivmod
</UL>
<BR>[Calls]<UL><LI><a href="#[3d]">&gt;&gt;</a>&nbsp;&nbsp;&nbsp;__aeabi_ldivmod
<LI><a href="#[4b]">&gt;&gt;</a>&nbsp;&nbsp;&nbsp;i2c_read_regs
</UL>
<BR>[Called By]<UL><LI><a href="#[81]">&gt;&gt;</a>&nbsp;&nbsp;&nbsp;sensors_task
</UL>

<P><STRONG><a name="[4d]"></a>s16le</STRONG> (Thumb, 14 bytes, Stack size 8 bytes, sensor.o(i.s16le))
<BR><BR>[Stack]<UL><LI>Max Depth = 8<LI>Call Chain = s16le
</UL>
<BR>[Calls]<UL><LI><a href="#[4c]">&gt;&gt;</a>&nbsp;&nbsp;&nbsp;u16le
</UL>
<BR>[Called By]<UL><LI><a href="#[4a]">&gt;&gt;</a>&nbsp;&nbsp;&nbsp;bmp_init_at
</UL>

<P><STRONG><a name="[4c]"></a>u16le</STRONG> (Thumb, 12 bytes, Stack size 0 bytes, sensor.o(i.u16le))
<BR><BR>[Called By]<UL><LI><a href="#[4d]">&gt;&gt;</a>&nbsp;&nbsp;&nbsp;s16le
<LI><a href="#[4a]">&gt;&gt;</a>&nbsp;&nbsp;&nbsp;bmp_init_at
</UL>

<P><STRONG><a name="[42]"></a>SetSysClock</STRONG> (Thumb, 8 bytes, Stack size 8 bytes, system_stm32f10x.o(i.SetSysClock))
<BR><BR>[Stack]<UL><LI>Max Depth = 20<LI>Call Chain = SetSysClock &rArr; SetSysClockTo72
</UL>
<BR>[Calls]<UL><LI><a href="#[43]">&gt;&gt;</a>&nbsp;&nbsp;&nbsp;SetSysClockTo72
</UL>
<BR>[Called By]<UL><LI><a href="#[36]">&gt;&gt;</a>&nbsp;&nbsp;&nbsp;SystemInit
</UL>

<P><STRONG><a name="[43]"></a>SetSysClockTo72</STRONG> (Thumb, 214 bytes, Stack size 12 bytes, system_stm32f10x.o(i.SetSysClockTo72))
<BR><BR>[Stack]<UL><LI>Max Depth = 12<LI>Call Chain = SetSysClockTo72
</UL>
<BR>[Called By]<UL><LI><a href="#[42]">&gt;&gt;</a>&nbsp;&nbsp;&nbsp;SetSysClock
</UL>
<P>
<H3>
Undefined Global Symbols
</H3><HR></body></html>
